Archive member included to satisfy reference by file (symbol)

c:/vscode_tool_chain/gcc/12.2 mpacbti-rel1/bin/../lib/gcc/arm-none-eabi/12.2.1/thumb/v7-m/nofp\libc_nano.a(libc_a-exit.o)
                              c:/vscode_tool_chain/gcc/12.2 mpacbti-rel1/bin/../lib/gcc/arm-none-eabi/12.2.1/thumb/v7-m/nofp/crt0.o (exit)
c:/vscode_tool_chain/gcc/12.2 mpacbti-rel1/bin/../lib/gcc/arm-none-eabi/12.2.1/thumb/v7-m/nofp\libc_nano.a(libc_a-findfp.o)
                              c:/vscode_tool_chain/gcc/12.2 mpacbti-rel1/bin/../lib/gcc/arm-none-eabi/12.2.1/thumb/v7-m/nofp\libc_nano.a(libc_a-exit.o) (__stdio_exit_handler)
c:/vscode_tool_chain/gcc/12.2 mpacbti-rel1/bin/../lib/gcc/arm-none-eabi/12.2.1/thumb/v7-m/nofp\libc_nano.a(libc_a-fwalk.o)
                              c:/vscode_tool_chain/gcc/12.2 mpacbti-rel1/bin/../lib/gcc/arm-none-eabi/12.2.1/thumb/v7-m/nofp\libc_nano.a(libc_a-findfp.o) (_fwalk_sglue)
c:/vscode_tool_chain/gcc/12.2 mpacbti-rel1/bin/../lib/gcc/arm-none-eabi/12.2.1/thumb/v7-m/nofp\libc_nano.a(libc_a-stdio.o)
                              c:/vscode_tool_chain/gcc/12.2 mpacbti-rel1/bin/../lib/gcc/arm-none-eabi/12.2.1/thumb/v7-m/nofp\libc_nano.a(libc_a-findfp.o) (__sread)
c:/vscode_tool_chain/gcc/12.2 mpacbti-rel1/bin/../lib/gcc/arm-none-eabi/12.2.1/thumb/v7-m/nofp\libc_nano.a(libc_a-memset.o)
                              c:/vscode_tool_chain/gcc/12.2 mpacbti-rel1/bin/../lib/gcc/arm-none-eabi/12.2.1/thumb/v7-m/nofp/crt0.o (memset)
c:/vscode_tool_chain/gcc/12.2 mpacbti-rel1/bin/../lib/gcc/arm-none-eabi/12.2.1/thumb/v7-m/nofp\libc_nano.a(libc_a-closer.o)
                              c:/vscode_tool_chain/gcc/12.2 mpacbti-rel1/bin/../lib/gcc/arm-none-eabi/12.2.1/thumb/v7-m/nofp\libc_nano.a(libc_a-stdio.o) (_close_r)
c:/vscode_tool_chain/gcc/12.2 mpacbti-rel1/bin/../lib/gcc/arm-none-eabi/12.2.1/thumb/v7-m/nofp\libc_nano.a(libc_a-reent.o)
                              c:/vscode_tool_chain/gcc/12.2 mpacbti-rel1/bin/../lib/gcc/arm-none-eabi/12.2.1/thumb/v7-m/nofp\libc_nano.a(libc_a-closer.o) (errno)
c:/vscode_tool_chain/gcc/12.2 mpacbti-rel1/bin/../lib/gcc/arm-none-eabi/12.2.1/thumb/v7-m/nofp\libc_nano.a(libc_a-impure.o)
                              c:/vscode_tool_chain/gcc/12.2 mpacbti-rel1/bin/../lib/gcc/arm-none-eabi/12.2.1/thumb/v7-m/nofp\libc_nano.a(libc_a-reent.o) (_impure_ptr)
c:/vscode_tool_chain/gcc/12.2 mpacbti-rel1/bin/../lib/gcc/arm-none-eabi/12.2.1/thumb/v7-m/nofp\libc_nano.a(libc_a-lseekr.o)
                              c:/vscode_tool_chain/gcc/12.2 mpacbti-rel1/bin/../lib/gcc/arm-none-eabi/12.2.1/thumb/v7-m/nofp\libc_nano.a(libc_a-stdio.o) (_lseek_r)
c:/vscode_tool_chain/gcc/12.2 mpacbti-rel1/bin/../lib/gcc/arm-none-eabi/12.2.1/thumb/v7-m/nofp\libc_nano.a(libc_a-readr.o)
                              c:/vscode_tool_chain/gcc/12.2 mpacbti-rel1/bin/../lib/gcc/arm-none-eabi/12.2.1/thumb/v7-m/nofp\libc_nano.a(libc_a-stdio.o) (_read_r)
c:/vscode_tool_chain/gcc/12.2 mpacbti-rel1/bin/../lib/gcc/arm-none-eabi/12.2.1/thumb/v7-m/nofp\libc_nano.a(libc_a-writer.o)
                              c:/vscode_tool_chain/gcc/12.2 mpacbti-rel1/bin/../lib/gcc/arm-none-eabi/12.2.1/thumb/v7-m/nofp\libc_nano.a(libc_a-stdio.o) (_write_r)
c:/vscode_tool_chain/gcc/12.2 mpacbti-rel1/bin/../lib/gcc/arm-none-eabi/12.2.1/thumb/v7-m/nofp\libc_nano.a(libc_a-errno.o)
                              build/usart.o (__errno)
c:/vscode_tool_chain/gcc/12.2 mpacbti-rel1/bin/../lib/gcc/arm-none-eabi/12.2.1/thumb/v7-m/nofp\libc_nano.a(libc_a-init.o)
                              c:/vscode_tool_chain/gcc/12.2 mpacbti-rel1/bin/../lib/gcc/arm-none-eabi/12.2.1/thumb/v7-m/nofp/crt0.o (__libc_init_array)
c:/vscode_tool_chain/gcc/12.2 mpacbti-rel1/bin/../lib/gcc/arm-none-eabi/12.2.1/thumb/v7-m/nofp\libc_nano.a(libc_a-lock.o)
                              c:/vscode_tool_chain/gcc/12.2 mpacbti-rel1/bin/../lib/gcc/arm-none-eabi/12.2.1/thumb/v7-m/nofp\libc_nano.a(libc_a-findfp.o) (__retarget_lock_init_recursive)
c:/vscode_tool_chain/gcc/12.2 mpacbti-rel1/bin/../lib/gcc/arm-none-eabi/12.2.1/thumb/v7-m/nofp\libc_nano.a(libc_a-memcpy-stub.o)
                              build/queue.o (memcpy)
c:/vscode_tool_chain/gcc/12.2 mpacbti-rel1/bin/../lib/gcc/arm-none-eabi/12.2.1/thumb/v7-m/nofp\libc_nano.a(libc_a-freer.o)
                              c:/vscode_tool_chain/gcc/12.2 mpacbti-rel1/bin/../lib/gcc/arm-none-eabi/12.2.1/thumb/v7-m/nofp\libc_nano.a(libc_a-reent.o) (_free_r)
c:/vscode_tool_chain/gcc/12.2 mpacbti-rel1/bin/../lib/gcc/arm-none-eabi/12.2.1/thumb/v7-m/nofp\libc_nano.a(libc_a-mallocr.o)
                              c:/vscode_tool_chain/gcc/12.2 mpacbti-rel1/bin/../lib/gcc/arm-none-eabi/12.2.1/thumb/v7-m/nofp\libc_nano.a(libc_a-findfp.o) (_malloc_r)
c:/vscode_tool_chain/gcc/12.2 mpacbti-rel1/bin/../lib/gcc/arm-none-eabi/12.2.1/thumb/v7-m/nofp\libc_nano.a(libc_a-mlock.o)
[...]
Memory Configuration

Name             Origin             Length             Attributes
RAM              0x20000000         0x00010000         xrw
FLASH            0x08000000         0x00080000         xr
*default*        0x00000000         0xffffffff

Linker script and memory map

LOAD c:/vscode_tool_chain/gcc/12.2 mpacbti-rel1/bin/../lib/gcc/arm-none-eabi/12.2.1/thumb/v7-m/nofp/crti.o
LOAD c:/vscode_tool_chain/gcc/12.2 mpacbti-rel1/bin/../lib/gcc/arm-none-eabi/12.2.1/thumb/v7-m/nofp/crtbegin.o
LOAD c:/vscode_tool_chain/gcc/12.2 mpacbti-rel1/bin/../lib/gcc/arm-none-eabi/12.2.1/thumb/v7-m/nofp/crt0.o
LOAD build/core_cm3.o
LOAD build/system_stm32f10x.o
LOAD build/misc.o
LOAD build/stm32f10x_adc.o
LOAD build/stm32f10x_bkp.o
LOAD build/stm32f10x_can.o
LOAD build/stm32f10x_cec.o
LOAD build/stm32f10x_crc.o
LOAD build/stm32f10x_dac.o
LOAD build/stm32f10x_dbgmcu.o
LOAD build/stm32f10x_dma.o
LOAD build/stm32f10x_exti.o
LOAD build/stm32f10x_flash.o
LOAD build/stm32f10x_fsmc.o
LOAD build/stm32f10x_gpio.o
LOAD build/stm32f10x_i2c.o
LOAD build/stm32f10x_iwdg.o
LOAD build/stm32f10x_pwr.o
LOAD build/stm32f10x_rcc.o
LOAD build/stm32f10x_rtc.o
LOAD build/stm32f10x_sdio.o
LOAD build/stm32f10x_spi.o
LOAD build/stm32f10x_tim.o
LOAD build/stm32f10x_usart.o
LOAD build/stm32f10x_wwdg.o
LOAD build/main.o
LOAD build/stm32f10x_it.o
LOAD build/led.o
LOAD build/croutine.o
LOAD build/event_groups.o
LOAD build/list.o
LOAD build/queue.o
LOAD build/stream_buffer.o
LOAD build/tasks.o
LOAD build/timers.o
LOAD build/port.o
LOAD build/heap_4.o
LOAD build/delay.o
LOAD build/sys.o
LOAD build/usart.o
LOAD build/startup_stm32f10x_hd.o
START GROUP
LOAD c:/vscode_tool_chain/gcc/12.2 mpacbti-rel1/bin/../lib/gcc/arm-none-eabi/12.2.1/thumb/v7-m/nofp\libgcc.a
LOAD c:/vscode_tool_chain/gcc/12.2 mpacbti-rel1/bin/../lib/gcc/arm-none-eabi/12.2.1/thumb/v7-m/nofp\libc_nano.a
END GROUP
START GROUP
LOAD c:/vscode_tool_chain/gcc/12.2 mpacbti-rel1/bin/../lib/gcc/arm-none-eabi/12.2.1/thumb/v7-m/nofp\libgcc.a
LOAD c:/vscode_tool_chain/gcc/12.2 mpacbti-rel1/bin/../lib/gcc/arm-none-eabi/12.2.1/thumb/v7-m/nofp\libc_nano.a
LOAD c:/vscode_tool_chain/gcc/12.2 mpacbti-rel1/bin/../lib/gcc/arm-none-eabi/12.2.1/thumb/v7-m/nofp\libnosys.a
END GROUP
START GROUP
LOAD c:/vscode_tool_chain/gcc/12.2 mpacbti-rel1/bin/../lib/gcc/arm-none-eabi/12.2.1/thumb/v7-m/nofp\libgcc.a
LOAD c:/vscode_tool_chain/gcc/12.2 mpacbti-rel1/bin/../lib/gcc/arm-none-eabi/12.2.1/thumb/v7-m/nofp\libc_nano.a
LOAD c:/vscode_tool_chain/gcc/12.2 mpacbti-rel1/bin/../lib/gcc/arm-none-eabi/12.2.1/thumb/v7-m/nofp\libnosys.a
END GROUP
LOAD c:/vscode_tool_chain/gcc/12.2 mpacbti-rel1/bin/../lib/gcc/arm-none-eabi/12.2.1/thumb/v7-m/nofp/crtend.o
LOAD c:/vscode_tool_chain/gcc/12.2 mpacbti-rel1/bin/../lib/gcc/arm-none-eabi/12.2.1/thumb/v7-m/nofp/crtn.o
                0x20010000                        _estack = (ORIGIN (RAM) + LENGTH (RAM))
                0x00000200                        _Min_Heap_Size = 0x200
                0x00000400                        _Min_Stack_Size = 0x400

.isr_vector     0x08000000      0x1e4
                0x08000000                        . = ALIGN (0x4)
 *(.isr_vector)
 .isr_vector    0x08000000      0x1e4 build/startup_stm32f10x_hd.o
                0x08000000                g_pfnVectors
                0x080001e4                        . = ALIGN (0x4)

.text           0x080001f0     0x1a24
                0x080001f0                        . = ALIGN (0x4)
 *(.text)
 *(.text*)
 .text.deregister_tm_clones
                0x080001f0       0x1c c:/vscode_tool_chain/gcc/12.2 mpacbti-rel1/bin/../lib/gcc/arm-none-eabi/12.2.1/thumb/v7-m/nofp/crtbegin.o
 .text.register_tm_clones
                0x0800020c       0x24 c:/vscode_tool_chain/gcc/12.2 mpacbti-rel1/bin/../lib/gcc/arm-none-eabi/12.2.1/thumb/v7-m/nofp/crtbegin.o
 .text.__do_global_dtors_aux
                0x08000230       0x28 c:/vscode_tool_chain/gcc/12.2 mpacbti-rel1/bin/../lib/gcc/arm-none-eabi/12.2.1/thumb/v7-m/nofp/crtbegin.o
 .text.frame_dummy
                0x08000258       0x24 c:/vscode_tool_chain/gcc/12.2 mpacbti-rel1/bin/../lib/gcc/arm-none-eabi/12.2.1/thumb/v7-m/nofp/crtbegin.o
 .text.SetSysClockTo72
                0x0800027c       0xc4 build/system_stm32f10x.o
 .text.SetSysClock
                0x08000340        0x8 build/system_stm32f10x.o
 .text.SystemInit
                0x08000348       0x50 build/system_stm32f10x.o
                0x08000348                SystemInit
 .text.NVIC_PriorityGroupConfig
                0x08000398       0x14 build/misc.o
                0x08000398                NVIC_PriorityGroupConfig
 .text.NVIC_Init
                0x080003ac       0x60 build/misc.o
                0x080003ac                NVIC_Init
 .text.SysTick_CLKSourceConfig
                0x0800040c       0x20 build/misc.o
                0x0800040c                SysTick_CLKSourceConfig
 .text.GPIO_Init
                0x0800042c       0xb0 build/stm32f10x_gpio.o
                0x0800042c                GPIO_Init
 .text.GPIO_SetBits
                0x080004dc        0x4 build/stm32f10x_gpio.o
                0x080004dc                GPIO_SetBits
 .text.RCC_GetClocksFreq
                0x080004e0       0xbc build/stm32f10x_rcc.o
                0x080004e0                RCC_GetClocksFreq
 .text.RCC_APB2PeriphClockCmd
                0x0800059c       0x1c build/stm32f10x_rcc.o
                0x0800059c                RCC_APB2PeriphClockCmd
 .text.USART_Init
                0x080005b8       0xc4 build/stm32f10x_usart.o
                0x080005b8                USART_Init
 .text.USART_Cmd
                0x0800067c       0x1c build/stm32f10x_usart.o
                0x0800067c                USART_Cmd
 .text.USART_ITConfig
                0x08000698       0x36 build/stm32f10x_usart.o
                0x08000698                USART_ITConfig
 .text.USART_ReceiveData
                0x080006ce        0x8 build/stm32f10x_usart.o
                0x080006ce                USART_ReceiveData
 .text.USART_GetITStatus
                0x080006d6       0x4a build/stm32f10x_usart.o
                0x080006d6                USART_GetITStatus
 .text.start_task
                0x08000720       0x5c build/main.o
                0x08000720                start_task
 .text.led0_task
                0x0800077c       0x1c build/main.o
                0x0800077c                led0_task
 .text.led1_task
                0x08000798       0x24 build/main.o
                0x08000798                led1_task
 .text.startup.main
                0x080007bc       0x48 build/main.o
                0x080007bc                main
 .text.NMI_Handler
                0x08000804        0x2 build/stm32f10x_it.o
                0x08000804                NMI_Handler
 .text.HardFault_Handler
                0x08000806        0x2 build/stm32f10x_it.o
                0x08000806                HardFault_Handler
 .text.MemManage_Handler
                0x08000808        0x2 build/stm32f10x_it.o
                0x08000808                MemManage_Handler
 .text.BusFault_Handler
                0x0800080a        0x2 build/stm32f10x_it.o
                0x0800080a                BusFault_Handler
 .text.UsageFault_Handler
                0x0800080c        0x2 build/stm32f10x_it.o
                0x0800080c                UsageFault_Handler
 .text.DebugMon_Handler
                0x0800080e        0x2 build/stm32f10x_it.o
                0x0800080e                DebugMon_Handler
 .text.LED_Init
                0x08000810       0x50 build/led.o
                0x08000810                LED_Init
 .text.vListInitialise
                0x08000860       0x16 build/list.o
                0x08000860                vListInitialise
 .text.vListInitialiseItem
                0x08000876        0x6 build/list.o
                0x08000876                vListInitialiseItem
 .text.vListInsertEnd
                0x0800087c       0x16 build/list.o
                0x0800087c                vListInsertEnd
 .text.vListInsert
                0x08000892       0x2e build/list.o
                0x08000892                vListInsert
 .text.uxListRemove
                0x080008c0       0x20 build/list.o
                0x080008c0                uxListRemove
 .text.prvIsQueueEmpty
                0x080008e0       0x16 build/queue.o
 .text.prvCopyDataFromQueue
                0x080008f6       0x28 build/queue.o
 .text.prvUnlockQueue
                0x0800091e       0x70 build/queue.o
 .text.xQueueGenericReset
                0x0800098e       0x7a build/queue.o
                0x0800098e                xQueueGenericReset
 .text.xQueueGenericCreate
                0x08000a08       0x44 build/queue.o
                0x08000a08                xQueueGenericCreate
 .text.xQueueReceive
                0x08000a4c       0xf6 build/queue.o
                0x08000a4c                xQueueReceive
 .text.vQueueWaitForMessageRestricted
                0x08000b42       0x46 build/queue.o
                0x08000b42                vQueueWaitForMessageRestricted
 .text.prvAddCurrentTaskToDelayedList
                0x08000b88       0xa0 build/tasks.o
 .text.prvResetNextTaskUnblockTime
                0x08000c28       0x24 build/tasks.o
 .text.prvIdleTask
                0x08000c4c       0x68 build/tasks.o
 .text.xTaskCreate
                0x08000cb4      0x1b4 build/tasks.o
                0x08000cb4                xTaskCreate
 .text.vTaskDelete
                0x08000e68       0xc4 build/tasks.o
                0x08000e68                vTaskDelete
 .text.vTaskStartScheduler
                0x08000f2c       0x6c build/tasks.o
                0x08000f2c                vTaskStartScheduler
 .text.vTaskSuspendAll
                0x08000f98       0x10 build/tasks.o
                0x08000f98                vTaskSuspendAll
 .text.xTaskGetTickCount
                0x08000fa8        0xc build/tasks.o
                0x08000fa8                xTaskGetTickCount
 .text.xTaskIncrementTick
                0x08000fb4      0x154 build/tasks.o
                0x08000fb4                xTaskIncrementTick
 .text.xTaskResumeAll
                0x08001108      0x124 build/tasks.o
                0x08001108                xTaskResumeAll
 .text.vTaskDelay
                0x0800122c       0x2e build/tasks.o
                0x0800122c                vTaskDelay
 *fill*         0x0800125a        0x2 
 .text.vTaskSwitchContext
                0x0800125c       0x60 build/tasks.o
                0x0800125c                vTaskSwitchContext
 .text.vTaskPlaceOnEventList
                0x080012bc       0x20 build/tasks.o
                0x080012bc                vTaskPlaceOnEventList
 .text.vTaskPlaceOnEventListRestricted
                0x080012dc       0x44 build/tasks.o
                0x080012dc                vTaskPlaceOnEventListRestricted
 .text.xTaskRemoveFromEventList
                0x08001320       0xb8 build/tasks.o
                0x08001320                xTaskRemoveFromEventList
 .text.vTaskInternalSetTimeOutState
                0x080013d8       0x18 build/tasks.o
                0x080013d8                vTaskInternalSetTimeOutState
 .text.xTaskCheckForTimeOut
                0x080013f0       0x50 build/tasks.o
                0x080013f0                xTaskCheckForTimeOut
 .text.vTaskMissedYield
                0x08001440        0xc build/tasks.o
                0x08001440                vTaskMissedYield
 .text.xTaskGetSchedulerState
                0x0800144c       0x20 build/tasks.o
                0x0800144c                xTaskGetSchedulerState
 .text.prvInsertTimerInActiveList
                0x0800146c       0x3c build/timers.o
 .text.prvReloadTimer
                0x080014a8       0x26 build/timers.o
 *fill*         0x080014ce        0x2 
 .text.prvProcessExpiredTimer
                0x080014d0       0x40 build/timers.o
 .text.prvSampleTimeNow
                0x08001510       0x4c build/timers.o
 .text.prvTimerTask
                0x0800155c      0x14c build/timers.o
 .text.prvCheckForValidListAndQueue
                0x080016a8       0x4c build/timers.o
 .text.xTimerCreateTimerTask
                0x080016f4       0x38 build/timers.o
                0x080016f4                xTimerCreateTimerTask
 .text.prvTaskExitError
                0x0800172c       0x20 build/port.o
 .text.prvPortStartFirstTask
                0x0800174c       0x20 build/port.o
 .text.pxPortInitialiseStack
                0x0800176c       0x24 build/port.o
                0x0800176c                pxPortInitialiseStack
 .text.SVC_Handler
                0x08001790       0x24 build/port.o
                0x08001790                SVC_Handler
 .text.vPortEnterCritical
                0x080017b4       0x20 build/port.o
                0x080017b4                vPortEnterCritical
 .text.vPortExitCritical
                0x080017d4       0x14 build/port.o
                0x080017d4                vPortExitCritical
 *fill*         0x080017e8        0x8 
 .text.PendSV_Handler
                0x080017f0       0x44 build/port.o
                0x080017f0                PendSV_Handler
 .text.xPortSysTickHandler
                0x08001834       0x2c build/port.o
                0x08001834                xPortSysTickHandler
 .text.vPortSetupTimerInterrupt
                0x08001860       0x18 build/port.o
                0x08001860                vPortSetupTimerInterrupt
 .text.xPortStartScheduler
                0x08001878       0x3c build/port.o
                0x08001878                xPortStartScheduler
 .text.prvInsertBlockIntoFreeList
                0x080018b4       0x50 build/heap_4.o
 .text.pvPortMalloc
                0x08001904       0xf4 build/heap_4.o
                0x08001904                pvPortMalloc
 .text.vPortFree
                0x080019f8       0x4c build/heap_4.o
                0x080019f8                vPortFree
 .text.SysTick_Handler
                0x08001a44       0x14 build/delay.o
                0x08001a44                SysTick_Handler
 .text.delay_init
                0x08001a58       0x4c build/delay.o
                0x08001a58                delay_init
 .text.uart_init
                0x08001aa4       0x80 build/usart.o
                0x08001aa4                uart_init
 .text.USART1_IRQHandler
                0x08001b24       0x64 build/usart.o
                0x08001b24                USART1_IRQHandler
 .text.Reset_Handler
                0x08001b88       0x44 build/startup_stm32f10x_hd.o
                0x08001b88                Reset_Handler
 .text.Default_Handler
                0x08001bcc        0x2 build/startup_stm32f10x_hd.o
                0x08001bcc                EXTI2_IRQHandler
                0x08001bcc                TIM8_TRG_COM_IRQHandler
                0x08001bcc                TIM8_CC_IRQHandler
                0x08001bcc                TIM1_CC_IRQHandler
                0x08001bcc                TIM6_IRQHandler
                0x08001bcc                PVD_IRQHandler
                0x08001bcc                SDIO_IRQHandler
                0x08001bcc                EXTI3_IRQHandler
                0x08001bcc                EXTI0_IRQHandler
                0x08001bcc                I2C2_EV_IRQHandler
                0x08001bcc                ADC1_2_IRQHandler
                0x08001bcc                SPI1_IRQHandler
                0x08001bcc                TAMPER_IRQHandler
                0x08001bcc                TIM8_UP_IRQHandler
                0x08001bcc                DMA2_Channel2_IRQHandler
                0x08001bcc                DMA1_Channel4_IRQHandler
                0x08001bcc                USART3_IRQHandler
                0x08001bcc                RTC_IRQHandler
                0x08001bcc                DMA1_Channel7_IRQHandler
                0x08001bcc                CAN1_RX1_IRQHandler
                0x08001bcc                UART5_IRQHandler
                0x08001bcc                ADC3_IRQHandler
                0x08001bcc                TIM4_IRQHandler
                0x08001bcc                DMA2_Channel1_IRQHandler
                0x08001bcc                I2C1_EV_IRQHandler
                0x08001bcc                DMA1_Channel6_IRQHandler
                0x08001bcc                UART4_IRQHandler
                0x08001bcc                TIM3_IRQHandler
                0x08001bcc                RCC_IRQHandler
                0x08001bcc                TIM1_TRG_COM_IRQHandler
                0x08001bcc                DMA1_Channel1_IRQHandler
                0x08001bcc                Default_Handler
                0x08001bcc                EXTI15_10_IRQHandler
                0x08001bcc                TIM7_IRQHandler
                0x08001bcc                TIM5_IRQHandler
                0x08001bcc                EXTI9_5_IRQHandler
                0x08001bcc                SPI2_IRQHandler
                0x08001bcc                DMA1_Channel5_IRQHandler
                0x08001bcc                EXTI4_IRQHandler
                0x08001bcc                USB_LP_CAN1_RX0_IRQHandler
                0x08001bcc                USB_HP_CAN1_TX_IRQHandler
                0x08001bcc                DMA1_Channel3_IRQHandler
                0x08001bcc                FSMC_IRQHandler
                0x08001bcc                TIM1_UP_IRQHandler
                0x08001bcc                WWDG_IRQHandler
                0x08001bcc                TIM2_IRQHandler
                0x08001bcc                TIM1_BRK_IRQHandler
                0x08001bcc                EXTI1_IRQHandler
                0x08001bcc                RTCAlarm_IRQHandler
                0x08001bcc                DMA2_Channel4_5_IRQHandler
                0x08001bcc                USART2_IRQHandler
                0x08001bcc                I2C2_ER_IRQHandler
                0x08001bcc                DMA1_Channel2_IRQHandler
                0x08001bcc                TIM8_BRK_IRQHandler
                0x08001bcc                CAN1_SCE_IRQHandler
                0x08001bcc                FLASH_IRQHandler
                0x08001bcc                SPI3_IRQHandler
                0x08001bcc                I2C1_ER_IRQHandler
                0x08001bcc                USBWakeUp_IRQHandler
                0x08001bcc                DMA2_Channel3_IRQHandler
 .text.memset   0x08001bce       0x10 c:/vscode_tool_chain/gcc/12.2 mpacbti-rel1/bin/../lib/gcc/arm-none-eabi/12.2.1/thumb/v7-m/nofp\libc_nano.a(libc_a-memset.o)
                0x08001bce                memset
 .text.memcpy   0x08001bde       0x1c c:/vscode_tool_chain/gcc/12.2 mpacbti-rel1/bin/../lib/gcc/arm-none-eabi/12.2.1/thumb/v7-m/nofp\libc_nano.a(libc_a-memcpy-stub.o)
                0x08001bde                memcpy
 *(.glue_7)
 .glue_7        0x08001bfa        0x0 linker stubs
 *(.glue_7t)
 .glue_7t       0x08001bfa        0x0 linker stubs
 *(.eh_frame)
 *fill*         0x08001bfa        0x2 
 .eh_frame      0x08001bfc        0x0 c:/vscode_tool_chain/gcc/12.2 mpacbti-rel1/bin/../lib/gcc/arm-none-eabi/12.2.1/thumb/v7-m/nofp/crtbegin.o
 *(.init)
 .init          0x08001bfc        0x4 c:/vscode_tool_chain/gcc/12.2 mpacbti-rel1/bin/../lib/gcc/arm-none-eabi/12.2.1/thumb/v7-m/nofp/crti.o
                0x08001bfc                _init
 .init          0x08001c00        0x8 c:/vscode_tool_chain/gcc/12.2 mpacbti-rel1/bin/../lib/gcc/arm-none-eabi/12.2.1/thumb/v7-m/nofp/crtn.o
 *(.fini)
 .fini          0x08001c08        0x4 c:/vscode_tool_chain/gcc/12.2 mpacbti-rel1/bin/../lib/gcc/arm-none-eabi/12.2.1/thumb/v7-m/nofp/crti.o
                0x08001c08                _fini
 .fini          0x08001c0c        0x8 c:/vscode_tool_chain/gcc/12.2 mpacbti-rel1/bin/../lib/gcc/arm-none-eabi/12.2.1/thumb/v7-m/nofp/crtn.o
                0x08001c14                        . = ALIGN (0x4)
                0x08001c14                        _etext = .

.vfp11_veneer   0x08001c14        0x0
 .vfp11_veneer  0x08001c14        0x0 linker stubs

.v4_bx          0x08001c14        0x0
 .v4_bx         0x08001c14        0x0 linker stubs

.iplt           0x08001c14        0x0
 .iplt          0x08001c14        0x0 c:/vscode_tool_chain/gcc/12.2 mpacbti-rel1/bin/../lib/gcc/arm-none-eabi/12.2.1/thumb/v7-m/nofp/crtbegin.o

.rodata         0x08001c14       0x2c
                0x08001c14                        . = ALIGN (0x4)
 *(.rodata)
 *(.rodata*)
 .rodata.start_task.str1.1
                0x08001c14       0x14 build/main.o
 .rodata.main.str1.1
                0x08001c28        0xb build/main.o
 .rodata.vTaskStartScheduler.str1.1
                0x08001c33        0x5 build/tasks.o
 .rodata.xTimerCreateTimerTask.str1.1
                0x08001c38        0x8 build/timers.o
                0x08001c40                        . = ALIGN (0x4)

.rel.dyn        0x08001c40        0x0
 .rel.iplt      0x08001c40        0x0 c:/vscode_tool_chain/gcc/12.2 mpacbti-rel1/bin/../lib/gcc/arm-none-eabi/12.2.1/thumb/v7-m/nofp/crtbegin.o

.ARM.extab
 *(.ARM.extab* .gnu.linkonce.armextab.*)

.ARM            0x08001c40        0x0
                0x08001c40                        __exidx_start = .
 *(.ARM.exidx*)
                0x08001c40                        __exidx_end = .

.preinit_array  0x08001c40        0x0
                0x08001c40                        PROVIDE (__preinit_array_start = .)
 *(.preinit_array*)
                0x08001c40                        PROVIDE (__preinit_array_end = .)

.init_array     0x08001c40        0x4
                0x08001c40                        PROVIDE (__init_array_start = .)
 *(SORT_BY_NAME(.init_array.*))
 *(.init_array*)
 .init_array    0x08001c40        0x4 c:/vscode_tool_chain/gcc/12.2 mpacbti-rel1/bin/../lib/gcc/arm-none-eabi/12.2.1/thumb/v7-m/nofp/crtbegin.o
                0x08001c44                        PROVIDE (__init_array_end = .)

.fini_array     0x08001c44        0x4
                [!provide]                        PROVIDE (__fini_array_start = .)
 *(SORT_BY_NAME(.fini_array.*))
 *(.fini_array*)
 .fini_array    0x08001c44        0x4 c:/vscode_tool_chain/gcc/12.2 mpacbti-rel1/bin/../lib/gcc/arm-none-eabi/12.2.1/thumb/v7-m/nofp/crtbegin.o
                [!provide]                        PROVIDE (__fini_array_end = .)
                0x08001c48                        _sidata = LOADADDR (.data)

.data           0x20000000       0x20 load address 0x08001c48
                0x20000000                        . = ALIGN (0x4)
                0x20000000                        _sdata = .
 *(.data)
 *(.data*)
 .data.SystemCoreClock
                0x20000000        0x4 build/system_stm32f10x.o
                0x20000000                SystemCoreClock
 .data.ADCPrescTable
                0x20000004        0x4 build/stm32f10x_rcc.o
 .data.APBAHBPrescTable
                0x20000008       0x10 build/stm32f10x_rcc.o
 .data.uxTopUsedPriority
                0x20000018        0x4 build/tasks.o
                0x20000018                uxTopUsedPriority
 .data.uxCriticalNesting
                0x2000001c        0x4 build/port.o
                0x20000020                        . = ALIGN (0x4)
                0x20000020                        _edata = .

.tm_clone_table
                0x20000020        0x0 load address 0x08001c68
 .tm_clone_table
                0x20000020        0x0 c:/vscode_tool_chain/gcc/12.2 mpacbti-rel1/bin/../lib/gcc/arm-none-eabi/12.2.1/thumb/v7-m/nofp/crtbegin.o
 .tm_clone_table
                0x20000020        0x0 c:/vscode_tool_chain/gcc/12.2 mpacbti-rel1/bin/../lib/gcc/arm-none-eabi/12.2.1/thumb/v7-m/nofp/crtend.o

.igot.plt       0x20000020        0x0 load address 0x08001c68
 .igot.plt      0x20000020        0x0 c:/vscode_tool_chain/gcc/12.2 mpacbti-rel1/bin/../lib/gcc/arm-none-eabi/12.2.1/thumb/v7-m/nofp/crtbegin.o
                0x20000020                        . = ALIGN (0x4)

.bss            0x20000020     0x2c6c load address 0x08001c68
                0x20000020                        _sbss = .
                0x20000020                        __bss_start__ = _sbss
 *(.bss)
 *(.bss*)
 .bss.completed.1
                0x20000020        0x1 c:/vscode_tool_chain/gcc/12.2 mpacbti-rel1/bin/../lib/gcc/arm-none-eabi/12.2.1/thumb/v7-m/nofp/crtbegin.o
 *fill*         0x20000021        0x3 
 .bss.object.0  0x20000024       0x18 c:/vscode_tool_chain/gcc/12.2 mpacbti-rel1/bin/../lib/gcc/arm-none-eabi/12.2.1/thumb/v7-m/nofp/crtbegin.o
 .bss.LED1Task_Handler
                0x2000003c        0x4 build/main.o
                0x2000003c                LED1Task_Handler
 .bss.LED0Task_Handler
                0x20000040        0x4 build/main.o
                0x20000040                LED0Task_Handler
 .bss.StartTask_Handler
                0x20000044        0x4 build/main.o
                0x20000044                StartTask_Handler
 .bss.uxSchedulerSuspended
                0x20000048        0x4 build/tasks.o
 .bss.xIdleTaskHandle
                0x2000004c        0x4 build/tasks.o
 .bss.xNextTaskUnblockTime
                0x20000050        0x4 build/tasks.o
 .bss.uxTaskNumber
                0x20000054        0x4 build/tasks.o
 .bss.xNumOfOverflows
                0x20000058        0x4 build/tasks.o
 .bss.xYieldPending
                0x2000005c        0x4 build/tasks.o
 .bss.xPendedTicks
                0x20000060        0x4 build/tasks.o
 .bss.xSchedulerRunning
                0x20000064        0x4 build/tasks.o
 .bss.uxTopReadyPriority
                0x20000068        0x4 build/tasks.o
 .bss.xTickCount
                0x2000006c        0x4 build/tasks.o
 .bss.uxCurrentNumberOfTasks
                0x20000070        0x4 build/tasks.o
 .bss.xSuspendedTaskList
                0x20000074       0x14 build/tasks.o
 .bss.uxDeletedTasksWaitingCleanUp
                0x20000088        0x4 build/tasks.o
 .bss.xTasksWaitingTermination
                0x2000008c       0x14 build/tasks.o
 .bss.xPendingReadyList
                0x200000a0       0x14 build/tasks.o
 .bss.pxOverflowDelayedTaskList
                0x200000b4        0x4 build/tasks.o
 .bss.pxDelayedTaskList
                0x200000b8        0x4 build/tasks.o
 .bss.xDelayedTaskList2
                0x200000bc       0x14 build/tasks.o
 .bss.xDelayedTaskList1
                0x200000d0       0x14 build/tasks.o
 .bss.pxReadyTasksLists
                0x200000e4      0x280 build/tasks.o
 .bss.pxCurrentTCB
                0x20000364        0x4 build/tasks.o
                0x20000364                pxCurrentTCB
 .bss.xLastTime.0
                0x20000368        0x4 build/timers.o
 .bss.xTimerTaskHandle
                0x2000036c        0x4 build/timers.o
 .bss.xTimerQueue
                0x20000370        0x4 build/timers.o
 .bss.pxOverflowTimerList
                0x20000374        0x4 build/timers.o
 .bss.pxCurrentTimerList
                0x20000378        0x4 build/timers.o
 .bss.xActiveTimerList2
                0x2000037c       0x14 build/timers.o
 .bss.xActiveTimerList1
                0x20000390       0x14 build/timers.o
 .bss.xBlockAllocatedBit
                0x200003a4        0x4 build/heap_4.o
 .bss.xMinimumEverFreeBytesRemaining
                0x200003a8        0x4 build/heap_4.o
 .bss.xFreeBytesRemaining
                0x200003ac        0x4 build/heap_4.o
 .bss.pxEnd     0x200003b0        0x4 build/heap_4.o
 .bss.xStart    0x200003b4        0x8 build/heap_4.o
 .bss.ucHeap    0x200003bc     0x2800 build/heap_4.o
 .bss.fac_ms    0x20002bbc        0x2 build/delay.o
 .bss.fac_us    0x20002bbe        0x1 build/delay.o
 *fill*         0x20002bbf        0x1 
 .bss.USART_RX_STA
                0x20002bc0        0x2 build/usart.o
                0x20002bc0                USART_RX_STA
 .bss.USART_RX_BUF
                0x20002bc2       0xc8 build/usart.o
                0x20002bc2                USART_RX_BUF
 *(COMMON)
                0x20002c8c                        . = ALIGN (0x4)
 *fill*         0x20002c8a        0x2 
                0x20002c8c                        _ebss = .
                0x20002c8c                        __bss_end__ = _ebss

._user_heap_stack
                0x20002c8c      0x604 load address 0x08001c68
                0x20002c90                        . = ALIGN (0x8)
 *fill*         0x20002c8c        0x4 
                0x20002c90                        PROVIDE (end = .)
                [!provide]                        PROVIDE (_end = .)
                0x20002e90                        . = (. + _Min_Heap_Size)
 *fill*         0x20002c90      0x200 
                0x20003290                        . = (. + _Min_Stack_Size)
 *fill*         0x20002e90      0x400 
                0x20003290                        . = ALIGN (0x8)

/DISCARD/
 libc.a(*)
 libm.a(*)
 libgcc.a(*)

.ARM.attributes
                0x00000000       0x29
 *(.ARM.attributes)
 .ARM.attributes
                0x00000000       0x1d c:/vscode_tool_chain/gcc/12.2 mpacbti-rel1/bin/../lib/gcc/arm-none-eabi/12.2.1/thumb/v7-m/nofp/crti.o
 .ARM.attributes
                0x0000001d       0x2d c:/vscode_tool_chain/gcc/12.2 mpacbti-rel1/bin/../lib/gcc/arm-none-eabi/12.2.1/thumb/v7-m/nofp/crtbegin.o
 .ARM.attributes
                0x0000004a       0x2d build/system_stm32f10x.o
 .ARM.attributes
                0x00000077       0x2d build/misc.o
 .ARM.attributes
                0x000000a4       0x2d build/stm32f10x_gpio.o
 .ARM.attributes
                0x000000d1       0x2d build/stm32f10x_rcc.o
 .ARM.attributes
                0x000000fe       0x2d build/stm32f10x_usart.o
 .ARM.attributes
                0x0000012b       0x2d build/main.o
 .ARM.attributes
                0x00000158       0x2d build/stm32f10x_it.o
 .ARM.attributes
                0x00000185       0x2d build/led.o
 .ARM.attributes
                0x000001b2       0x2d build/list.o
 .ARM.attributes
                0x000001df       0x2d build/queue.o
 .ARM.attributes
                0x0000020c       0x2d build/tasks.o
 .ARM.attributes
                0x00000239       0x2d build/timers.o
 .ARM.attributes
                0x00000266       0x2d build/port.o
 .ARM.attributes
                0x00000293       0x2d build/heap_4.o
 .ARM.attributes
                0x000002c0       0x2d build/delay.o
 .ARM.attributes
                0x000002ed       0x2d build/usart.o
 .ARM.attributes
                0x0000031a       0x21 build/startup_stm32f10x_hd.o
 .ARM.attributes
                0x0000033b       0x2d c:/vscode_tool_chain/gcc/12.2 mpacbti-rel1/bin/../lib/gcc/arm-none-eabi/12.2.1/thumb/v7-m/nofp\libc_nano.a(libc_a-memset.o)
 .ARM.attributes
                0x00000368       0x2d c:/vscode_tool_chain/gcc/12.2 mpacbti-rel1/bin/../lib/gcc/arm-none-eabi/12.2.1/thumb/v7-m/nofp\libc_nano.a(libc_a-memcpy-stub.o)
 .ARM.attributes
                0x00000395       0x2d c:/vscode_tool_chain/gcc/12.2 mpacbti-rel1/bin/../lib/gcc/arm-none-eabi/12.2.1/thumb/v7-m/nofp/crtend.o
 .ARM.attributes
                0x000003c2       0x1d c:/vscode_tool_chain/gcc/12.2 mpacbti-rel1/bin/../lib/gcc/arm-none-eabi/12.2.1/thumb/v7-m/nofp/crtn.o
OUTPUT(build/Basemake.elf elf32-littlearm)
LOAD linker stubs
LOAD c:/vscode_tool_chain/gcc/12.2 mpacbti-rel1/bin/../lib/gcc/arm-none-eabi/12.2.1/thumb/v7-m/nofp\libc.a
LOAD c:/vscode_tool_chain/gcc/12.2 mpacbti-rel1/bin/../lib/gcc/arm-none-eabi/12.2.1/thumb/v7-m/nofp\libm.a
LOAD c:/vscode_tool_chain/gcc/12.2 mpacbti-rel1/bin/../lib/gcc/arm-none-eabi/12.2.1/thumb/v7-m/nofp\libgcc.a

.debug_info     0x00000000     0xa6c0
 .debug_info    0x00000000      0x500 build/system_stm32f10x.o
 .debug_info    0x00000500      0x596 build/misc.o
 .debug_info    0x00000a96      0x9a3 build/stm32f10x_gpio.o
 .debug_info    0x00001439      0x9ff build/stm32f10x_rcc.o
 .debug_info    0x00001e38      0xcf6 build/stm32f10x_usart.o
 .debug_info    0x00002b2e      0x3f2 build/main.o
 .debug_info    0x00002f20       0xee build/stm32f10x_it.o
 .debug_info    0x0000300e      0x312 build/led.o
 .debug_info    0x00003320      0x30f build/list.o
 .debug_info    0x0000362f     0x1ca8 build/queue.o
 .debug_info    0x000052d7     0x28c7 build/tasks.o
 .debug_info    0x00007b9e     0x1278 build/timers.o
 .debug_info    0x00008e16      0x388 build/port.o
 .debug_info    0x0000919e      0x448 build/heap_4.o
 .debug_info    0x000095e6      0x380 build/delay.o
 .debug_info    0x00009966      0xd2a build/usart.o
 .debug_info    0x0000a690       0x30 build/startup_stm32f10x_hd.o

.debug_abbrev   0x00000000     0x2459
 .debug_abbrev  0x00000000      0x1ba build/system_stm32f10x.o
 .debug_abbrev  0x000001ba      0x178 build/misc.o
 .debug_abbrev  0x00000332      0x261 build/stm32f10x_gpio.o
 .debug_abbrev  0x00000593      0x240 build/stm32f10x_rcc.o
 .debug_abbrev  0x000007d3      0x21d build/stm32f10x_usart.o
 .debug_abbrev  0x000009f0      0x169 build/main.o
 .debug_abbrev  0x00000b59       0x7a build/stm32f10x_it.o
 .debug_abbrev  0x00000bd3      0x145 build/led.o
 .debug_abbrev  0x00000d18      0x124 build/list.o
 .debug_abbrev  0x00000e3c      0x3f1 build/queue.o
 .debug_abbrev  0x0000122d      0x52c build/tasks.o
 .debug_abbrev  0x00001759      0x3c2 build/timers.o
 .debug_abbrev  0x00001b1b      0x25b build/port.o
 .debug_abbrev  0x00001d76      0x248 build/heap_4.o
 .debug_abbrev  0x00001fbe      0x1b7 build/delay.o
 .debug_abbrev  0x00002175      0x2c7 build/usart.o
 .debug_abbrev  0x0000243c       0x1d build/startup_stm32f10x_hd.o

.debug_loc      0x00000000     0x6e4a
 .debug_loc     0x00000000      0x177 build/system_stm32f10x.o
 .debug_loc     0x00000177      0x17f build/misc.o
 .debug_loc     0x000002f6      0x7a9 build/stm32f10x_gpio.o
 .debug_loc     0x00000a9f      0x545 build/stm32f10x_rcc.o
 .debug_loc     0x00000fe4      0x921 build/stm32f10x_usart.o
 .debug_loc     0x00001905       0xa4 build/main.o
 .debug_loc     0x000019a9       0x38 build/led.o
 .debug_loc     0x000019e1       0xcf build/list.o
 .debug_loc     0x00001ab0     0x16da build/queue.o
 .debug_loc     0x0000318a     0x2332 build/tasks.o
 .debug_loc     0x000054bc      0xd82 build/timers.o
 .debug_loc     0x0000623e      0x12a build/port.o
 .debug_loc     0x00006368      0x440 build/heap_4.o
 .debug_loc     0x000067a8      0x1f7 build/delay.o
 .debug_loc     0x0000699f      0x4ab build/usart.o

.debug_aranges  0x00000000      0x8a0
 .debug_aranges
                0x00000000       0x38 build/system_stm32f10x.o
 .debug_aranges
                0x00000038       0x40 build/misc.o
 .debug_aranges
                0x00000078       0xa8 build/stm32f10x_gpio.o
 .debug_aranges
                0x00000120      0x118 build/stm32f10x_rcc.o
 .debug_aranges
                0x00000238      0x100 build/stm32f10x_usart.o
 .debug_aranges
                0x00000338       0x38 build/main.o
 .debug_aranges
                0x00000370       0x48 build/stm32f10x_it.o
 .debug_aranges
                0x000003b8       0x20 build/led.o
 .debug_aranges
                0x000003d8       0x40 build/list.o
 .debug_aranges
                0x00000418       0xc8 build/queue.o
 .debug_aranges
                0x000004e0      0x190 build/tasks.o
 .debug_aranges
                0x00000670       0xb0 build/timers.o
 .debug_aranges
                0x00000720       0x70 build/port.o
 .debug_aranges
                0x00000790       0x48 build/heap_4.o
 .debug_aranges
                0x000007d8       0x40 build/delay.o
 .debug_aranges
                0x00000818       0x60 build/usart.o
 .debug_aranges
                0x00000878       0x28 build/startup_stm32f10x_hd.o

.debug_ranges   0x00000000      0xca8
 .debug_ranges  0x00000000       0x28 build/system_stm32f10x.o
 .debug_ranges  0x00000028       0x30 build/misc.o
 .debug_ranges  0x00000058       0x98 build/stm32f10x_gpio.o
 .debug_ranges  0x000000f0      0x108 build/stm32f10x_rcc.o
 .debug_ranges  0x000001f8       0xf0 build/stm32f10x_usart.o
 .debug_ranges  0x000002e8       0x28 build/main.o
 .debug_ranges  0x00000310       0x38 build/stm32f10x_it.o
 .debug_ranges  0x00000348       0x10 build/led.o
 .debug_ranges  0x00000358       0x30 build/list.o
 .debug_ranges  0x00000388      0x278 build/queue.o
 .debug_ranges  0x00000600      0x450 build/tasks.o
 .debug_ranges  0x00000a50      0x108 build/timers.o
 .debug_ranges  0x00000b58       0x78 build/port.o
 .debug_ranges  0x00000bd0       0x38 build/heap_4.o
 .debug_ranges  0x00000c08       0x30 build/delay.o
 .debug_ranges  0x00000c38       0x50 build/usart.o
 .debug_ranges  0x00000c88       0x20 build/startup_stm32f10x_hd.o

.debug_line     0x00000000     0x6e16
 .debug_line    0x00000000      0x419 build/system_stm32f10x.o
 .debug_line    0x00000419      0x2a3 build/misc.o
 .debug_line    0x000006bc      0x67c build/stm32f10x_gpio.o
 .debug_line    0x00000d38      0x878 build/stm32f10x_rcc.o
 .debug_line    0x000015b0      0x8d1 build/stm32f10x_usart.o
 .debug_line    0x00001e81      0x2c4 build/main.o
 .debug_line    0x00002145       0xea build/stm32f10x_it.o
 .debug_line    0x0000222f      0x17a build/led.o
 .debug_line    0x000023a9      0x2e3 build/list.o
 .debug_line    0x0000268c     0x10a4 build/queue.o
 .debug_line    0x00003730     0x1d3b build/tasks.o
 .debug_line    0x0000546b      0x86c build/timers.o
 .debug_line    0x00005cd7      0x382 build/port.o
 .debug_line    0x00006059      0x4f5 build/heap_4.o
 .debug_line    0x0000654e      0x34e build/delay.o
 .debug_line    0x0000689c      0x4ef build/usart.o
 .debug_line    0x00006d8b       0x8b build/startup_stm32f10x_hd.o

.debug_str      0x00000000     0x310d
 .debug_str     0x00000000      0x262 build/system_stm32f10x.o
                                0x2c9 (size before relaxing)
 .debug_str     0x00000262      0x213 build/misc.o
                                0x3a1 (size before relaxing)
 .debug_str     0x00000475      0x393 build/stm32f10x_gpio.o
                                0x519 (size before relaxing)
 .debug_str     0x00000808      0x3c0 build/stm32f10x_rcc.o
                                0x603 (size before relaxing)
 .debug_str     0x00000bc8      0x432 build/stm32f10x_usart.o
                                0x6b9 (size before relaxing)
 .debug_str     0x00000ffa      0x1cb build/main.o
                                0x2b1 (size before relaxing)
 .debug_str     0x000011c5       0x7b build/stm32f10x_it.o
                                0x1a8 (size before relaxing)
 .debug_str     0x00001240       0x28 build/led.o
                                0x2dd (size before relaxing)
 .debug_str     0x00001268      0x12f build/list.o
                                0x2a3 (size before relaxing)
 .debug_str     0x00001397      0x6c6 build/queue.o
                                0x987 (size before relaxing)
 .debug_str     0x00001a5d      0x9f6 build/tasks.o
                                0xf6d (size before relaxing)
 .debug_str     0x00002453      0x42b build/timers.o
                                0x881 (size before relaxing)
 .debug_str     0x0000287e       0xb7 build/port.o
                                0x325 (size before relaxing)
 .debug_str     0x00002935      0x1b8 build/heap_4.o
                                0x364 (size before relaxing)
 .debug_str     0x00002aed       0x6d build/delay.o
                                0x281 (size before relaxing)
 .debug_str     0x00002b5a      0x567 build/usart.o
                                0xa48 (size before relaxing)
 .debug_str     0x000030c1       0x4c build/startup_stm32f10x_hd.o
                                 0x5d (size before relaxing)

.comment        0x00000000       0x55
 .comment       0x00000000       0x55 build/system_stm32f10x.o
                                 0x56 (size before relaxing)
 .comment       0x00000055       0x56 build/misc.o
 .comment       0x00000055       0x56 build/stm32f10x_gpio.o
 .comment       0x00000055       0x56 build/stm32f10x_rcc.o
 .comment       0x00000055       0x56 build/stm32f10x_usart.o
 .comment       0x00000055       0x56 build/main.o
 .comment       0x00000055       0x56 build/stm32f10x_it.o
 .comment       0x00000055       0x56 build/led.o
 .comment       0x00000055       0x56 build/list.o
 .comment       0x00000055       0x56 build/queue.o
 .comment       0x00000055       0x56 build/tasks.o
 .comment       0x00000055       0x56 build/timers.o
 .comment       0x00000055       0x56 build/port.o
 .comment       0x00000055       0x56 build/heap_4.o
 .comment       0x00000055       0x56 build/delay.o
 .comment       0x00000055       0x56 build/usart.o

.debug_frame    0x00000000     0x14d4
 .debug_frame   0x00000000       0x6c build/system_stm32f10x.o
 .debug_frame   0x0000006c       0x60 build/misc.o
 .debug_frame   0x000000cc      0x168 build/stm32f10x_gpio.o
 .debug_frame   0x00000234      0x228 build/stm32f10x_rcc.o
 .debug_frame   0x0000045c      0x204 build/stm32f10x_usart.o
 .debug_frame   0x00000660       0x74 build/main.o
 .debug_frame   0x000006d4       0x70 build/stm32f10x_it.o
 .debug_frame   0x00000744       0x30 build/led.o
 .debug_frame   0x00000774       0x6c build/list.o
 .debug_frame   0x000007e0      0x288 build/queue.o
 .debug_frame   0x00000a68      0x508 build/tasks.o
 .debug_frame   0x00000f70      0x214 build/timers.o
 .debug_frame   0x00001184       0xd8 build/port.o
 .debug_frame   0x0000125c       0x9c build/heap_4.o
 .debug_frame   0x000012f8       0xa4 build/delay.o
 .debug_frame   0x0000139c       0xf0 build/usart.o
 .debug_frame   0x0000148c       0x20 c:/vscode_tool_chain/gcc/12.2 mpacbti-rel1/bin/../lib/gcc/arm-none-eabi/12.2.1/thumb/v7-m/nofp\libc_nano.a(libc_a-memset.o)
 .debug_frame   0x000014ac       0x28 c:/vscode_tool_chain/gcc/12.2 mpacbti-rel1/bin/../lib/gcc/arm-none-eabi/12.2.1/thumb/v7-m/nofp\libc_nano.a(libc_a-memcpy-stub.o)

Cross Reference Table

Symbol                                            File
ADC1_2_IRQHandler                                 build/startup_stm32f10x_hd.o
ADC3_IRQHandler                                   build/startup_stm32f10x_hd.o
ADC_AnalogWatchdogCmd                             build/stm32f10x_adc.o
ADC_AnalogWatchdogSingleChannelConfig             build/stm32f10x_adc.o
ADC_AnalogWatchdogThresholdsConfig                build/stm32f10x_adc.o
ADC_AutoInjectedConvCmd                           build/stm32f10x_adc.o
ADC_ClearFlag                                     build/stm32f10x_adc.o
ADC_ClearITPendingBit                             build/stm32f10x_adc.o
ADC_Cmd                                           build/stm32f10x_adc.o
ADC_DMACmd                                        build/stm32f10x_adc.o
ADC_DeInit                                        build/stm32f10x_adc.o
ADC_DiscModeChannelCountConfig                    build/stm32f10x_adc.o
ADC_DiscModeCmd                                   build/stm32f10x_adc.o
ADC_ExternalTrigConvCmd                           build/stm32f10x_adc.o
ADC_ExternalTrigInjectedConvCmd                   build/stm32f10x_adc.o
ADC_ExternalTrigInjectedConvConfig                build/stm32f10x_adc.o
ADC_GetCalibrationStatus                          build/stm32f10x_adc.o
ADC_GetConversionValue                            build/stm32f10x_adc.o
ADC_GetDualModeConversionValue                    build/stm32f10x_adc.o
ADC_GetFlagStatus                                 build/stm32f10x_adc.o
ADC_GetITStatus                                   build/stm32f10x_adc.o
ADC_GetInjectedConversionValue                    build/stm32f10x_adc.o
ADC_GetResetCalibrationStatus                     build/stm32f10x_adc.o
ADC_GetSoftwareStartConvStatus                    build/stm32f10x_adc.o
ADC_GetSoftwareStartInjectedConvCmdStatus         build/stm32f10x_adc.o
ADC_ITConfig                                      build/stm32f10x_adc.o
ADC_Init                                          build/stm32f10x_adc.o
ADC_InjectedChannelConfig                         build/stm32f10x_adc.o
ADC_InjectedDiscModeCmd                           build/stm32f10x_adc.o
ADC_InjectedSequencerLengthConfig                 build/stm32f10x_adc.o
ADC_RegularChannelConfig                          build/stm32f10x_adc.o
ADC_ResetCalibration                              build/stm32f10x_adc.o
ADC_SetInjectedOffset                             build/stm32f10x_adc.o
ADC_SoftwareStartConvCmd                          build/stm32f10x_adc.o
ADC_SoftwareStartInjectedConvCmd                  build/stm32f10x_adc.o
ADC_StartCalibration                              build/stm32f10x_adc.o
ADC_StructInit                                    build/stm32f10x_adc.o
ADC_TempSensorVrefintCmd                          build/stm32f10x_adc.o
AHBPrescTable                                     build/system_stm32f10x.o
BKP_ClearFlag                                     build/stm32f10x_bkp.o
BKP_ClearITPendingBit                             build/stm32f10x_bkp.o
BKP_DeInit                                        build/stm32f10x_bkp.o
BKP_GetFlagStatus                                 build/stm32f10x_bkp.o
BKP_GetITStatus                                   build/stm32f10x_bkp.o
BKP_ITConfig                                      build/stm32f10x_bkp.o
BKP_RTCOutputConfig                               build/stm32f10x_bkp.o
BKP_ReadBackupRegister                            build/stm32f10x_bkp.o
BKP_SetRTCCalibrationValue                        build/stm32f10x_bkp.o
BKP_TamperPinCmd                                  build/stm32f10x_bkp.o
BKP_TamperPinLevelConfig                          build/stm32f10x_bkp.o
BKP_WriteBackupRegister                           build/stm32f10x_bkp.o
BusFault_Handler                                  build/stm32f10x_it.o
CAN1_RX1_IRQHandler                               build/startup_stm32f10x_hd.o
CAN1_SCE_IRQHandler                               build/startup_stm32f10x_hd.o
CAN_CancelTransmit                                build/stm32f10x_can.o
CAN_ClearFlag                                     build/stm32f10x_can.o
CAN_ClearITPendingBit                             build/stm32f10x_can.o
CAN_DBGFreeze                                     build/stm32f10x_can.o
CAN_DeInit                                        build/stm32f10x_can.o
CAN_FIFORelease                                   build/stm32f10x_can.o
CAN_FilterInit                                    build/stm32f10x_can.o
CAN_GetFlagStatus                                 build/stm32f10x_can.o
CAN_GetITStatus                                   build/stm32f10x_can.o
CAN_GetLSBTransmitErrorCounter                    build/stm32f10x_can.o
CAN_GetLastErrorCode                              build/stm32f10x_can.o
CAN_GetReceiveErrorCounter                        build/stm32f10x_can.o
CAN_ITConfig                                      build/stm32f10x_can.o
CAN_Init                                          build/stm32f10x_can.o
CAN_MessagePending                                build/stm32f10x_can.o
CAN_OperatingModeRequest                          build/stm32f10x_can.o
CAN_Receive                                       build/stm32f10x_can.o
CAN_SlaveStartBank                                build/stm32f10x_can.o
CAN_Sleep                                         build/stm32f10x_can.o
CAN_StructInit                                    build/stm32f10x_can.o
CAN_TTComModeCmd                                  build/stm32f10x_can.o
CAN_Transmit                                      build/stm32f10x_can.o
CAN_TransmitStatus                                build/stm32f10x_can.o
CAN_WakeUp                                        build/stm32f10x_can.o
CEC_ClearFlag                                     build/stm32f10x_cec.o
CEC_ClearITPendingBit                             build/stm32f10x_cec.o
CEC_Cmd                                           build/stm32f10x_cec.o
CEC_DeInit                                        build/stm32f10x_cec.o
CEC_EndOfMessageCmd                               build/stm32f10x_cec.o
CEC_GetFlagStatus                                 build/stm32f10x_cec.o
CEC_GetITStatus                                   build/stm32f10x_cec.o
CEC_ITConfig                                      build/stm32f10x_cec.o
CEC_Init                                          build/stm32f10x_cec.o
CEC_OwnAddressConfig                              build/stm32f10x_cec.o
CEC_ReceiveDataByte                               build/stm32f10x_cec.o
CEC_SendDataByte                                  build/stm32f10x_cec.o
CEC_SetPrescaler                                  build/stm32f10x_cec.o
CEC_StartOfMessage                                build/stm32f10x_cec.o
CRC_CalcBlockCRC                                  build/stm32f10x_crc.o
CRC_CalcCRC                                       build/stm32f10x_crc.o
CRC_GetCRC                                        build/stm32f10x_crc.o
CRC_GetIDRegister                                 build/stm32f10x_crc.o
CRC_ResetDR                                       build/stm32f10x_crc.o
CRC_SetIDRegister                                 build/stm32f10x_crc.o
DAC_Cmd                                           build/stm32f10x_dac.o
DAC_DMACmd                                        build/stm32f10x_dac.o
DAC_DeInit                                        build/stm32f10x_dac.o
DAC_DualSoftwareTriggerCmd                        build/stm32f10x_dac.o
DAC_GetDataOutputValue                            build/stm32f10x_dac.o
DAC_Init                                          build/stm32f10x_dac.o
DAC_SetChannel1Data                               build/stm32f10x_dac.o
DAC_SetChannel2Data                               build/stm32f10x_dac.o
DAC_SetDualChannelData                            build/stm32f10x_dac.o
DAC_SoftwareTriggerCmd                            build/stm32f10x_dac.o
DAC_StructInit                                    build/stm32f10x_dac.o
DAC_WaveGenerationCmd                             build/stm32f10x_dac.o
DBGMCU_Config                                     build/stm32f10x_dbgmcu.o
DBGMCU_GetDEVID                                   build/stm32f10x_dbgmcu.o
DBGMCU_GetREVID                                   build/stm32f10x_dbgmcu.o
DMA1_Channel1_IRQHandler                          build/startup_stm32f10x_hd.o
DMA1_Channel2_IRQHandler                          build/startup_stm32f10x_hd.o
DMA1_Channel3_IRQHandler                          build/startup_stm32f10x_hd.o
DMA1_Channel4_IRQHandler                          build/startup_stm32f10x_hd.o
DMA1_Channel5_IRQHandler                          build/startup_stm32f10x_hd.o
DMA1_Channel6_IRQHandler                          build/startup_stm32f10x_hd.o
DMA1_Channel7_IRQHandler                          build/startup_stm32f10x_hd.o
DMA2_Channel1_IRQHandler                          build/startup_stm32f10x_hd.o
DMA2_Channel2_IRQHandler                          build/startup_stm32f10x_hd.o
DMA2_Channel3_IRQHandler                          build/startup_stm32f10x_hd.o
DMA2_Channel4_5_IRQHandler                        build/startup_stm32f10x_hd.o
DMA_ClearFlag                                     build/stm32f10x_dma.o
DMA_ClearITPendingBit                             build/stm32f10x_dma.o
DMA_Cmd                                           build/stm32f10x_dma.o
DMA_DeInit                                        build/stm32f10x_dma.o
DMA_GetCurrDataCounter                            build/stm32f10x_dma.o
DMA_GetFlagStatus                                 build/stm32f10x_dma.o
DMA_GetITStatus                                   build/stm32f10x_dma.o
DMA_ITConfig                                      build/stm32f10x_dma.o
DMA_Init                                          build/stm32f10x_dma.o
DMA_SetCurrDataCounter                            build/stm32f10x_dma.o
DMA_StructInit                                    build/stm32f10x_dma.o
DebugMon_Handler                                  build/stm32f10x_it.o
Default_Handler                                   build/startup_stm32f10x_hd.o
EXTI0_IRQHandler                                  build/startup_stm32f10x_hd.o
EXTI15_10_IRQHandler                              build/startup_stm32f10x_hd.o
EXTI1_IRQHandler                                  build/startup_stm32f10x_hd.o
EXTI2_IRQHandler                                  build/startup_stm32f10x_hd.o
EXTI3_IRQHandler                                  build/startup_stm32f10x_hd.o
EXTI4_IRQHandler                                  build/startup_stm32f10x_hd.o
EXTI9_5_IRQHandler                                build/startup_stm32f10x_hd.o
EXTI_ClearFlag                                    build/stm32f10x_exti.o
EXTI_ClearITPendingBit                            build/stm32f10x_exti.o
EXTI_DeInit                                       build/stm32f10x_exti.o
EXTI_GenerateSWInterrupt                          build/stm32f10x_exti.o
EXTI_GetFlagStatus                                build/stm32f10x_exti.o
EXTI_GetITStatus                                  build/stm32f10x_exti.o
EXTI_Init                                         build/stm32f10x_exti.o
EXTI_StructInit                                   build/stm32f10x_exti.o
FLASH_ClearFlag                                   build/stm32f10x_flash.o
FLASH_EnableWriteProtection                       build/stm32f10x_flash.o
FLASH_EraseAllBank1Pages                          build/stm32f10x_flash.o
FLASH_EraseAllPages                               build/stm32f10x_flash.o
FLASH_EraseOptionBytes                            build/stm32f10x_flash.o
FLASH_ErasePage                                   build/stm32f10x_flash.o
FLASH_GetBank1Status                              build/stm32f10x_flash.o
FLASH_GetFlagStatus                               build/stm32f10x_flash.o
FLASH_GetPrefetchBufferStatus                     build/stm32f10x_flash.o
FLASH_GetReadOutProtectionStatus                  build/stm32f10x_flash.o
FLASH_GetStatus                                   build/stm32f10x_flash.o
FLASH_GetUserOptionByte                           build/stm32f10x_flash.o
FLASH_GetWriteProtectionOptionByte                build/stm32f10x_flash.o
FLASH_HalfCycleAccessCmd                          build/stm32f10x_flash.o
FLASH_IRQHandler                                  build/startup_stm32f10x_hd.o
FLASH_ITConfig                                    build/stm32f10x_flash.o
FLASH_Lock                                        build/stm32f10x_flash.o
FLASH_LockBank1                                   build/stm32f10x_flash.o
FLASH_PrefetchBufferCmd                           build/stm32f10x_flash.o
FLASH_ProgramHalfWord                             build/stm32f10x_flash.o
FLASH_ProgramOptionByteData                       build/stm32f10x_flash.o
FLASH_ProgramWord                                 build/stm32f10x_flash.o
FLASH_ReadOutProtection                           build/stm32f10x_flash.o
FLASH_SetLatency                                  build/stm32f10x_flash.o
FLASH_Unlock                                      build/stm32f10x_flash.o
FLASH_UnlockBank1                                 build/stm32f10x_flash.o
FLASH_UserOptionByteConfig                        build/stm32f10x_flash.o
FLASH_WaitForLastBank1Operation                   build/stm32f10x_flash.o
FLASH_WaitForLastOperation                        build/stm32f10x_flash.o
FSMC_ClearFlag                                    build/stm32f10x_fsmc.o
FSMC_ClearITPendingBit                            build/stm32f10x_fsmc.o
FSMC_GetECC                                       build/stm32f10x_fsmc.o
FSMC_GetFlagStatus                                build/stm32f10x_fsmc.o
FSMC_GetITStatus                                  build/stm32f10x_fsmc.o
FSMC_IRQHandler                                   build/startup_stm32f10x_hd.o
FSMC_ITConfig                                     build/stm32f10x_fsmc.o
FSMC_NANDCmd                                      build/stm32f10x_fsmc.o
FSMC_NANDDeInit                                   build/stm32f10x_fsmc.o
FSMC_NANDECCCmd                                   build/stm32f10x_fsmc.o
FSMC_NANDInit                                     build/stm32f10x_fsmc.o
FSMC_NANDStructInit                               build/stm32f10x_fsmc.o
FSMC_NORSRAMCmd                                   build/stm32f10x_fsmc.o
FSMC_NORSRAMDeInit                                build/stm32f10x_fsmc.o
FSMC_NORSRAMInit                                  build/stm32f10x_fsmc.o
FSMC_NORSRAMStructInit                            build/stm32f10x_fsmc.o
FSMC_PCCARDCmd                                    build/stm32f10x_fsmc.o
FSMC_PCCARDDeInit                                 build/stm32f10x_fsmc.o
FSMC_PCCARDInit                                   build/stm32f10x_fsmc.o
FSMC_PCCARDStructInit                             build/stm32f10x_fsmc.o
GPIO_AFIODeInit                                   build/stm32f10x_gpio.o
GPIO_DeInit                                       build/stm32f10x_gpio.o
GPIO_ETH_MediaInterfaceConfig                     build/stm32f10x_gpio.o
GPIO_EXTILineConfig                               build/stm32f10x_gpio.o
GPIO_EventOutputCmd                               build/stm32f10x_gpio.o
GPIO_EventOutputConfig                            build/stm32f10x_gpio.o
GPIO_Init                                         build/stm32f10x_gpio.o
                                                  build/usart.o
                                                  build/led.o
GPIO_PinLockConfig                                build/stm32f10x_gpio.o
GPIO_PinRemapConfig                               build/stm32f10x_gpio.o
GPIO_ReadInputData                                build/stm32f10x_gpio.o
GPIO_ReadInputDataBit                             build/stm32f10x_gpio.o
GPIO_ReadOutputData                               build/stm32f10x_gpio.o
GPIO_ReadOutputDataBit                            build/stm32f10x_gpio.o
GPIO_ResetBits                                    build/stm32f10x_gpio.o
GPIO_SetBits                                      build/stm32f10x_gpio.o
                                                  build/led.o
GPIO_StructInit                                   build/stm32f10x_gpio.o
GPIO_Write                                        build/stm32f10x_gpio.o
GPIO_WriteBit                                     build/stm32f10x_gpio.o
HardFault_Handler                                 build/stm32f10x_it.o
I2C1_ER_IRQHandler                                build/startup_stm32f10x_hd.o
I2C1_EV_IRQHandler                                build/startup_stm32f10x_hd.o
I2C2_ER_IRQHandler                                build/startup_stm32f10x_hd.o
I2C2_EV_IRQHandler                                build/startup_stm32f10x_hd.o
I2C_ARPCmd                                        build/stm32f10x_i2c.o
I2C_AcknowledgeConfig                             build/stm32f10x_i2c.o
I2C_CalculatePEC                                  build/stm32f10x_i2c.o
I2C_CheckEvent                                    build/stm32f10x_i2c.o
I2C_ClearFlag                                     build/stm32f10x_i2c.o
I2C_ClearITPendingBit                             build/stm32f10x_i2c.o
I2C_Cmd                                           build/stm32f10x_i2c.o
I2C_DMACmd                                        build/stm32f10x_i2c.o
I2C_DMALastTransferCmd                            build/stm32f10x_i2c.o
I2C_DeInit                                        build/stm32f10x_i2c.o
I2C_DualAddressCmd                                build/stm32f10x_i2c.o
I2C_FastModeDutyCycleConfig                       build/stm32f10x_i2c.o
I2C_GeneralCallCmd                                build/stm32f10x_i2c.o
I2C_GenerateSTART                                 build/stm32f10x_i2c.o
I2C_GenerateSTOP                                  build/stm32f10x_i2c.o
I2C_GetFlagStatus                                 build/stm32f10x_i2c.o
I2C_GetITStatus                                   build/stm32f10x_i2c.o
I2C_GetLastEvent                                  build/stm32f10x_i2c.o
I2C_GetPEC                                        build/stm32f10x_i2c.o
I2C_ITConfig                                      build/stm32f10x_i2c.o
I2C_Init                                          build/stm32f10x_i2c.o
I2C_NACKPositionConfig                            build/stm32f10x_i2c.o
I2C_OwnAddress2Config                             build/stm32f10x_i2c.o
I2C_PECPositionConfig                             build/stm32f10x_i2c.o
I2C_ReadRegister                                  build/stm32f10x_i2c.o
I2C_ReceiveData                                   build/stm32f10x_i2c.o
I2C_SMBusAlertConfig                              build/stm32f10x_i2c.o
I2C_Send7bitAddress                               build/stm32f10x_i2c.o
I2C_SendData                                      build/stm32f10x_i2c.o
I2C_SoftwareResetCmd                              build/stm32f10x_i2c.o
I2C_StretchClockCmd                               build/stm32f10x_i2c.o
I2C_StructInit                                    build/stm32f10x_i2c.o
I2C_TransmitPEC                                   build/stm32f10x_i2c.o
I2S_Cmd                                           build/stm32f10x_spi.o
I2S_Init                                          build/stm32f10x_spi.o
I2S_StructInit                                    build/stm32f10x_spi.o
INTX_DISABLE                                      build/sys.o
INTX_ENABLE                                       build/sys.o
IWDG_Enable                                       build/stm32f10x_iwdg.o
IWDG_GetFlagStatus                                build/stm32f10x_iwdg.o
IWDG_ReloadCounter                                build/stm32f10x_iwdg.o
IWDG_SetPrescaler                                 build/stm32f10x_iwdg.o
IWDG_SetReload                                    build/stm32f10x_iwdg.o
IWDG_WriteAccessCmd                               build/stm32f10x_iwdg.o
LED0Task_Handler                                  build/main.o
LED1Task_Handler                                  build/main.o
LED_Init                                          build/led.o
                                                  build/main.o
MSR_MSP                                           build/sys.o
MemManage_Handler                                 build/stm32f10x_it.o
NMI_Handler                                       build/stm32f10x_it.o
NVIC_Init                                         build/misc.o
                                                  build/usart.o
NVIC_PriorityGroupConfig                          build/misc.o
                                                  build/main.o
NVIC_SetVectorTable                               build/misc.o
NVIC_SystemLPConfig                               build/misc.o
PVD_IRQHandler                                    build/startup_stm32f10x_hd.o
PWR_BackupAccessCmd                               build/stm32f10x_pwr.o
PWR_ClearFlag                                     build/stm32f10x_pwr.o
PWR_DeInit                                        build/stm32f10x_pwr.o
PWR_EnterSTANDBYMode                              build/stm32f10x_pwr.o
PWR_EnterSTOPMode                                 build/stm32f10x_pwr.o
PWR_GetFlagStatus                                 build/stm32f10x_pwr.o
PWR_PVDCmd                                        build/stm32f10x_pwr.o
PWR_PVDLevelConfig                                build/stm32f10x_pwr.o
PWR_WakeUpPinCmd                                  build/stm32f10x_pwr.o
PendSV_Handler                                    build/port.o
RCC_ADCCLKConfig                                  build/stm32f10x_rcc.o
RCC_AHBPeriphClockCmd                             build/stm32f10x_rcc.o
RCC_APB1PeriphClockCmd                            build/stm32f10x_rcc.o
RCC_APB1PeriphResetCmd                            build/stm32f10x_rcc.o
                                                  build/stm32f10x_wwdg.o
                                                  build/stm32f10x_usart.o
                                                  build/stm32f10x_tim.o
                                                  build/stm32f10x_spi.o
                                                  build/stm32f10x_pwr.o
                                                  build/stm32f10x_i2c.o
                                                  build/stm32f10x_dac.o
                                                  build/stm32f10x_cec.o
                                                  build/stm32f10x_can.o
RCC_APB2PeriphClockCmd                            build/stm32f10x_rcc.o
                                                  build/usart.o
                                                  build/led.o
RCC_APB2PeriphResetCmd                            build/stm32f10x_rcc.o
                                                  build/stm32f10x_usart.o
                                                  build/stm32f10x_tim.o
                                                  build/stm32f10x_spi.o
                                                  build/stm32f10x_gpio.o
                                                  build/stm32f10x_adc.o
RCC_AdjustHSICalibrationValue                     build/stm32f10x_rcc.o
RCC_BackupResetCmd                                build/stm32f10x_rcc.o
                                                  build/stm32f10x_bkp.o
RCC_ClearFlag                                     build/stm32f10x_rcc.o
RCC_ClearITPendingBit                             build/stm32f10x_rcc.o
RCC_ClockSecuritySystemCmd                        build/stm32f10x_rcc.o
RCC_DeInit                                        build/stm32f10x_rcc.o
RCC_GetClocksFreq                                 build/stm32f10x_rcc.o
                                                  build/stm32f10x_usart.o
                                                  build/stm32f10x_spi.o
                                                  build/stm32f10x_i2c.o
RCC_GetFlagStatus                                 build/stm32f10x_rcc.o
RCC_GetITStatus                                   build/stm32f10x_rcc.o
RCC_GetSYSCLKSource                               build/stm32f10x_rcc.o
RCC_HCLKConfig                                    build/stm32f10x_rcc.o
RCC_HSEConfig                                     build/stm32f10x_rcc.o
RCC_HSICmd                                        build/stm32f10x_rcc.o
RCC_IRQHandler                                    build/startup_stm32f10x_hd.o
RCC_ITConfig                                      build/stm32f10x_rcc.o
RCC_LSEConfig                                     build/stm32f10x_rcc.o
RCC_LSICmd                                        build/stm32f10x_rcc.o
RCC_MCOConfig                                     build/stm32f10x_rcc.o
RCC_PCLK1Config                                   build/stm32f10x_rcc.o
RCC_PCLK2Config                                   build/stm32f10x_rcc.o
RCC_PLLCmd                                        build/stm32f10x_rcc.o
RCC_PLLConfig                                     build/stm32f10x_rcc.o
RCC_RTCCLKCmd                                     build/stm32f10x_rcc.o
RCC_RTCCLKConfig                                  build/stm32f10x_rcc.o
RCC_SYSCLKConfig                                  build/stm32f10x_rcc.o
RCC_USBCLKConfig                                  build/stm32f10x_rcc.o
RCC_WaitForHSEStartUp                             build/stm32f10x_rcc.o
RTCAlarm_IRQHandler                               build/startup_stm32f10x_hd.o
RTC_ClearFlag                                     build/stm32f10x_rtc.o
RTC_ClearITPendingBit                             build/stm32f10x_rtc.o
RTC_EnterConfigMode                               build/stm32f10x_rtc.o
RTC_ExitConfigMode                                build/stm32f10x_rtc.o
RTC_GetCounter                                    build/stm32f10x_rtc.o
RTC_GetDivider                                    build/stm32f10x_rtc.o
RTC_GetFlagStatus                                 build/stm32f10x_rtc.o
RTC_GetITStatus                                   build/stm32f10x_rtc.o
RTC_IRQHandler                                    build/startup_stm32f10x_hd.o
RTC_ITConfig                                      build/stm32f10x_rtc.o
RTC_SetAlarm                                      build/stm32f10x_rtc.o
RTC_SetCounter                                    build/stm32f10x_rtc.o
RTC_SetPrescaler                                  build/stm32f10x_rtc.o
RTC_WaitForLastTask                               build/stm32f10x_rtc.o
RTC_WaitForSynchro                                build/stm32f10x_rtc.o
Reset_Handler                                     build/startup_stm32f10x_hd.o
SDIO_CEATAITCmd                                   build/stm32f10x_sdio.o
SDIO_ClearFlag                                    build/stm32f10x_sdio.o
SDIO_ClearITPendingBit                            build/stm32f10x_sdio.o
SDIO_ClockCmd                                     build/stm32f10x_sdio.o
SDIO_CmdStructInit                                build/stm32f10x_sdio.o
SDIO_CommandCompletionCmd                         build/stm32f10x_sdio.o
SDIO_DMACmd                                       build/stm32f10x_sdio.o
SDIO_DataConfig                                   build/stm32f10x_sdio.o
SDIO_DataStructInit                               build/stm32f10x_sdio.o
SDIO_DeInit                                       build/stm32f10x_sdio.o
SDIO_GetCommandResponse                           build/stm32f10x_sdio.o
SDIO_GetDataCounter                               build/stm32f10x_sdio.o
SDIO_GetFIFOCount                                 build/stm32f10x_sdio.o
SDIO_GetFlagStatus                                build/stm32f10x_sdio.o
SDIO_GetITStatus                                  build/stm32f10x_sdio.o
SDIO_GetPowerState                                build/stm32f10x_sdio.o
SDIO_GetResponse                                  build/stm32f10x_sdio.o
SDIO_IRQHandler                                   build/startup_stm32f10x_hd.o
SDIO_ITConfig                                     build/stm32f10x_sdio.o
SDIO_Init                                         build/stm32f10x_sdio.o
SDIO_ReadData                                     build/stm32f10x_sdio.o
SDIO_SendCEATACmd                                 build/stm32f10x_sdio.o
SDIO_SendCommand                                  build/stm32f10x_sdio.o
SDIO_SendSDIOSuspendCmd                           build/stm32f10x_sdio.o
SDIO_SetPowerState                                build/stm32f10x_sdio.o
SDIO_SetSDIOOperation                             build/stm32f10x_sdio.o
SDIO_SetSDIOReadWaitMode                          build/stm32f10x_sdio.o
SDIO_StartSDIOReadWait                            build/stm32f10x_sdio.o
SDIO_StopSDIOReadWait                             build/stm32f10x_sdio.o
SDIO_StructInit                                   build/stm32f10x_sdio.o
SDIO_WriteData                                    build/stm32f10x_sdio.o
SPI1_IRQHandler                                   build/startup_stm32f10x_hd.o
SPI2_IRQHandler                                   build/startup_stm32f10x_hd.o
SPI3_IRQHandler                                   build/startup_stm32f10x_hd.o
SPI_BiDirectionalLineConfig                       build/stm32f10x_spi.o
SPI_CalculateCRC                                  build/stm32f10x_spi.o
SPI_Cmd                                           build/stm32f10x_spi.o
SPI_DataSizeConfig                                build/stm32f10x_spi.o
SPI_GetCRC                                        build/stm32f10x_spi.o
SPI_GetCRCPolynomial                              build/stm32f10x_spi.o
SPI_I2S_ClearFlag                                 build/stm32f10x_spi.o
SPI_I2S_ClearITPendingBit                         build/stm32f10x_spi.o
SPI_I2S_DMACmd                                    build/stm32f10x_spi.o
SPI_I2S_DeInit                                    build/stm32f10x_spi.o
SPI_I2S_GetFlagStatus                             build/stm32f10x_spi.o
SPI_I2S_GetITStatus                               build/stm32f10x_spi.o
SPI_I2S_ITConfig                                  build/stm32f10x_spi.o
SPI_I2S_ReceiveData                               build/stm32f10x_spi.o
SPI_I2S_SendData                                  build/stm32f10x_spi.o
SPI_Init                                          build/stm32f10x_spi.o
SPI_NSSInternalSoftwareConfig                     build/stm32f10x_spi.o
SPI_SSOutputCmd                                   build/stm32f10x_spi.o
SPI_StructInit                                    build/stm32f10x_spi.o
SPI_TransmitCRC                                   build/stm32f10x_spi.o
SVC_Handler                                       build/port.o
StartTask_Handler                                 build/main.o
SysTick_CLKSourceConfig                           build/misc.o
                                                  build/delay.o
SysTick_Handler                                   build/delay.o
SystemCoreClock                                   build/system_stm32f10x.o
                                                  build/delay.o
SystemCoreClockUpdate                             build/system_stm32f10x.o
SystemInit                                        build/system_stm32f10x.o
                                                  build/startup_stm32f10x_hd.o
TAMPER_IRQHandler                                 build/startup_stm32f10x_hd.o
TIM1_BRK_IRQHandler                               build/startup_stm32f10x_hd.o
TIM1_CC_IRQHandler                                build/startup_stm32f10x_hd.o
TIM1_TRG_COM_IRQHandler                           build/startup_stm32f10x_hd.o
TIM1_UP_IRQHandler                                build/startup_stm32f10x_hd.o
TIM2_IRQHandler                                   build/startup_stm32f10x_hd.o
TIM3_IRQHandler                                   build/startup_stm32f10x_hd.o
TIM4_IRQHandler                                   build/startup_stm32f10x_hd.o
TIM5_IRQHandler                                   build/startup_stm32f10x_hd.o
TIM6_IRQHandler                                   build/startup_stm32f10x_hd.o
TIM7_IRQHandler                                   build/startup_stm32f10x_hd.o
TIM8_BRK_IRQHandler                               build/startup_stm32f10x_hd.o
TIM8_CC_IRQHandler                                build/startup_stm32f10x_hd.o
TIM8_TRG_COM_IRQHandler                           build/startup_stm32f10x_hd.o
TIM8_UP_IRQHandler                                build/startup_stm32f10x_hd.o
TIM_ARRPreloadConfig                              build/stm32f10x_tim.o
TIM_BDTRConfig                                    build/stm32f10x_tim.o
TIM_BDTRStructInit                                build/stm32f10x_tim.o
TIM_CCPreloadControl                              build/stm32f10x_tim.o
TIM_CCxCmd                                        build/stm32f10x_tim.o
TIM_CCxNCmd                                       build/stm32f10x_tim.o
TIM_ClearFlag                                     build/stm32f10x_tim.o
TIM_ClearITPendingBit                             build/stm32f10x_tim.o
TIM_ClearOC1Ref                                   build/stm32f10x_tim.o
TIM_ClearOC2Ref                                   build/stm32f10x_tim.o
TIM_ClearOC3Ref                                   build/stm32f10x_tim.o
TIM_ClearOC4Ref                                   build/stm32f10x_tim.o
TIM_Cmd                                           build/stm32f10x_tim.o
TIM_CounterModeConfig                             build/stm32f10x_tim.o
TIM_CtrlPWMOutputs                                build/stm32f10x_tim.o
TIM_DMACmd                                        build/stm32f10x_tim.o
TIM_DMAConfig                                     build/stm32f10x_tim.o
TIM_DeInit                                        build/stm32f10x_tim.o
TIM_ETRClockMode1Config                           build/stm32f10x_tim.o
TIM_ETRClockMode2Config                           build/stm32f10x_tim.o
TIM_ETRConfig                                     build/stm32f10x_tim.o
TIM_EncoderInterfaceConfig                        build/stm32f10x_tim.o
TIM_ForcedOC1Config                               build/stm32f10x_tim.o
TIM_ForcedOC2Config                               build/stm32f10x_tim.o
TIM_ForcedOC3Config                               build/stm32f10x_tim.o
TIM_ForcedOC4Config                               build/stm32f10x_tim.o
TIM_GenerateEvent                                 build/stm32f10x_tim.o
TIM_GetCapture1                                   build/stm32f10x_tim.o
TIM_GetCapture2                                   build/stm32f10x_tim.o
TIM_GetCapture3                                   build/stm32f10x_tim.o
TIM_GetCapture4                                   build/stm32f10x_tim.o
TIM_GetCounter                                    build/stm32f10x_tim.o
TIM_GetFlagStatus                                 build/stm32f10x_tim.o
TIM_GetITStatus                                   build/stm32f10x_tim.o
TIM_GetPrescaler                                  build/stm32f10x_tim.o
TIM_ICInit                                        build/stm32f10x_tim.o
TIM_ICStructInit                                  build/stm32f10x_tim.o
TIM_ITConfig                                      build/stm32f10x_tim.o
TIM_ITRxExternalClockConfig                       build/stm32f10x_tim.o
TIM_InternalClockConfig                           build/stm32f10x_tim.o
TIM_OC1FastConfig                                 build/stm32f10x_tim.o
TIM_OC1Init                                       build/stm32f10x_tim.o
TIM_OC1NPolarityConfig                            build/stm32f10x_tim.o
TIM_OC1PolarityConfig                             build/stm32f10x_tim.o
TIM_OC1PreloadConfig                              build/stm32f10x_tim.o
TIM_OC2FastConfig                                 build/stm32f10x_tim.o
TIM_OC2Init                                       build/stm32f10x_tim.o
TIM_OC2NPolarityConfig                            build/stm32f10x_tim.o
TIM_OC2PolarityConfig                             build/stm32f10x_tim.o
TIM_OC2PreloadConfig                              build/stm32f10x_tim.o
TIM_OC3FastConfig                                 build/stm32f10x_tim.o
TIM_OC3Init                                       build/stm32f10x_tim.o
TIM_OC3NPolarityConfig                            build/stm32f10x_tim.o
TIM_OC3PolarityConfig                             build/stm32f10x_tim.o
TIM_OC3PreloadConfig                              build/stm32f10x_tim.o
TIM_OC4FastConfig                                 build/stm32f10x_tim.o
TIM_OC4Init                                       build/stm32f10x_tim.o
TIM_OC4PolarityConfig                             build/stm32f10x_tim.o
TIM_OC4PreloadConfig                              build/stm32f10x_tim.o
TIM_OCStructInit                                  build/stm32f10x_tim.o
TIM_PWMIConfig                                    build/stm32f10x_tim.o
TIM_PrescalerConfig                               build/stm32f10x_tim.o
TIM_SelectCCDMA                                   build/stm32f10x_tim.o
TIM_SelectCOM                                     build/stm32f10x_tim.o
TIM_SelectHallSensor                              build/stm32f10x_tim.o
TIM_SelectInputTrigger                            build/stm32f10x_tim.o
TIM_SelectMasterSlaveMode                         build/stm32f10x_tim.o
TIM_SelectOCxM                                    build/stm32f10x_tim.o
TIM_SelectOnePulseMode                            build/stm32f10x_tim.o
TIM_SelectOutputTrigger                           build/stm32f10x_tim.o
TIM_SelectSlaveMode                               build/stm32f10x_tim.o
TIM_SetAutoreload                                 build/stm32f10x_tim.o
TIM_SetClockDivision                              build/stm32f10x_tim.o
TIM_SetCompare1                                   build/stm32f10x_tim.o
TIM_SetCompare2                                   build/stm32f10x_tim.o
TIM_SetCompare3                                   build/stm32f10x_tim.o
TIM_SetCompare4                                   build/stm32f10x_tim.o
TIM_SetCounter                                    build/stm32f10x_tim.o
TIM_SetIC1Prescaler                               build/stm32f10x_tim.o
TIM_SetIC2Prescaler                               build/stm32f10x_tim.o
TIM_SetIC3Prescaler                               build/stm32f10x_tim.o
TIM_SetIC4Prescaler                               build/stm32f10x_tim.o
TIM_TIxExternalClockConfig                        build/stm32f10x_tim.o
TIM_TimeBaseInit                                  build/stm32f10x_tim.o
TIM_TimeBaseStructInit                            build/stm32f10x_tim.o
TIM_UpdateDisableConfig                           build/stm32f10x_tim.o
TIM_UpdateRequestConfig                           build/stm32f10x_tim.o
UART4_IRQHandler                                  build/startup_stm32f10x_hd.o
UART5_IRQHandler                                  build/startup_stm32f10x_hd.o
USART1_IRQHandler                                 build/usart.o
USART2_IRQHandler                                 build/startup_stm32f10x_hd.o
USART3_IRQHandler                                 build/startup_stm32f10x_hd.o
USART_ClearFlag                                   build/stm32f10x_usart.o
USART_ClearITPendingBit                           build/stm32f10x_usart.o
USART_ClockInit                                   build/stm32f10x_usart.o
USART_ClockStructInit                             build/stm32f10x_usart.o
USART_Cmd                                         build/stm32f10x_usart.o
                                                  build/usart.o
USART_DMACmd                                      build/stm32f10x_usart.o
USART_DeInit                                      build/stm32f10x_usart.o
USART_GetFlagStatus                               build/stm32f10x_usart.o
USART_GetITStatus                                 build/stm32f10x_usart.o
                                                  build/usart.o
USART_HalfDuplexCmd                               build/stm32f10x_usart.o
USART_ITConfig                                    build/stm32f10x_usart.o
                                                  build/usart.o
USART_Init                                        build/stm32f10x_usart.o
                                                  build/usart.o
USART_IrDACmd                                     build/stm32f10x_usart.o
USART_IrDAConfig                                  build/stm32f10x_usart.o
USART_LINBreakDetectLengthConfig                  build/stm32f10x_usart.o
USART_LINCmd                                      build/stm32f10x_usart.o
USART_OneBitMethodCmd                             build/stm32f10x_usart.o
USART_OverSampling8Cmd                            build/stm32f10x_usart.o
USART_RX_BUF                                      build/usart.o
USART_RX_STA                                      build/usart.o
USART_ReceiveData                                 build/stm32f10x_usart.o
                                                  build/usart.o
USART_ReceiverWakeUpCmd                           build/stm32f10x_usart.o
USART_SendBreak                                   build/stm32f10x_usart.o
USART_SendData                                    build/stm32f10x_usart.o
USART_SetAddress                                  build/stm32f10x_usart.o
USART_SetGuardTime                                build/stm32f10x_usart.o
USART_SetPrescaler                                build/stm32f10x_usart.o
USART_SmartCardCmd                                build/stm32f10x_usart.o
USART_SmartCardNACKCmd                            build/stm32f10x_usart.o
USART_StructInit                                  build/stm32f10x_usart.o
USART_WakeUpConfig                                build/stm32f10x_usart.o
USBWakeUp_IRQHandler                              build/startup_stm32f10x_hd.o
USB_HP_CAN1_TX_IRQHandler                         build/startup_stm32f10x_hd.o
USB_LP_CAN1_RX0_IRQHandler                        build/startup_stm32f10x_hd.o
UsageFault_Handler                                build/stm32f10x_it.o
WFI_SET                                           build/sys.o
WWDG_ClearFlag                                    build/stm32f10x_wwdg.o
WWDG_DeInit                                       build/stm32f10x_wwdg.o
WWDG_Enable                                       build/stm32f10x_wwdg.o
WWDG_EnableIT                                     build/stm32f10x_wwdg.o
WWDG_GetFlagStatus                                build/stm32f10x_wwdg.o
WWDG_IRQHandler                                   build/startup_stm32f10x_hd.o
WWDG_SetCounter                                   build/stm32f10x_wwdg.o
WWDG_SetPrescaler                                 build/stm32f10x_wwdg.o
WWDG_SetWindowValue                               build/stm32f10x_wwdg.o
_ITM_deregisterTMCloneTable                       c:/vscode_tool_chain/gcc/12.2 mpacbti-rel1/bin/../lib/gcc/arm-none-eabi/12.2.1/thumb/v7-m/nofp/crtbegin.o
_ITM_registerTMCloneTable                         c:/vscode_tool_chain/gcc/12.2 mpacbti-rel1/bin/../lib/gcc/arm-none-eabi/12.2.1/thumb/v7-m/nofp/crtbegin.o
__LDREXB                                          build/core_cm3.o
__LDREXH                                          build/core_cm3.o
__LDREXW                                          build/core_cm3.o
__RBIT                                            build/core_cm3.o
__REV                                             build/core_cm3.o
__REV16                                           build/core_cm3.o
__REVSH                                           build/core_cm3.o
__STREXB                                          build/core_cm3.o
__STREXH                                          build/core_cm3.o
__STREXW                                          build/core_cm3.o
__TMC_END__                                       c:/vscode_tool_chain/gcc/12.2 mpacbti-rel1/bin/../lib/gcc/arm-none-eabi/12.2.1/thumb/v7-m/nofp/crtend.o
                                                  c:/vscode_tool_chain/gcc/12.2 mpacbti-rel1/bin/../lib/gcc/arm-none-eabi/12.2.1/thumb/v7-m/nofp/crtbegin.o
__bss_end__                                       c:/vscode_tool_chain/gcc/12.2 mpacbti-rel1/bin/../lib/gcc/arm-none-eabi/12.2.1/thumb/v7-m/nofp/crt0.o
__bss_start__                                     c:/vscode_tool_chain/gcc/12.2 mpacbti-rel1/bin/../lib/gcc/arm-none-eabi/12.2.1/thumb/v7-m/nofp/crt0.o
__call_exitprocs                                  c:/vscode_tool_chain/gcc/12.2 mpacbti-rel1/bin/../lib/gcc/arm-none-eabi/12.2.1/thumb/v7-m/nofp\libc_nano.a(libc_a-exit.o)
__deregister_frame_info                           c:/vscode_tool_chain/gcc/12.2 mpacbti-rel1/bin/../lib/gcc/arm-none-eabi/12.2.1/thumb/v7-m/nofp/crtbegin.o
__dso_handle                                      c:/vscode_tool_chain/gcc/12.2 mpacbti-rel1/bin/../lib/gcc/arm-none-eabi/12.2.1/thumb/v7-m/nofp/crtbegin.o
__errno                                           c:/vscode_tool_chain/gcc/12.2 mpacbti-rel1/bin/../lib/gcc/arm-none-eabi/12.2.1/thumb/v7-m/nofp\libc_nano.a(libc_a-errno.o)
                                                  build/usart.o
__fp_lock_all                                     c:/vscode_tool_chain/gcc/12.2 mpacbti-rel1/bin/../lib/gcc/arm-none-eabi/12.2.1/thumb/v7-m/nofp\libc_nano.a(libc_a-findfp.o)
__fp_unlock_all                                   c:/vscode_tool_chain/gcc/12.2 mpacbti-rel1/bin/../lib/gcc/arm-none-eabi/12.2.1/thumb/v7-m/nofp\libc_nano.a(libc_a-findfp.o)
__get_BASEPRI                                     build/core_cm3.o
__get_CONTROL                                     build/core_cm3.o
__get_FAULTMASK                                   build/core_cm3.o
__get_MSP                                         build/core_cm3.o
__get_PRIMASK                                     build/core_cm3.o
__get_PSP                                         build/core_cm3.o
__init_array_end                                  c:/vscode_tool_chain/gcc/12.2 mpacbti-rel1/bin/../lib/gcc/arm-none-eabi/12.2.1/thumb/v7-m/nofp\libc_nano.a(libc_a-init.o)
__init_array_start                                c:/vscode_tool_chain/gcc/12.2 mpacbti-rel1/bin/../lib/gcc/arm-none-eabi/12.2.1/thumb/v7-m/nofp\libc_nano.a(libc_a-init.o)
__io_getchar                                      build/usart.o
__io_putchar                                      build/usart.o
__libc_fini_array                                 c:/vscode_tool_chain/gcc/12.2 mpacbti-rel1/bin/../lib/gcc/arm-none-eabi/12.2.1/thumb/v7-m/nofp/crt0.o
__libc_init_array                                 c:/vscode_tool_chain/gcc/12.2 mpacbti-rel1/bin/../lib/gcc/arm-none-eabi/12.2.1/thumb/v7-m/nofp\libc_nano.a(libc_a-init.o)
                                                  c:/vscode_tool_chain/gcc/12.2 mpacbti-rel1/bin/../lib/gcc/arm-none-eabi/12.2.1/thumb/v7-m/nofp/crt0.o
__lock___arc4random_mutex                         c:/vscode_tool_chain/gcc/12.2 mpacbti-rel1/bin/../lib/gcc/arm-none-eabi/12.2.1/thumb/v7-m/nofp\libc_nano.a(libc_a-lock.o)
__lock___at_quick_exit_mutex                      c:/vscode_tool_chain/gcc/12.2 mpacbti-rel1/bin/../lib/gcc/arm-none-eabi/12.2.1/thumb/v7-m/nofp\libc_nano.a(libc_a-lock.o)
__lock___atexit_recursive_mutex                   c:/vscode_tool_chain/gcc/12.2 mpacbti-rel1/bin/../lib/gcc/arm-none-eabi/12.2.1/thumb/v7-m/nofp\libc_nano.a(libc_a-lock.o)
__lock___dd_hash_mutex                            c:/vscode_tool_chain/gcc/12.2 mpacbti-rel1/bin/../lib/gcc/arm-none-eabi/12.2.1/thumb/v7-m/nofp\libc_nano.a(libc_a-lock.o)
__lock___env_recursive_mutex                      c:/vscode_tool_chain/gcc/12.2 mpacbti-rel1/bin/../lib/gcc/arm-none-eabi/12.2.1/thumb/v7-m/nofp\libc_nano.a(libc_a-lock.o)
__lock___malloc_recursive_mutex                   c:/vscode_tool_chain/gcc/12.2 mpacbti-rel1/bin/../lib/gcc/arm-none-eabi/12.2.1/thumb/v7-m/nofp\libc_nano.a(libc_a-lock.o)
                                                  c:/vscode_tool_chain/gcc/12.2 mpacbti-rel1/bin/../lib/gcc/arm-none-eabi/12.2.1/thumb/v7-m/nofp\libc_nano.a(libc_a-mlock.o)
__lock___sfp_recursive_mutex                      c:/vscode_tool_chain/gcc/12.2 mpacbti-rel1/bin/../lib/gcc/arm-none-eabi/12.2.1/thumb/v7-m/nofp\libc_nano.a(libc_a-lock.o)
                                                  c:/vscode_tool_chain/gcc/12.2 mpacbti-rel1/bin/../lib/gcc/arm-none-eabi/12.2.1/thumb/v7-m/nofp\libc_nano.a(libc_a-findfp.o)
__lock___tz_mutex                                 c:/vscode_tool_chain/gcc/12.2 mpacbti-rel1/bin/../lib/gcc/arm-none-eabi/12.2.1/thumb/v7-m/nofp\libc_nano.a(libc_a-lock.o)
__malloc_free_list                                c:/vscode_tool_chain/gcc/12.2 mpacbti-rel1/bin/../lib/gcc/arm-none-eabi/12.2.1/thumb/v7-m/nofp\libc_nano.a(libc_a-mallocr.o)
                                                  c:/vscode_tool_chain/gcc/12.2 mpacbti-rel1/bin/../lib/gcc/arm-none-eabi/12.2.1/thumb/v7-m/nofp\libc_nano.a(libc_a-freer.o)
__malloc_lock                                     c:/vscode_tool_chain/gcc/12.2 mpacbti-rel1/bin/../lib/gcc/arm-none-eabi/12.2.1/thumb/v7-m/nofp\libc_nano.a(libc_a-mlock.o)
                                                  c:/vscode_tool_chain/gcc/12.2 mpacbti-rel1/bin/../lib/gcc/arm-none-eabi/12.2.1/thumb/v7-m/nofp\libc_nano.a(libc_a-mallocr.o)
                                                  c:/vscode_tool_chain/gcc/12.2 mpacbti-rel1/bin/../lib/gcc/arm-none-eabi/12.2.1/thumb/v7-m/nofp\libc_nano.a(libc_a-freer.o)
__malloc_sbrk_start                               c:/vscode_tool_chain/gcc/12.2 mpacbti-rel1/bin/../lib/gcc/arm-none-eabi/12.2.1/thumb/v7-m/nofp\libc_nano.a(libc_a-mallocr.o)
__malloc_unlock                                   c:/vscode_tool_chain/gcc/12.2 mpacbti-rel1/bin/../lib/gcc/arm-none-eabi/12.2.1/thumb/v7-m/nofp\libc_nano.a(libc_a-mlock.o)
                                                  c:/vscode_tool_chain/gcc/12.2 mpacbti-rel1/bin/../lib/gcc/arm-none-eabi/12.2.1/thumb/v7-m/nofp\libc_nano.a(libc_a-mallocr.o)
                                                  c:/vscode_tool_chain/gcc/12.2 mpacbti-rel1/bin/../lib/gcc/arm-none-eabi/12.2.1/thumb/v7-m/nofp\libc_nano.a(libc_a-freer.o)
__preinit_array_end                               c:/vscode_tool_chain/gcc/12.2 mpacbti-rel1/bin/../lib/gcc/arm-none-eabi/12.2.1/thumb/v7-m/nofp\libc_nano.a(libc_a-init.o)
__preinit_array_start                             c:/vscode_tool_chain/gcc/12.2 mpacbti-rel1/bin/../lib/gcc/arm-none-eabi/12.2.1/thumb/v7-m/nofp\libc_nano.a(libc_a-init.o)
__register_frame_info                             c:/vscode_tool_chain/gcc/12.2 mpacbti-rel1/bin/../lib/gcc/arm-none-eabi/12.2.1/thumb/v7-m/nofp/crtbegin.o
__retarget_lock_acquire                           c:/vscode_tool_chain/gcc/12.2 mpacbti-rel1/bin/../lib/gcc/arm-none-eabi/12.2.1/thumb/v7-m/nofp\libc_nano.a(libc_a-lock.o)
__retarget_lock_acquire_recursive                 c:/vscode_tool_chain/gcc/12.2 mpacbti-rel1/bin/../lib/gcc/arm-none-eabi/12.2.1/thumb/v7-m/nofp\libc_nano.a(libc_a-lock.o)
                                                  c:/vscode_tool_chain/gcc/12.2 mpacbti-rel1/bin/../lib/gcc/arm-none-eabi/12.2.1/thumb/v7-m/nofp\libc_nano.a(libc_a-fflush.o)
                                                  c:/vscode_tool_chain/gcc/12.2 mpacbti-rel1/bin/../lib/gcc/arm-none-eabi/12.2.1/thumb/v7-m/nofp\libc_nano.a(libc_a-mlock.o)
                                                  c:/vscode_tool_chain/gcc/12.2 mpacbti-rel1/bin/../lib/gcc/arm-none-eabi/12.2.1/thumb/v7-m/nofp\libc_nano.a(libc_a-findfp.o)
__retarget_lock_close                             c:/vscode_tool_chain/gcc/12.2 mpacbti-rel1/bin/../lib/gcc/arm-none-eabi/12.2.1/thumb/v7-m/nofp\libc_nano.a(libc_a-lock.o)
__retarget_lock_close_recursive                   c:/vscode_tool_chain/gcc/12.2 mpacbti-rel1/bin/../lib/gcc/arm-none-eabi/12.2.1/thumb/v7-m/nofp\libc_nano.a(libc_a-lock.o)
__retarget_lock_init                              c:/vscode_tool_chain/gcc/12.2 mpacbti-rel1/bin/../lib/gcc/arm-none-eabi/12.2.1/thumb/v7-m/nofp\libc_nano.a(libc_a-lock.o)
__retarget_lock_init_recursive                    c:/vscode_tool_chain/gcc/12.2 mpacbti-rel1/bin/../lib/gcc/arm-none-eabi/12.2.1/thumb/v7-m/nofp\libc_nano.a(libc_a-lock.o)
                                                  c:/vscode_tool_chain/gcc/12.2 mpacbti-rel1/bin/../lib/gcc/arm-none-eabi/12.2.1/thumb/v7-m/nofp\libc_nano.a(libc_a-findfp.o)
__retarget_lock_release                           c:/vscode_tool_chain/gcc/12.2 mpacbti-rel1/bin/../lib/gcc/arm-none-eabi/12.2.1/thumb/v7-m/nofp\libc_nano.a(libc_a-lock.o)
__retarget_lock_release_recursive                 c:/vscode_tool_chain/gcc/12.2 mpacbti-rel1/bin/../lib/gcc/arm-none-eabi/12.2.1/thumb/v7-m/nofp\libc_nano.a(libc_a-lock.o)
                                                  c:/vscode_tool_chain/gcc/12.2 mpacbti-rel1/bin/../lib/gcc/arm-none-eabi/12.2.1/thumb/v7-m/nofp\libc_nano.a(libc_a-fflush.o)
                                                  c:/vscode_tool_chain/gcc/12.2 mpacbti-rel1/bin/../lib/gcc/arm-none-eabi/12.2.1/thumb/v7-m/nofp\libc_nano.a(libc_a-mlock.o)
                                                  c:/vscode_tool_chain/gcc/12.2 mpacbti-rel1/bin/../lib/gcc/arm-none-eabi/12.2.1/thumb/v7-m/nofp\libc_nano.a(libc_a-findfp.o)
__retarget_lock_try_acquire                       c:/vscode_tool_chain/gcc/12.2 mpacbti-rel1/bin/../lib/gcc/arm-none-eabi/12.2.1/thumb/v7-m/nofp\libc_nano.a(libc_a-lock.o)
__retarget_lock_try_acquire_recursive             c:/vscode_tool_chain/gcc/12.2 mpacbti-rel1/bin/../lib/gcc/arm-none-eabi/12.2.1/thumb/v7-m/nofp\libc_nano.a(libc_a-lock.o)