Archive member included to satisfy reference by file (symbol)

c:/vscode_tool_chain/gcc/12.2 mpacbti-rel1/bin/../lib/gcc/arm-none-eabi/12.2.1/thumb/v7-m/nofp\libc_nano.a(libc_a-exit.o)
                              c:/vscode_tool_chain/gcc/12.2 mpacbti-rel1/bin/../lib/gcc/arm-none-eabi/12.2.1/thumb/v7-m/nofp/crt0.o (exit)
c:/vscode_tool_chain/gcc/12.2 mpacbti-rel1/bin/../lib/gcc/arm-none-eabi/12.2.1/thumb/v7-m/nofp\libc_nano.a(libc_a-findfp.o)
                              c:/vscode_tool_chain/gcc/12.2 mpacbti-rel1/bin/../lib/gcc/arm-none-eabi/12.2.1/thumb/v7-m/nofp\libc_nano.a(libc_a-exit.o) (__stdio_exit_handler)
c:/vscode_tool_chain/gcc/12.2 mpacbti-rel1/bin/../lib/gcc/arm-none-eabi/12.2.1/thumb/v7-m/nofp\libc_nano.a(libc_a-fwalk.o)
                              c:/vscode_tool_chain/gcc/12.2 mpacbti-rel1/bin/../lib/gcc/arm-none-eabi/12.2.1/thumb/v7-m/nofp\libc_nano.a(libc_a-findfp.o) (_fwalk_sglue)
c:/vscode_tool_chain/gcc/12.2 mpacbti-rel1/bin/../lib/gcc/arm-none-eabi/12.2.1/thumb/v7-m/nofp\libc_nano.a(libc_a-stdio.o)
                              c:/vscode_tool_chain/gcc/12.2 mpacbti-rel1/bin/../lib/gcc/arm-none-eabi/12.2.1/thumb/v7-m/nofp\libc_nano.a(libc_a-findfp.o) (__sread)
c:/vscode_tool_chain/gcc/12.2 mpacbti-rel1/bin/../lib/gcc/arm-none-eabi/12.2.1/thumb/v7-m/nofp\libc_nano.a(libc_a-memset.o)
                              c:/vscode_tool_chain/gcc/12.2 mpacbti-rel1/bin/../lib/gcc/arm-none-eabi/12.2.1/thumb/v7-m/nofp/crt0.o (memset)
c:/vscode_tool_chain/gcc/12.2 mpacbti-rel1/bin/../lib/gcc/arm-none-eabi/12.2.1/thumb/v7-m/nofp\libc_nano.a(libc_a-closer.o)
                              c:/vscode_tool_chain/gcc/12.2 mpacbti-rel1/bin/../lib/gcc/arm-none-eabi/12.2.1/thumb/v7-m/nofp\libc_nano.a(libc_a-stdio.o) (_close_r)
c:/vscode_tool_chain/gcc/12.2 mpacbti-rel1/bin/../lib/gcc/arm-none-eabi/12.2.1/thumb/v7-m/nofp\libc_nano.a(libc_a-reent.o)
                              c:/vscode_tool_chain/gcc/12.2 mpacbti-rel1/bin/../lib/gcc/arm-none-eabi/12.2.1/thumb/v7-m/nofp\libc_nano.a(libc_a-closer.o) (errno)
c:/vscode_tool_chain/gcc/12.2 mpacbti-rel1/bin/../lib/gcc/arm-none-eabi/12.2.1/thumb/v7-m/nofp\libc_nano.a(libc_a-impure.o)
                              c:/vscode_tool_chain/gcc/12.2 mpacbti-rel1/bin/../lib/gcc/arm-none-eabi/12.2.1/thumb/v7-m/nofp\libc_nano.a(libc_a-reent.o) (_impure_ptr)
c:/vscode_tool_chain/gcc/12.2 mpacbti-rel1/bin/../lib/gcc/arm-none-eabi/12.2.1/thumb/v7-m/nofp\libc_nano.a(libc_a-lseekr.o)
                              c:/vscode_tool_chain/gcc/12.2 mpacbti-rel1/bin/../lib/gcc/arm-none-eabi/12.2.1/thumb/v7-m/nofp\libc_nano.a(libc_a-stdio.o) (_lseek_r)
c:/vscode_tool_chain/gcc/12.2 mpacbti-rel1/bin/../lib/gcc/arm-none-eabi/12.2.1/thumb/v7-m/nofp\libc_nano.a(libc_a-readr.o)
                              c:/vscode_tool_chain/gcc/12.2 mpacbti-rel1/bin/../lib/gcc/arm-none-eabi/12.2.1/thumb/v7-m/nofp\libc_nano.a(libc_a-stdio.o) (_read_r)
c:/vscode_tool_chain/gcc/12.2 mpacbti-rel1/bin/../lib/gcc/arm-none-eabi/12.2.1/thumb/v7-m/nofp\libc_nano.a(libc_a-writer.o)
                              c:/vscode_tool_chain/gcc/12.2 mpacbti-rel1/bin/../lib/gcc/arm-none-eabi/12.2.1/thumb/v7-m/nofp\libc_nano.a(libc_a-stdio.o) (_write_r)
c:/vscode_tool_chain/gcc/12.2 mpacbti-rel1/bin/../lib/gcc/arm-none-eabi/12.2.1/thumb/v7-m/nofp\libc_nano.a(libc_a-init.o)
                              c:/vscode_tool_chain/gcc/12.2 mpacbti-rel1/bin/../lib/gcc/arm-none-eabi/12.2.1/thumb/v7-m/nofp/crt0.o (__libc_init_array)
c:/vscode_tool_chain/gcc/12.2 mpacbti-rel1/bin/../lib/gcc/arm-none-eabi/12.2.1/thumb/v7-m/nofp\libc_nano.a(libc_a-lock.o)
                              c:/vscode_tool_chain/gcc/12.2 mpacbti-rel1/bin/../lib/gcc/arm-none-eabi/12.2.1/thumb/v7-m/nofp\libc_nano.a(libc_a-findfp.o) (__retarget_lock_init_recursive)
c:/vscode_tool_chain/gcc/12.2 mpacbti-rel1/bin/../lib/gcc/arm-none-eabi/12.2.1/thumb/v7-m/nofp\libc_nano.a(libc_a-memcpy-stub.o)
                              Build/queue.o (memcpy)
c:/vscode_tool_chain/gcc/12.2 mpacbti-rel1/bin/../lib/gcc/arm-none-eabi/12.2.1/thumb/v7-m/nofp\libc_nano.a(libc_a-freer.o)
                              c:/vscode_tool_chain/gcc/12.2 mpacbti-rel1/bin/../lib/gcc/arm-none-eabi/12.2.1/thumb/v7-m/nofp\libc_nano.a(libc_a-reent.o) (_free_r)
c:/vscode_tool_chain/gcc/12.2 mpacbti-rel1/bin/../lib/gcc/arm-none-eabi/12.2.1/thumb/v7-m/nofp\libc_nano.a(libc_a-mallocr.o)
                              c:/vscode_tool_chain/gcc/12.2 mpacbti-rel1/bin/../lib/gcc/arm-none-eabi/12.2.1/thumb/v7-m/nofp\libc_nano.a(libc_a-findfp.o) (_malloc_r)
c:/vscode_tool_chain/gcc/12.2 mpacbti-rel1/bin/../lib/gcc/arm-none-eabi/12.2.1/thumb/v7-m/nofp\libc_nano.a(libc_a-mlock.o)
                              c:/vscode_tool_chain/gcc/12.2 mpacbti-rel1/bin/../lib/gcc/arm-none-eabi/12.2.1/thumb/v7-m/nofp\libc_nano.a(libc_a-freer.o) (__malloc_lock)
c:/vscode_tool_chain/gcc/12.2 mpacbti-rel1/bin/../lib/gcc/arm-none-eabi/12.2.1/thumb/v7-m/nofp\libc_nano.a(libc_a-fflush.o)
[...]
Memory Configuration

Name             Origin             Length             Attributes
RAM              0x20000000         0x00010000         xrw
FLASH            0x08000000         0x00080000         xr
*default*        0x00000000         0xffffffff

Linker script and memory map

LOAD c:/vscode_tool_chain/gcc/12.2 mpacbti-rel1/bin/../lib/gcc/arm-none-eabi/12.2.1/thumb/v7-m/nofp/crti.o
LOAD c:/vscode_tool_chain/gcc/12.2 mpacbti-rel1/bin/../lib/gcc/arm-none-eabi/12.2.1/thumb/v7-m/nofp/crtbegin.o
LOAD c:/vscode_tool_chain/gcc/12.2 mpacbti-rel1/bin/../lib/gcc/arm-none-eabi/12.2.1/thumb/v7-m/nofp/crt0.o
LOAD Build/core_cm3.o
LOAD Build/system_stm32f10x.o
LOAD Build/misc.o
LOAD Build/stm32f10x_adc.o
LOAD Build/stm32f10x_bkp.o
LOAD Build/stm32f10x_can.o
LOAD Build/stm32f10x_cec.o
LOAD Build/stm32f10x_crc.o
LOAD Build/stm32f10x_dac.o
LOAD Build/stm32f10x_dbgmcu.o
LOAD Build/stm32f10x_dma.o
LOAD Build/stm32f10x_exti.o
LOAD Build/stm32f10x_flash.o
LOAD Build/stm32f10x_fsmc.o
LOAD Build/stm32f10x_gpio.o
LOAD Build/stm32f10x_i2c.o
LOAD Build/stm32f10x_iwdg.o
LOAD Build/stm32f10x_pwr.o
LOAD Build/stm32f10x_rcc.o
LOAD Build/stm32f10x_rtc.o
LOAD Build/stm32f10x_sdio.o
LOAD Build/stm32f10x_spi.o
LOAD Build/stm32f10x_tim.o
LOAD Build/stm32f10x_usart.o
LOAD Build/stm32f10x_wwdg.o
LOAD Build/main.o
LOAD Build/stm32f10x_it.o
LOAD Build/led.o
LOAD Build/croutine.o
LOAD Build/event_groups.o
LOAD Build/list.o
LOAD Build/queue.o
LOAD Build/stream_buffer.o
LOAD Build/tasks.o
LOAD Build/timers.o
LOAD Build/port.o
LOAD Build/heap_4.o
LOAD Build/delay.o
LOAD Build/sys.o
LOAD Build/usart.o
LOAD Build/startup_stm32f10x_hd.o
START GROUP
LOAD c:/vscode_tool_chain/gcc/12.2 mpacbti-rel1/bin/../lib/gcc/arm-none-eabi/12.2.1/thumb/v7-m/nofp\libgcc.a
LOAD c:/vscode_tool_chain/gcc/12.2 mpacbti-rel1/bin/../lib/gcc/arm-none-eabi/12.2.1/thumb/v7-m/nofp\libc_nano.a
END GROUP
START GROUP
LOAD c:/vscode_tool_chain/gcc/12.2 mpacbti-rel1/bin/../lib/gcc/arm-none-eabi/12.2.1/thumb/v7-m/nofp\libgcc.a
LOAD c:/vscode_tool_chain/gcc/12.2 mpacbti-rel1/bin/../lib/gcc/arm-none-eabi/12.2.1/thumb/v7-m/nofp\libc_nano.a
END GROUP
LOAD c:/vscode_tool_chain/gcc/12.2 mpacbti-rel1/bin/../lib/gcc/arm-none-eabi/12.2.1/thumb/v7-m/nofp/crtend.o
LOAD c:/vscode_tool_chain/gcc/12.2 mpacbti-rel1/bin/../lib/gcc/arm-none-eabi/12.2.1/thumb/v7-m/nofp/crtn.o
                0x20010000                        _estack = (ORIGIN (RAM) + LENGTH (RAM))
                0x00000200                        _Min_Heap_Size = 0x200
                0x00000400                        _Min_Stack_Size = 0x400

.isr_vector     0x08000000      0x1e4
                0x08000000                        . = ALIGN (0x4)
 *(.isr_vector)
 .isr_vector    0x08000000      0x1e4 Build/startup_stm32f10x_hd.o
                0x08000000                g_pfnVectors
                0x080001e4                        . = ALIGN (0x4)

.text           0x080001e4      0xcbc
                0x080001e4                        . = ALIGN (0x4)
 *(.text)
 *(.text*)
 .text.deregister_tm_clones
                0x080001e4       0x1c c:/vscode_tool_chain/gcc/12.2 mpacbti-rel1/bin/../lib/gcc/arm-none-eabi/12.2.1/thumb/v7-m/nofp/crtbegin.o
 .text.register_tm_clones
                0x08000200       0x24 c:/vscode_tool_chain/gcc/12.2 mpacbti-rel1/bin/../lib/gcc/arm-none-eabi/12.2.1/thumb/v7-m/nofp/crtbegin.o
 .text.__do_global_dtors_aux
                0x08000224       0x28 c:/vscode_tool_chain/gcc/12.2 mpacbti-rel1/bin/../lib/gcc/arm-none-eabi/12.2.1/thumb/v7-m/nofp/crtbegin.o
 .text.frame_dummy
                0x0800024c       0x24 c:/vscode_tool_chain/gcc/12.2 mpacbti-rel1/bin/../lib/gcc/arm-none-eabi/12.2.1/thumb/v7-m/nofp/crtbegin.o
 .text.SetSysClockTo72
                0x08000270       0xc4 Build/system_stm32f10x.o
 .text.SetSysClock
                0x08000334        0x8 Build/system_stm32f10x.o
 .text.SystemInit
                0x0800033c       0x50 Build/system_stm32f10x.o
                0x0800033c                SystemInit
 .text.NVIC_PriorityGroupConfig
                0x0800038c       0x14 Build/misc.o
                0x0800038c                NVIC_PriorityGroupConfig
 .text.NVIC_Init
                0x080003a0       0x60 Build/misc.o
                0x080003a0                NVIC_Init
 .text.SysTick_CLKSourceConfig
                0x08000400       0x20 Build/misc.o
                0x08000400                SysTick_CLKSourceConfig
 .text.GPIO_Init
                0x08000420       0xb0 Build/stm32f10x_gpio.o
                0x08000420                GPIO_Init
 .text.GPIO_SetBits
                0x080004d0        0x4 Build/stm32f10x_gpio.o
                0x080004d0                GPIO_SetBits
 .text.RCC_GetClocksFreq
                0x080004d4       0xbc Build/stm32f10x_rcc.o
                0x080004d4                RCC_GetClocksFreq
 .text.RCC_APB2PeriphClockCmd
                0x08000590       0x1c Build/stm32f10x_rcc.o
                0x08000590                RCC_APB2PeriphClockCmd
 .text.USART_Init
                0x080005ac       0xc4 Build/stm32f10x_usart.o
                0x080005ac                USART_Init
 .text.USART_Cmd
                0x08000670       0x1c Build/stm32f10x_usart.o
                0x08000670                USART_Cmd
 .text.USART_ITConfig
                0x0800068c       0x36 Build/stm32f10x_usart.o
                0x0800068c                USART_ITConfig
 .text.USART_ReceiveData
                0x080006c2        0x8 Build/stm32f10x_usart.o
                0x080006c2                USART_ReceiveData
 .text.USART_GetITStatus
                0x080006ca       0x4a Build/stm32f10x_usart.o
                0x080006ca                USART_GetITStatus
 .text.startup.main
                0x08000714       0x48 Build/main.o
                0x08000714                main
 .text.NMI_Handler
                0x0800075c        0x2 Build/stm32f10x_it.o
                0x0800075c                NMI_Handler
 .text.HardFault_Handler
                0x0800075e        0x2 Build/stm32f10x_it.o
                0x0800075e                HardFault_Handler
 .text.MemManage_Handler
                0x08000760        0x2 Build/stm32f10x_it.o
                0x08000760                MemManage_Handler
 .text.BusFault_Handler
                0x08000762        0x2 Build/stm32f10x_it.o
                0x08000762                BusFault_Handler
 .text.UsageFault_Handler
                0x08000764        0x2 Build/stm32f10x_it.o
                0x08000764                UsageFault_Handler
 .text.DebugMon_Handler
                0x08000766        0x2 Build/stm32f10x_it.o
                0x08000766                DebugMon_Handler
 .text.LED_Init
                0x08000768       0x50 Build/led.o
                0x08000768                LED_Init
 .text.vListInsert
                0x080007b8       0x32 Build/list.o
                0x080007b8                vListInsert
 .text.uxListRemove
                0x080007ea       0x26 Build/list.o
                0x080007ea                uxListRemove
 .text.prvResetNextTaskUnblockTime
                0x08000810       0x28 Build/tasks.o
 .text.prvAddCurrentTaskToDelayedList
                0x08000838       0xb0 Build/tasks.o
 .text.vTaskSuspendAll
                0x080008e8       0x10 Build/tasks.o
                0x080008e8                vTaskSuspendAll
 .text.xTaskIncrementTick
                0x080008f8      0x160 Build/tasks.o
                0x080008f8                xTaskIncrementTick
 .text.xTaskResumeAll
                0x08000a58      0x134 Build/tasks.o
                0x08000a58                xTaskResumeAll
 .text.vTaskDelay
                0x08000b8c       0x32 Build/tasks.o
                0x08000b8c                vTaskDelay
 *fill*         0x08000bbe        0x2 
 .text.xTaskGetSchedulerState
                0x08000bc0       0x20 Build/tasks.o
                0x08000bc0                xTaskGetSchedulerState
 .text.vPortEnterCritical
                0x08000be0       0x20 Build/port.o
                0x08000be0                vPortEnterCritical
 .text.vPortExitCritical
                0x08000c00       0x14 Build/port.o
                0x08000c00                vPortExitCritical
 .text.xPortSysTickHandler
                0x08000c14       0x2c Build/port.o
                0x08000c14                xPortSysTickHandler
 .text.SysTick_Handler
                0x08000c40       0x12 Build/delay.o
                0x08000c40                SysTick_Handler
 *fill*         0x08000c52        0x2 
 .text.delay_init
                0x08000c54       0x50 Build/delay.o
                0x08000c54                delay_init
 .text.delay_us
                0x08000ca4       0x40 Build/delay.o
                0x08000ca4                delay_us
 .text.delay_ms
                0x08000ce4       0x3c Build/delay.o
                0x08000ce4                delay_ms
 .text.uart_init
                0x08000d20       0xa4 Build/usart.o
                0x08000d20                uart_init
 .text.USART1_IRQHandler
                0x08000dc4       0x7c Build/usart.o
                0x08000dc4                USART1_IRQHandler
 .text.Reset_Handler
                0x08000e40       0x44 Build/startup_stm32f10x_hd.o
                0x08000e40                Reset_Handler
 .text.Default_Handler
                0x08000e84        0x2 Build/startup_stm32f10x_hd.o
                0x08000e84                EXTI2_IRQHandler
                0x08000e84                TIM8_TRG_COM_IRQHandler
                0x08000e84                TIM8_CC_IRQHandler
                0x08000e84                TIM1_CC_IRQHandler
                0x08000e84                TIM6_IRQHandler
                0x08000e84                PVD_IRQHandler
                0x08000e84                SDIO_IRQHandler
                0x08000e84                PendSV_Handler
                0x08000e84                EXTI3_IRQHandler
                0x08000e84                EXTI0_IRQHandler
                0x08000e84                I2C2_EV_IRQHandler
                0x08000e84                ADC1_2_IRQHandler
                0x08000e84                SPI1_IRQHandler
                0x08000e84                TAMPER_IRQHandler
                0x08000e84                TIM8_UP_IRQHandler
                0x08000e84                DMA2_Channel2_IRQHandler
                0x08000e84                DMA1_Channel4_IRQHandler
                0x08000e84                USART3_IRQHandler
                0x08000e84                RTC_IRQHandler
                0x08000e84                DMA1_Channel7_IRQHandler
                0x08000e84                CAN1_RX1_IRQHandler
                0x08000e84                UART5_IRQHandler
                0x08000e84                ADC3_IRQHandler
                0x08000e84                TIM4_IRQHandler
                0x08000e84                DMA2_Channel1_IRQHandler
                0x08000e84                I2C1_EV_IRQHandler
                0x08000e84                DMA1_Channel6_IRQHandler
                0x08000e84                UART4_IRQHandler
                0x08000e84                TIM3_IRQHandler
                0x08000e84                RCC_IRQHandler
                0x08000e84                TIM1_TRG_COM_IRQHandler
                0x08000e84                DMA1_Channel1_IRQHandler
                0x08000e84                Default_Handler
                0x08000e84                EXTI15_10_IRQHandler
                0x08000e84                TIM7_IRQHandler
                0x08000e84                TIM5_IRQHandler
                0x08000e84                EXTI9_5_IRQHandler
                0x08000e84                SPI2_IRQHandler
                0x08000e84                SVC_Handler
                0x08000e84                DMA1_Channel5_IRQHandler
                0x08000e84                EXTI4_IRQHandler
                0x08000e84                USB_LP_CAN1_RX0_IRQHandler
                0x08000e84                USB_HP_CAN1_TX_IRQHandler
                0x08000e84                DMA1_Channel3_IRQHandler
                0x08000e84                FSMC_IRQHandler
                0x08000e84                TIM1_UP_IRQHandler
                0x08000e84                WWDG_IRQHandler
                0x08000e84                TIM2_IRQHandler
                0x08000e84                TIM1_BRK_IRQHandler
                0x08000e84                EXTI1_IRQHandler
                0x08000e84                RTCAlarm_IRQHandler
                0x08000e84                DMA2_Channel4_5_IRQHandler
                0x08000e84                USART2_IRQHandler
                0x08000e84                I2C2_ER_IRQHandler
                0x08000e84                DMA1_Channel2_IRQHandler
                0x08000e84                TIM8_BRK_IRQHandler
                0x08000e84                CAN1_SCE_IRQHandler
                0x08000e84                FLASH_IRQHandler
                0x08000e84                SPI3_IRQHandler
                0x08000e84                I2C1_ER_IRQHandler
                0x08000e84                USBWakeUp_IRQHandler
                0x08000e84                DMA2_Channel3_IRQHandler
 *(.glue_7)
 .glue_7        0x08000e86        0x0 linker stubs
 *(.glue_7t)
 .glue_7t       0x08000e86        0x0 linker stubs
 *(.eh_frame)
 *fill*         0x08000e86        0x2 
 .eh_frame      0x08000e88        0x0 c:/vscode_tool_chain/gcc/12.2 mpacbti-rel1/bin/../lib/gcc/arm-none-eabi/12.2.1/thumb/v7-m/nofp/crtbegin.o
 *(.init)
 .init          0x08000e88        0x4 c:/vscode_tool_chain/gcc/12.2 mpacbti-rel1/bin/../lib/gcc/arm-none-eabi/12.2.1/thumb/v7-m/nofp/crti.o
                0x08000e88                _init
 .init          0x08000e8c        0x8 c:/vscode_tool_chain/gcc/12.2 mpacbti-rel1/bin/../lib/gcc/arm-none-eabi/12.2.1/thumb/v7-m/nofp/crtn.o
 *(.fini)
 .fini          0x08000e94        0x4 c:/vscode_tool_chain/gcc/12.2 mpacbti-rel1/bin/../lib/gcc/arm-none-eabi/12.2.1/thumb/v7-m/nofp/crti.o
                0x08000e94                _fini
 .fini          0x08000e98        0x8 c:/vscode_tool_chain/gcc/12.2 mpacbti-rel1/bin/../lib/gcc/arm-none-eabi/12.2.1/thumb/v7-m/nofp/crtn.o
                0x08000ea0                        . = ALIGN (0x4)
                0x08000ea0                        _etext = .

.vfp11_veneer   0x08000ea0        0x0
 .vfp11_veneer  0x08000ea0        0x0 linker stubs

.v4_bx          0x08000ea0        0x0
 .v4_bx         0x08000ea0        0x0 linker stubs

.iplt           0x08000ea0        0x0
 .iplt          0x08000ea0        0x0 c:/vscode_tool_chain/gcc/12.2 mpacbti-rel1/bin/../lib/gcc/arm-none-eabi/12.2.1/thumb/v7-m/nofp/crtbegin.o

.rel.dyn        0x08000ea0        0x0
 .rel.iplt      0x08000ea0        0x0 c:/vscode_tool_chain/gcc/12.2 mpacbti-rel1/bin/../lib/gcc/arm-none-eabi/12.2.1/thumb/v7-m/nofp/crtbegin.o

.rodata         0x08000ea0        0x0
                0x08000ea0                        . = ALIGN (0x4)
 *(.rodata)
 *(.rodata*)
                0x08000ea0                        . = ALIGN (0x4)

.ARM.extab
 *(.ARM.extab* .gnu.linkonce.armextab.*)

.ARM            0x08000ea0        0x0
                0x08000ea0                        __exidx_start = .
 *(.ARM.exidx*)
                0x08000ea0                        __exidx_end = .

.preinit_array  0x08000ea0        0x0
                0x08000ea0                        PROVIDE (__preinit_array_start = .)
 *(.preinit_array*)
                0x08000ea0                        PROVIDE (__preinit_array_end = .)

.init_array     0x08000ea0        0x4
                0x08000ea0                        PROVIDE (__init_array_start = .)
 *(SORT_BY_NAME(.init_array.*))
 *(.init_array*)
 .init_array    0x08000ea0        0x4 c:/vscode_tool_chain/gcc/12.2 mpacbti-rel1/bin/../lib/gcc/arm-none-eabi/12.2.1/thumb/v7-m/nofp/crtbegin.o
                0x08000ea4                        PROVIDE (__init_array_end = .)

.fini_array     0x08000ea4        0x4
                [!provide]                        PROVIDE (__fini_array_start = .)
 *(SORT_BY_NAME(.fini_array.*))
 *(.fini_array*)
 .fini_array    0x08000ea4        0x4 c:/vscode_tool_chain/gcc/12.2 mpacbti-rel1/bin/../lib/gcc/arm-none-eabi/12.2.1/thumb/v7-m/nofp/crtbegin.o
                [!provide]                        PROVIDE (__fini_array_end = .)
                0x08000ea8                        _sidata = LOADADDR (.data)

.data           0x20000000       0x1c load address 0x08000ea8
                0x20000000                        . = ALIGN (0x4)
                0x20000000                        _sdata = .
 *(.data)
 *(.data*)
 .data.SystemCoreClock
                0x20000000        0x4 Build/system_stm32f10x.o
                0x20000000                SystemCoreClock
 .data.ADCPrescTable
                0x20000004        0x4 Build/stm32f10x_rcc.o
 .data.APBAHBPrescTable
                0x20000008       0x10 Build/stm32f10x_rcc.o
 .data.uxCriticalNesting
                0x20000018        0x4 Build/port.o
                0x2000001c                        . = ALIGN (0x4)
                0x2000001c                        _edata = .

.tm_clone_table
                0x2000001c        0x0 load address 0x08000ec4
 .tm_clone_table
                0x2000001c        0x0 c:/vscode_tool_chain/gcc/12.2 mpacbti-rel1/bin/../lib/gcc/arm-none-eabi/12.2.1/thumb/v7-m/nofp/crtbegin.o
 .tm_clone_table
                0x2000001c        0x0 c:/vscode_tool_chain/gcc/12.2 mpacbti-rel1/bin/../lib/gcc/arm-none-eabi/12.2.1/thumb/v7-m/nofp/crtend.o

.igot.plt       0x2000001c        0x0 load address 0x08000ec4
 .igot.plt      0x2000001c        0x0 c:/vscode_tool_chain/gcc/12.2 mpacbti-rel1/bin/../lib/gcc/arm-none-eabi/12.2.1/thumb/v7-m/nofp/crtbegin.o
                0x2000001c                        . = ALIGN (0x4)

.bss            0x2000001c      0x3c4 load address 0x08000ec4
                0x2000001c                        _sbss = .
                0x2000001c                        __bss_start__ = _sbss
 *(.bss)
 *(.bss*)
 .bss.completed.1
                0x2000001c        0x1 c:/vscode_tool_chain/gcc/12.2 mpacbti-rel1/bin/../lib/gcc/arm-none-eabi/12.2.1/thumb/v7-m/nofp/crtbegin.o
 *fill*         0x2000001d        0x3 
 .bss.object.0  0x20000020       0x18 c:/vscode_tool_chain/gcc/12.2 mpacbti-rel1/bin/../lib/gcc/arm-none-eabi/12.2.1/thumb/v7-m/nofp/crtbegin.o
 .bss.uxSchedulerSuspended
                0x20000038        0x4 Build/tasks.o
 .bss.xNextTaskUnblockTime
                0x2000003c        0x4 Build/tasks.o
 .bss.xNumOfOverflows
                0x20000040        0x4 Build/tasks.o
 .bss.xYieldPending
                0x20000044        0x4 Build/tasks.o
 .bss.xPendedTicks
                0x20000048        0x4 Build/tasks.o
 .bss.xSchedulerRunning
                0x2000004c        0x4 Build/tasks.o
 .bss.uxTopReadyPriority
                0x20000050        0x4 Build/tasks.o
 .bss.xTickCount
                0x20000054        0x4 Build/tasks.o
 .bss.uxCurrentNumberOfTasks
                0x20000058        0x4 Build/tasks.o
 .bss.xSuspendedTaskList
                0x2000005c       0x14 Build/tasks.o
 .bss.xPendingReadyList
                0x20000070       0x14 Build/tasks.o
 .bss.pxOverflowDelayedTaskList
                0x20000084        0x4 Build/tasks.o
 .bss.pxDelayedTaskList
                0x20000088        0x4 Build/tasks.o
 .bss.pxReadyTasksLists
                0x2000008c      0x280 Build/tasks.o
 .bss.pxCurrentTCB
                0x2000030c        0x4 Build/tasks.o
                0x2000030c                pxCurrentTCB
 .bss.fac_ms    0x20000310        0x2 Build/delay.o
 .bss.fac_us    0x20000312        0x1 Build/delay.o
 *fill*         0x20000313        0x1 
 .bss.USART_RX_STA
                0x20000314        0x2 Build/usart.o
                0x20000314                USART_RX_STA
 *fill*         0x20000316        0x2 
 .bss.USART_RX_BUF
                0x20000318       0xc8 Build/usart.o
                0x20000318                USART_RX_BUF
 *(COMMON)
                0x200003e0                        . = ALIGN (0x4)
                0x200003e0                        _ebss = .
                0x200003e0                        __bss_end__ = _ebss

._user_heap_stack
                0x200003e0      0x600 load address 0x08000ec4
                0x200003e0                        . = ALIGN (0x8)
                [!provide]                        PROVIDE (end = .)
                [!provide]                        PROVIDE (_end = .)
                0x200005e0                        . = (. + _Min_Heap_Size)
 *fill*         0x200003e0      0x200 
                0x200009e0                        . = (. + _Min_Stack_Size)
 *fill*         0x200005e0      0x400 
                0x200009e0                        . = ALIGN (0x8)

/DISCARD/
 libc.a(*)
 libm.a(*)
 libgcc.a(*)

.ARM.attributes
                0x00000000       0x29
 *(.ARM.attributes)
 .ARM.attributes
                0x00000000       0x1d c:/vscode_tool_chain/gcc/12.2 mpacbti-rel1/bin/../lib/gcc/arm-none-eabi/12.2.1/thumb/v7-m/nofp/crti.o
 .ARM.attributes
                0x0000001d       0x2d c:/vscode_tool_chain/gcc/12.2 mpacbti-rel1/bin/../lib/gcc/arm-none-eabi/12.2.1/thumb/v7-m/nofp/crtbegin.o
 .ARM.attributes
                0x0000004a       0x2d Build/system_stm32f10x.o
 .ARM.attributes
                0x00000077       0x2d Build/misc.o
 .ARM.attributes
                0x000000a4       0x2d Build/stm32f10x_gpio.o
 .ARM.attributes
                0x000000d1       0x2d Build/stm32f10x_rcc.o
 .ARM.attributes
                0x000000fe       0x2d Build/stm32f10x_usart.o
 .ARM.attributes
                0x0000012b       0x2d Build/main.o
 .ARM.attributes
                0x00000158       0x2d Build/stm32f10x_it.o
 .ARM.attributes
                0x00000185       0x2d Build/led.o
 .ARM.attributes
                0x000001b2       0x2d Build/list.o
 .ARM.attributes
                0x000001df       0x2d Build/tasks.o
 .ARM.attributes
                0x0000020c       0x2d Build/port.o
 .ARM.attributes
                0x00000239       0x2d Build/delay.o
 .ARM.attributes
                0x00000266       0x2d Build/usart.o
 .ARM.attributes
                0x00000293       0x21 Build/startup_stm32f10x_hd.o
 .ARM.attributes
                0x000002b4       0x2d c:/vscode_tool_chain/gcc/12.2 mpacbti-rel1/bin/../lib/gcc/arm-none-eabi/12.2.1/thumb/v7-m/nofp/crtend.o
 .ARM.attributes
                0x000002e1       0x1d c:/vscode_tool_chain/gcc/12.2 mpacbti-rel1/bin/../lib/gcc/arm-none-eabi/12.2.1/thumb/v7-m/nofp/crtn.o
OUTPUT(Build/led-blink.elf elf32-littlearm)
LOAD linker stubs
LOAD c:/vscode_tool_chain/gcc/12.2 mpacbti-rel1/bin/../lib/gcc/arm-none-eabi/12.2.1/thumb/v7-m/nofp\libc.a
LOAD c:/vscode_tool_chain/gcc/12.2 mpacbti-rel1/bin/../lib/gcc/arm-none-eabi/12.2.1/thumb/v7-m/nofp\libm.a
LOAD c:/vscode_tool_chain/gcc/12.2 mpacbti-rel1/bin/../lib/gcc/arm-none-eabi/12.2.1/thumb/v7-m/nofp\libgcc.a

.debug_info     0x00000000     0x6f4c
 .debug_info    0x00000000      0x500 Build/system_stm32f10x.o
 .debug_info    0x00000500      0x596 Build/misc.o
 .debug_info    0x00000a96      0x9a3 Build/stm32f10x_gpio.o
 .debug_info    0x00001439      0x9ff Build/stm32f10x_rcc.o
 .debug_info    0x00001e38      0xcf6 Build/stm32f10x_usart.o
 .debug_info    0x00002b2e      0x407 Build/main.o
 .debug_info    0x00002f35       0xf4 Build/stm32f10x_it.o
 .debug_info    0x00003029      0x312 Build/led.o
 .debug_info    0x0000333b      0x30f Build/list.o
 .debug_info    0x0000364a     0x276a Build/tasks.o
 .debug_info    0x00005db4      0x386 Build/port.o
 .debug_info    0x0000613a      0x38d Build/delay.o
 .debug_info    0x000064c7      0xa55 Build/usart.o
 .debug_info    0x00006f1c       0x30 Build/startup_stm32f10x_hd.o

.debug_abbrev   0x00000000     0x1874
 .debug_abbrev  0x00000000      0x1ba Build/system_stm32f10x.o
 .debug_abbrev  0x000001ba      0x178 Build/misc.o
 .debug_abbrev  0x00000332      0x261 Build/stm32f10x_gpio.o
 .debug_abbrev  0x00000593      0x240 Build/stm32f10x_rcc.o
 .debug_abbrev  0x000007d3      0x21d Build/stm32f10x_usart.o
 .debug_abbrev  0x000009f0      0x156 Build/main.o
 .debug_abbrev  0x00000b46       0x46 Build/stm32f10x_it.o
 .debug_abbrev  0x00000b8c      0x145 Build/led.o
 .debug_abbrev  0x00000cd1      0x124 Build/list.o
 .debug_abbrev  0x00000df5      0x3e7 Build/tasks.o
 .debug_abbrev  0x000011dc      0x23e Build/port.o
 .debug_abbrev  0x0000141a      0x1b6 Build/delay.o
 .debug_abbrev  0x000015d0      0x287 Build/usart.o
 .debug_abbrev  0x00001857       0x1d Build/startup_stm32f10x_hd.o

.debug_loc      0x00000000     0x48ae
 .debug_loc     0x00000000      0x177 Build/system_stm32f10x.o
 .debug_loc     0x00000177      0x17f Build/misc.o
 .debug_loc     0x000002f6      0x7a9 Build/stm32f10x_gpio.o
 .debug_loc     0x00000a9f      0x545 Build/stm32f10x_rcc.o
 .debug_loc     0x00000fe4      0x921 Build/stm32f10x_usart.o
 .debug_loc     0x00001905       0x98 Build/main.o
 .debug_loc     0x0000199d       0x38 Build/led.o
 .debug_loc     0x000019d5       0xe5 Build/list.o
 .debug_loc     0x00001aba     0x2810 Build/tasks.o
 .debug_loc     0x000042ca      0x12a Build/port.o
 .debug_loc     0x000043f4      0x220 Build/delay.o
 .debug_loc     0x00004614      0x29a Build/usart.o

.debug_aranges  0x00000000      0x6f0
 .debug_aranges
                0x00000000       0x38 Build/system_stm32f10x.o
 .debug_aranges
                0x00000038       0x40 Build/misc.o
 .debug_aranges
                0x00000078       0xa8 Build/stm32f10x_gpio.o
 .debug_aranges
                0x00000120      0x118 Build/stm32f10x_rcc.o
 .debug_aranges
                0x00000238      0x100 Build/stm32f10x_usart.o
 .debug_aranges
                0x00000338       0x38 Build/main.o
 .debug_aranges
                0x00000370       0x48 Build/stm32f10x_it.o
 .debug_aranges
                0x000003b8       0x20 Build/led.o
 .debug_aranges
                0x000003d8       0x40 Build/list.o
 .debug_aranges
                0x00000418      0x1c0 Build/tasks.o
 .debug_aranges
                0x000005d8       0x70 Build/port.o
 .debug_aranges
                0x00000648       0x40 Build/delay.o
 .debug_aranges
                0x00000688       0x40 Build/usart.o
 .debug_aranges
                0x000006c8       0x28 Build/startup_stm32f10x_hd.o

.debug_ranges   0x00000000      0x800
 .debug_ranges  0x00000000       0x28 Build/system_stm32f10x.o
 .debug_ranges  0x00000028       0x30 Build/misc.o
 .debug_ranges  0x00000058       0x98 Build/stm32f10x_gpio.o
 .debug_ranges  0x000000f0      0x108 Build/stm32f10x_rcc.o
 .debug_ranges  0x000001f8       0xf0 Build/stm32f10x_usart.o
 .debug_ranges  0x000002e8       0x28 Build/main.o
 .debug_ranges  0x00000310       0x38 Build/stm32f10x_it.o
 .debug_ranges  0x00000348       0x10 Build/led.o
 .debug_ranges  0x00000358       0x30 Build/list.o
 .debug_ranges  0x00000388      0x398 Build/tasks.o
 .debug_ranges  0x00000720       0x60 Build/port.o
 .debug_ranges  0x00000780       0x30 Build/delay.o
 .debug_ranges  0x000007b0       0x30 Build/usart.o
 .debug_ranges  0x000007e0       0x20 Build/startup_stm32f10x_hd.o

.debug_line     0x00000000     0x51b6
 .debug_line    0x00000000      0x419 Build/system_stm32f10x.o
 .debug_line    0x00000419      0x2a3 Build/misc.o
 .debug_line    0x000006bc      0x67c Build/stm32f10x_gpio.o
 .debug_line    0x00000d38      0x878 Build/stm32f10x_rcc.o
 .debug_line    0x000015b0      0x8d1 Build/stm32f10x_usart.o
 .debug_line    0x00001e81      0x351 Build/main.o
 .debug_line    0x000021d2       0xeb Build/stm32f10x_it.o
 .debug_line    0x000022bd      0x17a Build/led.o
 .debug_line    0x00002437      0x2f9 Build/list.o
 .debug_line    0x00002730     0x1fc7 Build/tasks.o
 .debug_line    0x000046f7      0x375 Build/port.o
 .debug_line    0x00004a6c      0x341 Build/delay.o
 .debug_line    0x00004dad      0x37e Build/usart.o
 .debug_line    0x0000512b       0x8b Build/startup_stm32f10x_hd.o

.debug_str      0x00000000     0x2586
 .debug_str     0x00000000      0x262 Build/system_stm32f10x.o
                                0x2c9 (size before relaxing)
 .debug_str     0x00000262      0x213 Build/misc.o
                                0x3a1 (size before relaxing)
 .debug_str     0x00000475      0x393 Build/stm32f10x_gpio.o
                                0x519 (size before relaxing)
 .debug_str     0x00000808      0x3c0 Build/stm32f10x_rcc.o
                                0x603 (size before relaxing)
 .debug_str     0x00000bc8      0x432 Build/stm32f10x_usart.o
                                0x6b9 (size before relaxing)
 .debug_str     0x00000ffa      0x1c0 Build/main.o
                                0x2a6 (size before relaxing)
 .debug_str     0x000011ba       0x7b Build/stm32f10x_it.o
                                0x195 (size before relaxing)
 .debug_str     0x00001235       0x28 Build/led.o
                                0x2dd (size before relaxing)
 .debug_str     0x0000125d      0x12f Build/list.o
                                0x290 (size before relaxing)
 .debug_str     0x0000138c      0xc3e Build/tasks.o
                                0xf5a (size before relaxing)
 .debug_str     0x00001fca       0xbf Build/port.o
                                0x31a (size before relaxing)
 .debug_str     0x00002089       0x64 Build/delay.o
                                0x26e (size before relaxing)
 .debug_str     0x000020ed      0x44d Build/usart.o
                                0x8fd (size before relaxing)
 .debug_str     0x0000253a       0x4c Build/startup_stm32f10x_hd.o
                                 0x5d (size before relaxing)

.comment        0x00000000       0x55
 .comment       0x00000000       0x55 Build/system_stm32f10x.o
                                 0x56 (size before relaxing)
 .comment       0x00000055       0x56 Build/misc.o
 .comment       0x00000055       0x56 Build/stm32f10x_gpio.o
 .comment       0x00000055       0x56 Build/stm32f10x_rcc.o
 .comment       0x00000055       0x56 Build/stm32f10x_usart.o
 .comment       0x00000055       0x56 Build/main.o
 .comment       0x00000055       0x56 Build/stm32f10x_it.o
 .comment       0x00000055       0x56 Build/led.o
 .comment       0x00000055       0x56 Build/list.o
 .comment       0x00000055       0x56 Build/tasks.o
 .comment       0x00000055       0x56 Build/port.o
 .comment       0x00000055       0x56 Build/delay.o
 .comment       0x00000055       0x56 Build/usart.o

.debug_frame    0x00000000      0xf60
 .debug_frame   0x00000000       0x6c Build/system_stm32f10x.o
 .debug_frame   0x0000006c       0x60 Build/misc.o
 .debug_frame   0x000000cc      0x168 Build/stm32f10x_gpio.o
 .debug_frame   0x00000234      0x228 Build/stm32f10x_rcc.o
 .debug_frame   0x0000045c      0x204 Build/stm32f10x_usart.o
 .debug_frame   0x00000660       0x80 Build/main.o
 .debug_frame   0x000006e0       0x70 Build/stm32f10x_it.o
 .debug_frame   0x00000750       0x30 Build/led.o
 .debug_frame   0x00000780       0x70 Build/list.o
 .debug_frame   0x000007f0      0x56c Build/tasks.o
 .debug_frame   0x00000d5c       0xd8 Build/port.o
 .debug_frame   0x00000e34       0x90 Build/delay.o
 .debug_frame   0x00000ec4       0x9c Build/usart.o

Cross Reference Table

Symbol                                            File
ADC1_2_IRQHandler                                 Build/startup_stm32f10x_hd.o
ADC3_IRQHandler                                   Build/startup_stm32f10x_hd.o
ADC_AnalogWatchdogCmd                             Build/stm32f10x_adc.o
ADC_AnalogWatchdogSingleChannelConfig             Build/stm32f10x_adc.o
ADC_AnalogWatchdogThresholdsConfig                Build/stm32f10x_adc.o
ADC_AutoInjectedConvCmd                           Build/stm32f10x_adc.o
ADC_ClearFlag                                     Build/stm32f10x_adc.o
ADC_ClearITPendingBit                             Build/stm32f10x_adc.o
ADC_Cmd                                           Build/stm32f10x_adc.o
ADC_DMACmd                                        Build/stm32f10x_adc.o
ADC_DeInit                                        Build/stm32f10x_adc.o
ADC_DiscModeChannelCountConfig                    Build/stm32f10x_adc.o
ADC_DiscModeCmd                                   Build/stm32f10x_adc.o
ADC_ExternalTrigConvCmd                           Build/stm32f10x_adc.o
ADC_ExternalTrigInjectedConvCmd                   Build/stm32f10x_adc.o
ADC_ExternalTrigInjectedConvConfig                Build/stm32f10x_adc.o
ADC_GetCalibrationStatus                          Build/stm32f10x_adc.o
ADC_GetConversionValue                            Build/stm32f10x_adc.o
ADC_GetDualModeConversionValue                    Build/stm32f10x_adc.o
ADC_GetFlagStatus                                 Build/stm32f10x_adc.o
ADC_GetITStatus                                   Build/stm32f10x_adc.o
ADC_GetInjectedConversionValue                    Build/stm32f10x_adc.o
ADC_GetResetCalibrationStatus                     Build/stm32f10x_adc.o
ADC_GetSoftwareStartConvStatus                    Build/stm32f10x_adc.o
ADC_GetSoftwareStartInjectedConvCmdStatus         Build/stm32f10x_adc.o
ADC_ITConfig                                      Build/stm32f10x_adc.o
ADC_Init                                          Build/stm32f10x_adc.o
ADC_InjectedChannelConfig                         Build/stm32f10x_adc.o
ADC_InjectedDiscModeCmd                           Build/stm32f10x_adc.o
ADC_InjectedSequencerLengthConfig                 Build/stm32f10x_adc.o
ADC_RegularChannelConfig                          Build/stm32f10x_adc.o
ADC_ResetCalibration                              Build/stm32f10x_adc.o
ADC_SetInjectedOffset                             Build/stm32f10x_adc.o
ADC_SoftwareStartConvCmd                          Build/stm32f10x_adc.o
ADC_SoftwareStartInjectedConvCmd                  Build/stm32f10x_adc.o
ADC_StartCalibration                              Build/stm32f10x_adc.o
ADC_StructInit                                    Build/stm32f10x_adc.o
ADC_TempSensorVrefintCmd                          Build/stm32f10x_adc.o
AHBPrescTable                                     Build/system_stm32f10x.o
BKP_ClearFlag                                     Build/stm32f10x_bkp.o
BKP_ClearITPendingBit                             Build/stm32f10x_bkp.o
BKP_DeInit                                        Build/stm32f10x_bkp.o
BKP_GetFlagStatus                                 Build/stm32f10x_bkp.o
BKP_GetITStatus                                   Build/stm32f10x_bkp.o
BKP_ITConfig                                      Build/stm32f10x_bkp.o
BKP_RTCOutputConfig                               Build/stm32f10x_bkp.o
BKP_ReadBackupRegister                            Build/stm32f10x_bkp.o
BKP_SetRTCCalibrationValue                        Build/stm32f10x_bkp.o
BKP_TamperPinCmd                                  Build/stm32f10x_bkp.o
BKP_TamperPinLevelConfig                          Build/stm32f10x_bkp.o
BKP_WriteBackupRegister                           Build/stm32f10x_bkp.o
BusFault_Handler                                  Build/stm32f10x_it.o
CAN1_RX1_IRQHandler                               Build/startup_stm32f10x_hd.o
CAN1_SCE_IRQHandler                               Build/startup_stm32f10x_hd.o
CAN_CancelTransmit                                Build/stm32f10x_can.o
CAN_ClearFlag                                     Build/stm32f10x_can.o
CAN_ClearITPendingBit                             Build/stm32f10x_can.o
CAN_DBGFreeze                                     Build/stm32f10x_can.o
CAN_DeInit                                        Build/stm32f10x_can.o
CAN_FIFORelease                                   Build/stm32f10x_can.o
CAN_FilterInit                                    Build/stm32f10x_can.o
CAN_GetFlagStatus                                 Build/stm32f10x_can.o
CAN_GetITStatus                                   Build/stm32f10x_can.o
CAN_GetLSBTransmitErrorCounter                    Build/stm32f10x_can.o
CAN_GetLastErrorCode                              Build/stm32f10x_can.o
CAN_GetReceiveErrorCounter                        Build/stm32f10x_can.o
CAN_ITConfig                                      Build/stm32f10x_can.o
CAN_Init                                          Build/stm32f10x_can.o
CAN_MessagePending                                Build/stm32f10x_can.o
CAN_OperatingModeRequest                          Build/stm32f10x_can.o
CAN_Receive                                       Build/stm32f10x_can.o
CAN_SlaveStartBank                                Build/stm32f10x_can.o
CAN_Sleep                                         Build/stm32f10x_can.o
CAN_StructInit                                    Build/stm32f10x_can.o
CAN_TTComModeCmd                                  Build/stm32f10x_can.o
CAN_Transmit                                      Build/stm32f10x_can.o
CAN_TransmitStatus                                Build/stm32f10x_can.o
CAN_WakeUp                                        Build/stm32f10x_can.o
CEC_ClearFlag                                     Build/stm32f10x_cec.o
CEC_ClearITPendingBit                             Build/stm32f10x_cec.o
CEC_Cmd                                           Build/stm32f10x_cec.o
CEC_DeInit                                        Build/stm32f10x_cec.o
CEC_EndOfMessageCmd                               Build/stm32f10x_cec.o
CEC_GetFlagStatus                                 Build/stm32f10x_cec.o
CEC_GetITStatus                                   Build/stm32f10x_cec.o
CEC_ITConfig                                      Build/stm32f10x_cec.o
CEC_Init                                          Build/stm32f10x_cec.o
CEC_OwnAddressConfig                              Build/stm32f10x_cec.o
CEC_ReceiveDataByte                               Build/stm32f10x_cec.o
CEC_SendDataByte                                  Build/stm32f10x_cec.o
CEC_SetPrescaler                                  Build/stm32f10x_cec.o
CEC_StartOfMessage                                Build/stm32f10x_cec.o
CRC_CalcBlockCRC                                  Build/stm32f10x_crc.o
CRC_CalcCRC                                       Build/stm32f10x_crc.o
CRC_GetCRC                                        Build/stm32f10x_crc.o
CRC_GetIDRegister                                 Build/stm32f10x_crc.o
CRC_ResetDR                                       Build/stm32f10x_crc.o
CRC_SetIDRegister                                 Build/stm32f10x_crc.o
DAC_Cmd                                           Build/stm32f10x_dac.o
DAC_DMACmd                                        Build/stm32f10x_dac.o
DAC_DeInit                                        Build/stm32f10x_dac.o
DAC_DualSoftwareTriggerCmd                        Build/stm32f10x_dac.o
DAC_GetDataOutputValue                            Build/stm32f10x_dac.o
DAC_Init                                          Build/stm32f10x_dac.o
DAC_SetChannel1Data                               Build/stm32f10x_dac.o
DAC_SetChannel2Data                               Build/stm32f10x_dac.o
DAC_SetDualChannelData                            Build/stm32f10x_dac.o
DAC_SoftwareTriggerCmd                            Build/stm32f10x_dac.o
DAC_StructInit                                    Build/stm32f10x_dac.o
DAC_WaveGenerationCmd                             Build/stm32f10x_dac.o
DBGMCU_Config                                     Build/stm32f10x_dbgmcu.o
DBGMCU_GetDEVID                                   Build/stm32f10x_dbgmcu.o
DBGMCU_GetREVID                                   Build/stm32f10x_dbgmcu.o
DMA1_Channel1_IRQHandler                          Build/startup_stm32f10x_hd.o
DMA1_Channel2_IRQHandler                          Build/startup_stm32f10x_hd.o
DMA1_Channel3_IRQHandler                          Build/startup_stm32f10x_hd.o
DMA1_Channel4_IRQHandler                          Build/startup_stm32f10x_hd.o
DMA1_Channel5_IRQHandler                          Build/startup_stm32f10x_hd.o
DMA1_Channel6_IRQHandler                          Build/startup_stm32f10x_hd.o
DMA1_Channel7_IRQHandler                          Build/startup_stm32f10x_hd.o
DMA2_Channel1_IRQHandler                          Build/startup_stm32f10x_hd.o
DMA2_Channel2_IRQHandler                          Build/startup_stm32f10x_hd.o
DMA2_Channel3_IRQHandler                          Build/startup_stm32f10x_hd.o
DMA2_Channel4_5_IRQHandler                        Build/startup_stm32f10x_hd.o
DMA_ClearFlag                                     Build/stm32f10x_dma.o
DMA_ClearITPendingBit                             Build/stm32f10x_dma.o
DMA_Cmd                                           Build/stm32f10x_dma.o
DMA_DeInit                                        Build/stm32f10x_dma.o
DMA_GetCurrDataCounter                            Build/stm32f10x_dma.o
DMA_GetFlagStatus                                 Build/stm32f10x_dma.o
DMA_GetITStatus                                   Build/stm32f10x_dma.o
DMA_ITConfig                                      Build/stm32f10x_dma.o
DMA_Init                                          Build/stm32f10x_dma.o
DMA_SetCurrDataCounter                            Build/stm32f10x_dma.o
DMA_StructInit                                    Build/stm32f10x_dma.o
DebugMon_Handler                                  Build/stm32f10x_it.o
Default_Handler                                   Build/startup_stm32f10x_hd.o
EXTI0_IRQHandler                                  Build/startup_stm32f10x_hd.o
EXTI15_10_IRQHandler                              Build/startup_stm32f10x_hd.o
EXTI1_IRQHandler                                  Build/startup_stm32f10x_hd.o
EXTI2_IRQHandler                                  Build/startup_stm32f10x_hd.o
EXTI3_IRQHandler                                  Build/startup_stm32f10x_hd.o
EXTI4_IRQHandler                                  Build/startup_stm32f10x_hd.o
EXTI9_5_IRQHandler                                Build/startup_stm32f10x_hd.o
EXTI_ClearFlag                                    Build/stm32f10x_exti.o
EXTI_ClearITPendingBit                            Build/stm32f10x_exti.o
EXTI_DeInit                                       Build/stm32f10x_exti.o
EXTI_GenerateSWInterrupt                          Build/stm32f10x_exti.o
EXTI_GetFlagStatus                                Build/stm32f10x_exti.o
EXTI_GetITStatus                                  Build/stm32f10x_exti.o
EXTI_Init                                         Build/stm32f10x_exti.o
EXTI_StructInit                                   Build/stm32f10x_exti.o
FLASH_ClearFlag                                   Build/stm32f10x_flash.o
FLASH_EnableWriteProtection                       Build/stm32f10x_flash.o
FLASH_EraseAllBank1Pages                          Build/stm32f10x_flash.o
FLASH_EraseAllPages                               Build/stm32f10x_flash.o
FLASH_EraseOptionBytes                            Build/stm32f10x_flash.o
FLASH_ErasePage                                   Build/stm32f10x_flash.o
FLASH_GetBank1Status                              Build/stm32f10x_flash.o
FLASH_GetFlagStatus                               Build/stm32f10x_flash.o
FLASH_GetPrefetchBufferStatus                     Build/stm32f10x_flash.o
FLASH_GetReadOutProtectionStatus                  Build/stm32f10x_flash.o
FLASH_GetStatus                                   Build/stm32f10x_flash.o
FLASH_GetUserOptionByte                           Build/stm32f10x_flash.o
FLASH_GetWriteProtectionOptionByte                Build/stm32f10x_flash.o
FLASH_HalfCycleAccessCmd                          Build/stm32f10x_flash.o
FLASH_IRQHandler                                  Build/startup_stm32f10x_hd.o
FLASH_ITConfig                                    Build/stm32f10x_flash.o
FLASH_Lock                                        Build/stm32f10x_flash.o
FLASH_LockBank1                                   Build/stm32f10x_flash.o
FLASH_PrefetchBufferCmd                           Build/stm32f10x_flash.o
FLASH_ProgramHalfWord                             Build/stm32f10x_flash.o
FLASH_ProgramOptionByteData                       Build/stm32f10x_flash.o
FLASH_ProgramWord                                 Build/stm32f10x_flash.o
FLASH_ReadOutProtection                           Build/stm32f10x_flash.o
FLASH_SetLatency                                  Build/stm32f10x_flash.o
FLASH_Unlock                                      Build/stm32f10x_flash.o
FLASH_UnlockBank1                                 Build/stm32f10x_flash.o
FLASH_UserOptionByteConfig                        Build/stm32f10x_flash.o
FLASH_WaitForLastBank1Operation                   Build/stm32f10x_flash.o
FLASH_WaitForLastOperation                        Build/stm32f10x_flash.o
FSMC_ClearFlag                                    Build/stm32f10x_fsmc.o
FSMC_ClearITPendingBit                            Build/stm32f10x_fsmc.o
FSMC_GetECC                                       Build/stm32f10x_fsmc.o
FSMC_GetFlagStatus                                Build/stm32f10x_fsmc.o
FSMC_GetITStatus                                  Build/stm32f10x_fsmc.o
FSMC_IRQHandler                                   Build/startup_stm32f10x_hd.o
FSMC_ITConfig                                     Build/stm32f10x_fsmc.o
FSMC_NANDCmd                                      Build/stm32f10x_fsmc.o
FSMC_NANDDeInit                                   Build/stm32f10x_fsmc.o
FSMC_NANDECCCmd                                   Build/stm32f10x_fsmc.o
FSMC_NANDInit                                     Build/stm32f10x_fsmc.o
FSMC_NANDStructInit                               Build/stm32f10x_fsmc.o
FSMC_NORSRAMCmd                                   Build/stm32f10x_fsmc.o
FSMC_NORSRAMDeInit                                Build/stm32f10x_fsmc.o
FSMC_NORSRAMInit                                  Build/stm32f10x_fsmc.o
FSMC_NORSRAMStructInit                            Build/stm32f10x_fsmc.o
FSMC_PCCARDCmd                                    Build/stm32f10x_fsmc.o
FSMC_PCCARDDeInit                                 Build/stm32f10x_fsmc.o
FSMC_PCCARDInit                                   Build/stm32f10x_fsmc.o
FSMC_PCCARDStructInit                             Build/stm32f10x_fsmc.o
GPIO_AFIODeInit                                   Build/stm32f10x_gpio.o
GPIO_DeInit                                       Build/stm32f10x_gpio.o
GPIO_ETH_MediaInterfaceConfig                     Build/stm32f10x_gpio.o
GPIO_EXTILineConfig                               Build/stm32f10x_gpio.o
GPIO_EventOutputCmd                               Build/stm32f10x_gpio.o
GPIO_EventOutputConfig                            Build/stm32f10x_gpio.o
GPIO_Init                                         Build/stm32f10x_gpio.o
                                                  Build/usart.o
                                                  Build/led.o
GPIO_PinLockConfig                                Build/stm32f10x_gpio.o
GPIO_PinRemapConfig                               Build/stm32f10x_gpio.o
GPIO_ReadInputData                                Build/stm32f10x_gpio.o
GPIO_ReadInputDataBit                             Build/stm32f10x_gpio.o
GPIO_ReadOutputData                               Build/stm32f10x_gpio.o
GPIO_ReadOutputDataBit                            Build/stm32f10x_gpio.o
GPIO_ResetBits                                    Build/stm32f10x_gpio.o
GPIO_SetBits                                      Build/stm32f10x_gpio.o
                                                  Build/led.o
GPIO_StructInit                                   Build/stm32f10x_gpio.o
GPIO_Write                                        Build/stm32f10x_gpio.o
GPIO_WriteBit                                     Build/stm32f10x_gpio.o
HardFault_Handler                                 Build/stm32f10x_it.o
I2C1_ER_IRQHandler                                Build/startup_stm32f10x_hd.o
I2C1_EV_IRQHandler                                Build/startup_stm32f10x_hd.o
I2C2_ER_IRQHandler                                Build/startup_stm32f10x_hd.o
I2C2_EV_IRQHandler                                Build/startup_stm32f10x_hd.o
I2C_ARPCmd                                        Build/stm32f10x_i2c.o
I2C_AcknowledgeConfig                             Build/stm32f10x_i2c.o
I2C_CalculatePEC                                  Build/stm32f10x_i2c.o
I2C_CheckEvent                                    Build/stm32f10x_i2c.o
I2C_ClearFlag                                     Build/stm32f10x_i2c.o
I2C_ClearITPendingBit                             Build/stm32f10x_i2c.o
I2C_Cmd                                           Build/stm32f10x_i2c.o
I2C_DMACmd                                        Build/stm32f10x_i2c.o
I2C_DMALastTransferCmd                            Build/stm32f10x_i2c.o
I2C_DeInit                                        Build/stm32f10x_i2c.o
I2C_DualAddressCmd                                Build/stm32f10x_i2c.o
I2C_FastModeDutyCycleConfig                       Build/stm32f10x_i2c.o
I2C_GeneralCallCmd                                Build/stm32f10x_i2c.o
I2C_GenerateSTART                                 Build/stm32f10x_i2c.o
I2C_GenerateSTOP                                  Build/stm32f10x_i2c.o
I2C_GetFlagStatus                                 Build/stm32f10x_i2c.o
I2C_GetITStatus                                   Build/stm32f10x_i2c.o
I2C_GetLastEvent                                  Build/stm32f10x_i2c.o
I2C_GetPEC                                        Build/stm32f10x_i2c.o
I2C_ITConfig                                      Build/stm32f10x_i2c.o
I2C_Init                                          Build/stm32f10x_i2c.o
I2C_NACKPositionConfig                            Build/stm32f10x_i2c.o
I2C_OwnAddress2Config                             Build/stm32f10x_i2c.o
I2C_PECPositionConfig                             Build/stm32f10x_i2c.o
I2C_ReadRegister                                  Build/stm32f10x_i2c.o
I2C_ReceiveData                                   Build/stm32f10x_i2c.o
I2C_SMBusAlertConfig                              Build/stm32f10x_i2c.o
I2C_Send7bitAddress                               Build/stm32f10x_i2c.o
I2C_SendData                                      Build/stm32f10x_i2c.o
I2C_SoftwareResetCmd                              Build/stm32f10x_i2c.o
I2C_StretchClockCmd                               Build/stm32f10x_i2c.o
I2C_StructInit                                    Build/stm32f10x_i2c.o
I2C_TransmitPEC                                   Build/stm32f10x_i2c.o
I2S_Cmd                                           Build/stm32f10x_spi.o
I2S_Init                                          Build/stm32f10x_spi.o
I2S_StructInit                                    Build/stm32f10x_spi.o
INTX_DISABLE                                      Build/sys.o
INTX_ENABLE                                       Build/sys.o
IWDG_Enable                                       Build/stm32f10x_iwdg.o
IWDG_GetFlagStatus                                Build/stm32f10x_iwdg.o
IWDG_ReloadCounter                                Build/stm32f10x_iwdg.o
IWDG_SetPrescaler                                 Build/stm32f10x_iwdg.o
IWDG_SetReload                                    Build/stm32f10x_iwdg.o
IWDG_WriteAccessCmd                               Build/stm32f10x_iwdg.o
LED0Task_Handler                                  Build/main.o
LED1Task_Handler                                  Build/main.o
LED_Init                                          Build/led.o
                                                  Build/main.o
MSR_MSP                                           Build/sys.o
MemManage_Handler                                 Build/stm32f10x_it.o
NMI_Handler                                       Build/stm32f10x_it.o
NVIC_Init                                         Build/misc.o
                                                  Build/usart.o
NVIC_PriorityGroupConfig                          Build/misc.o
                                                  Build/main.o
NVIC_SetVectorTable                               Build/misc.o
NVIC_SystemLPConfig                               Build/misc.o
PVD_IRQHandler                                    Build/startup_stm32f10x_hd.o
PWR_BackupAccessCmd                               Build/stm32f10x_pwr.o
PWR_ClearFlag                                     Build/stm32f10x_pwr.o
PWR_DeInit                                        Build/stm32f10x_pwr.o
PWR_EnterSTANDBYMode                              Build/stm32f10x_pwr.o
PWR_EnterSTOPMode                                 Build/stm32f10x_pwr.o
PWR_GetFlagStatus                                 Build/stm32f10x_pwr.o
PWR_PVDCmd                                        Build/stm32f10x_pwr.o
PWR_PVDLevelConfig                                Build/stm32f10x_pwr.o
PWR_WakeUpPinCmd                                  Build/stm32f10x_pwr.o
PendSV_Handler                                    Build/startup_stm32f10x_hd.o
RCC_ADCCLKConfig                                  Build/stm32f10x_rcc.o
RCC_AHBPeriphClockCmd                             Build/stm32f10x_rcc.o
RCC_APB1PeriphClockCmd                            Build/stm32f10x_rcc.o
RCC_APB1PeriphResetCmd                            Build/stm32f10x_rcc.o
                                                  Build/stm32f10x_wwdg.o
                                                  Build/stm32f10x_usart.o
                                                  Build/stm32f10x_tim.o
                                                  Build/stm32f10x_spi.o
                                                  Build/stm32f10x_pwr.o
                                                  Build/stm32f10x_i2c.o
                                                  Build/stm32f10x_dac.o
                                                  Build/stm32f10x_cec.o
                                                  Build/stm32f10x_can.o
RCC_APB2PeriphClockCmd                            Build/stm32f10x_rcc.o
                                                  Build/usart.o
                                                  Build/led.o
RCC_APB2PeriphResetCmd                            Build/stm32f10x_rcc.o
                                                  Build/stm32f10x_usart.o
                                                  Build/stm32f10x_tim.o
                                                  Build/stm32f10x_spi.o
                                                  Build/stm32f10x_gpio.o
                                                  Build/stm32f10x_adc.o
RCC_AdjustHSICalibrationValue                     Build/stm32f10x_rcc.o
RCC_BackupResetCmd                                Build/stm32f10x_rcc.o
                                                  Build/stm32f10x_bkp.o
RCC_ClearFlag                                     Build/stm32f10x_rcc.o
RCC_ClearITPendingBit                             Build/stm32f10x_rcc.o
RCC_ClockSecuritySystemCmd                        Build/stm32f10x_rcc.o
RCC_DeInit                                        Build/stm32f10x_rcc.o
RCC_GetClocksFreq                                 Build/stm32f10x_rcc.o
                                                  Build/stm32f10x_usart.o
                                                  Build/stm32f10x_spi.o
                                                  Build/stm32f10x_i2c.o
RCC_GetFlagStatus                                 Build/stm32f10x_rcc.o
RCC_GetITStatus                                   Build/stm32f10x_rcc.o
RCC_GetSYSCLKSource                               Build/stm32f10x_rcc.o
RCC_HCLKConfig                                    Build/stm32f10x_rcc.o
RCC_HSEConfig                                     Build/stm32f10x_rcc.o
RCC_HSICmd                                        Build/stm32f10x_rcc.o
RCC_IRQHandler                                    Build/startup_stm32f10x_hd.o
RCC_ITConfig                                      Build/stm32f10x_rcc.o
RCC_LSEConfig                                     Build/stm32f10x_rcc.o
RCC_LSICmd                                        Build/stm32f10x_rcc.o
RCC_MCOConfig                                     Build/stm32f10x_rcc.o
RCC_PCLK1Config                                   Build/stm32f10x_rcc.o
RCC_PCLK2Config                                   Build/stm32f10x_rcc.o
RCC_PLLCmd                                        Build/stm32f10x_rcc.o
RCC_PLLConfig                                     Build/stm32f10x_rcc.o
RCC_RTCCLKCmd                                     Build/stm32f10x_rcc.o
RCC_RTCCLKConfig                                  Build/stm32f10x_rcc.o
RCC_SYSCLKConfig                                  Build/stm32f10x_rcc.o
RCC_USBCLKConfig                                  Build/stm32f10x_rcc.o
RCC_WaitForHSEStartUp                             Build/stm32f10x_rcc.o
RTCAlarm_IRQHandler                               Build/startup_stm32f10x_hd.o
RTC_ClearFlag                                     Build/stm32f10x_rtc.o
RTC_ClearITPendingBit                             Build/stm32f10x_rtc.o
RTC_EnterConfigMode                               Build/stm32f10x_rtc.o
RTC_ExitConfigMode                                Build/stm32f10x_rtc.o
RTC_GetCounter                                    Build/stm32f10x_rtc.o
RTC_GetDivider                                    Build/stm32f10x_rtc.o
RTC_GetFlagStatus                                 Build/stm32f10x_rtc.o
RTC_GetITStatus                                   Build/stm32f10x_rtc.o
RTC_IRQHandler                                    Build/startup_stm32f10x_hd.o
RTC_ITConfig                                      Build/stm32f10x_rtc.o
RTC_SetAlarm                                      Build/stm32f10x_rtc.o
RTC_SetCounter                                    Build/stm32f10x_rtc.o
RTC_SetPrescaler                                  Build/stm32f10x_rtc.o
RTC_WaitForLastTask                               Build/stm32f10x_rtc.o
RTC_WaitForSynchro                                Build/stm32f10x_rtc.o
Reset_Handler                                     Build/startup_stm32f10x_hd.o
SDIO_CEATAITCmd                                   Build/stm32f10x_sdio.o
SDIO_ClearFlag                                    Build/stm32f10x_sdio.o
SDIO_ClearITPendingBit                            Build/stm32f10x_sdio.o
SDIO_ClockCmd                                     Build/stm32f10x_sdio.o
SDIO_CmdStructInit                                Build/stm32f10x_sdio.o
SDIO_CommandCompletionCmd                         Build/stm32f10x_sdio.o
SDIO_DMACmd                                       Build/stm32f10x_sdio.o
SDIO_DataConfig                                   Build/stm32f10x_sdio.o
SDIO_DataStructInit                               Build/stm32f10x_sdio.o
SDIO_DeInit                                       Build/stm32f10x_sdio.o
SDIO_GetCommandResponse                           Build/stm32f10x_sdio.o
SDIO_GetDataCounter                               Build/stm32f10x_sdio.o
SDIO_GetFIFOCount                                 Build/stm32f10x_sdio.o
SDIO_GetFlagStatus                                Build/stm32f10x_sdio.o
SDIO_GetITStatus                                  Build/stm32f10x_sdio.o
SDIO_GetPowerState                                Build/stm32f10x_sdio.o
SDIO_GetResponse                                  Build/stm32f10x_sdio.o
SDIO_IRQHandler                                   Build/startup_stm32f10x_hd.o
SDIO_ITConfig                                     Build/stm32f10x_sdio.o
SDIO_Init                                         Build/stm32f10x_sdio.o
SDIO_ReadData                                     Build/stm32f10x_sdio.o
SDIO_SendCEATACmd                                 Build/stm32f10x_sdio.o
SDIO_SendCommand                                  Build/stm32f10x_sdio.o
SDIO_SendSDIOSuspendCmd                           Build/stm32f10x_sdio.o
SDIO_SetPowerState                                Build/stm32f10x_sdio.o
SDIO_SetSDIOOperation                             Build/stm32f10x_sdio.o
SDIO_SetSDIOReadWaitMode                          Build/stm32f10x_sdio.o
SDIO_StartSDIOReadWait                            Build/stm32f10x_sdio.o
SDIO_StopSDIOReadWait                             Build/stm32f10x_sdio.o
SDIO_StructInit                                   Build/stm32f10x_sdio.o
SDIO_WriteData                                    Build/stm32f10x_sdio.o
SPI1_IRQHandler                                   Build/startup_stm32f10x_hd.o
SPI2_IRQHandler                                   Build/startup_stm32f10x_hd.o
SPI3_IRQHandler                                   Build/startup_stm32f10x_hd.o
SPI_BiDirectionalLineConfig                       Build/stm32f10x_spi.o
SPI_CalculateCRC                                  Build/stm32f10x_spi.o
SPI_Cmd                                           Build/stm32f10x_spi.o
SPI_DataSizeConfig                                Build/stm32f10x_spi.o
SPI_GetCRC                                        Build/stm32f10x_spi.o
SPI_GetCRCPolynomial                              Build/stm32f10x_spi.o
SPI_I2S_ClearFlag                                 Build/stm32f10x_spi.o
SPI_I2S_ClearITPendingBit                         Build/stm32f10x_spi.o
SPI_I2S_DMACmd                                    Build/stm32f10x_spi.o
SPI_I2S_DeInit                                    Build/stm32f10x_spi.o
SPI_I2S_GetFlagStatus                             Build/stm32f10x_spi.o
SPI_I2S_GetITStatus                               Build/stm32f10x_spi.o
SPI_I2S_ITConfig                                  Build/stm32f10x_spi.o
SPI_I2S_ReceiveData                               Build/stm32f10x_spi.o
SPI_I2S_SendData                                  Build/stm32f10x_spi.o
SPI_Init                                          Build/stm32f10x_spi.o
SPI_NSSInternalSoftwareConfig                     Build/stm32f10x_spi.o
SPI_SSOutputCmd                                   Build/stm32f10x_spi.o
SPI_StructInit                                    Build/stm32f10x_spi.o
SPI_TransmitCRC                                   Build/stm32f10x_spi.o
SVC_Handler                                       Build/startup_stm32f10x_hd.o
StartTask_Handler                                 Build/main.o
SysTick_CLKSourceConfig                           Build/misc.o
                                                  Build/delay.o
SysTick_Handler                                   Build/delay.o
SystemCoreClock                                   Build/system_stm32f10x.o
                                                  Build/delay.o
SystemCoreClockUpdate                             Build/system_stm32f10x.o
SystemInit                                        Build/system_stm32f10x.o
                                                  Build/startup_stm32f10x_hd.o
TAMPER_IRQHandler                                 Build/startup_stm32f10x_hd.o
TIM1_BRK_IRQHandler                               Build/startup_stm32f10x_hd.o
TIM1_CC_IRQHandler                                Build/startup_stm32f10x_hd.o
TIM1_TRG_COM_IRQHandler                           Build/startup_stm32f10x_hd.o
TIM1_UP_IRQHandler                                Build/startup_stm32f10x_hd.o
TIM2_IRQHandler                                   Build/startup_stm32f10x_hd.o
TIM3_IRQHandler                                   Build/startup_stm32f10x_hd.o
TIM4_IRQHandler                                   Build/startup_stm32f10x_hd.o
TIM5_IRQHandler                                   Build/startup_stm32f10x_hd.o
TIM6_IRQHandler                                   Build/startup_stm32f10x_hd.o
TIM7_IRQHandler                                   Build/startup_stm32f10x_hd.o
TIM8_BRK_IRQHandler                               Build/startup_stm32f10x_hd.o
TIM8_CC_IRQHandler                                Build/startup_stm32f10x_hd.o
TIM8_TRG_COM_IRQHandler                           Build/startup_stm32f10x_hd.o
TIM8_UP_IRQHandler                                Build/startup_stm32f10x_hd.o
TIM_ARRPreloadConfig                              Build/stm32f10x_tim.o
TIM_BDTRConfig                                    Build/stm32f10x_tim.o
TIM_BDTRStructInit                                Build/stm32f10x_tim.o
TIM_CCPreloadControl                              Build/stm32f10x_tim.o
TIM_CCxCmd                                        Build/stm32f10x_tim.o
TIM_CCxNCmd                                       Build/stm32f10x_tim.o
TIM_ClearFlag                                     Build/stm32f10x_tim.o
TIM_ClearITPendingBit                             Build/stm32f10x_tim.o
TIM_ClearOC1Ref                                   Build/stm32f10x_tim.o
TIM_ClearOC2Ref                                   Build/stm32f10x_tim.o
TIM_ClearOC3Ref                                   Build/stm32f10x_tim.o
TIM_ClearOC4Ref                                   Build/stm32f10x_tim.o
TIM_Cmd                                           Build/stm32f10x_tim.o
TIM_CounterModeConfig                             Build/stm32f10x_tim.o
TIM_CtrlPWMOutputs                                Build/stm32f10x_tim.o
TIM_DMACmd                                        Build/stm32f10x_tim.o
TIM_DMAConfig                                     Build/stm32f10x_tim.o
TIM_DeInit                                        Build/stm32f10x_tim.o
TIM_ETRClockMode1Config                           Build/stm32f10x_tim.o
TIM_ETRClockMode2Config                           Build/stm32f10x_tim.o
TIM_ETRConfig                                     Build/stm32f10x_tim.o
TIM_EncoderInterfaceConfig                        Build/stm32f10x_tim.o
TIM_ForcedOC1Config                               Build/stm32f10x_tim.o
TIM_ForcedOC2Config                               Build/stm32f10x_tim.o
TIM_ForcedOC3Config                               Build/stm32f10x_tim.o
TIM_ForcedOC4Config                               Build/stm32f10x_tim.o
TIM_GenerateEvent                                 Build/stm32f10x_tim.o
TIM_GetCapture1                                   Build/stm32f10x_tim.o
TIM_GetCapture2                                   Build/stm32f10x_tim.o
TIM_GetCapture3                                   Build/stm32f10x_tim.o
TIM_GetCapture4                                   Build/stm32f10x_tim.o
TIM_GetCounter                                    Build/stm32f10x_tim.o
TIM_GetFlagStatus                                 Build/stm32f10x_tim.o
TIM_GetITStatus                                   Build/stm32f10x_tim.o
TIM_GetPrescaler                                  Build/stm32f10x_tim.o
TIM_ICInit                                        Build/stm32f10x_tim.o
TIM_ICStructInit                                  Build/stm32f10x_tim.o
TIM_ITConfig                                      Build/stm32f10x_tim.o
TIM_ITRxExternalClockConfig                       Build/stm32f10x_tim.o
TIM_InternalClockConfig                           Build/stm32f10x_tim.o
TIM_OC1FastConfig                                 Build/stm32f10x_tim.o
TIM_OC1Init                                       Build/stm32f10x_tim.o
TIM_OC1NPolarityConfig                            Build/stm32f10x_tim.o
TIM_OC1PolarityConfig                             Build/stm32f10x_tim.o
TIM_OC1PreloadConfig                              Build/stm32f10x_tim.o
TIM_OC2FastConfig                                 Build/stm32f10x_tim.o
TIM_OC2Init                                       Build/stm32f10x_tim.o
TIM_OC2NPolarityConfig                            Build/stm32f10x_tim.o
TIM_OC2PolarityConfig                             Build/stm32f10x_tim.o
TIM_OC2PreloadConfig                              Build/stm32f10x_tim.o
TIM_OC3FastConfig                                 Build/stm32f10x_tim.o
TIM_OC3Init                                       Build/stm32f10x_tim.o
TIM_OC3NPolarityConfig                            Build/stm32f10x_tim.o
TIM_OC3PolarityConfig                             Build/stm32f10x_tim.o
TIM_OC3PreloadConfig                              Build/stm32f10x_tim.o
TIM_OC4FastConfig                                 Build/stm32f10x_tim.o
TIM_OC4Init                                       Build/stm32f10x_tim.o
TIM_OC4PolarityConfig                             Build/stm32f10x_tim.o
TIM_OC4PreloadConfig                              Build/stm32f10x_tim.o
TIM_OCStructInit                                  Build/stm32f10x_tim.o
TIM_PWMIConfig                                    Build/stm32f10x_tim.o
TIM_PrescalerConfig                               Build/stm32f10x_tim.o
TIM_SelectCCDMA                                   Build/stm32f10x_tim.o
TIM_SelectCOM                                     Build/stm32f10x_tim.o
TIM_SelectHallSensor                              Build/stm32f10x_tim.o
TIM_SelectInputTrigger                            Build/stm32f10x_tim.o
TIM_SelectMasterSlaveMode                         Build/stm32f10x_tim.o
TIM_SelectOCxM                                    Build/stm32f10x_tim.o
TIM_SelectOnePulseMode                            Build/stm32f10x_tim.o
TIM_SelectOutputTrigger                           Build/stm32f10x_tim.o
TIM_SelectSlaveMode                               Build/stm32f10x_tim.o
TIM_SetAutoreload                                 Build/stm32f10x_tim.o
TIM_SetClockDivision                              Build/stm32f10x_tim.o
TIM_SetCompare1                                   Build/stm32f10x_tim.o
TIM_SetCompare2                                   Build/stm32f10x_tim.o
TIM_SetCompare3                                   Build/stm32f10x_tim.o
TIM_SetCompare4                                   Build/stm32f10x_tim.o
TIM_SetCounter                                    Build/stm32f10x_tim.o
TIM_SetIC1Prescaler                               Build/stm32f10x_tim.o
TIM_SetIC2Prescaler                               Build/stm32f10x_tim.o
TIM_SetIC3Prescaler                               Build/stm32f10x_tim.o
TIM_SetIC4Prescaler                               Build/stm32f10x_tim.o
TIM_TIxExternalClockConfig                        Build/stm32f10x_tim.o
TIM_TimeBaseInit                                  Build/stm32f10x_tim.o
TIM_TimeBaseStructInit                            Build/stm32f10x_tim.o
TIM_UpdateDisableConfig                           Build/stm32f10x_tim.o
TIM_UpdateRequestConfig                           Build/stm32f10x_tim.o
UART4_IRQHandler                                  Build/startup_stm32f10x_hd.o
UART5_IRQHandler                                  Build/startup_stm32f10x_hd.o
USART1_IRQHandler                                 Build/usart.o
USART2_IRQHandler                                 Build/startup_stm32f10x_hd.o
USART3_IRQHandler                                 Build/startup_stm32f10x_hd.o
USART_ClearFlag                                   Build/stm32f10x_usart.o
USART_ClearITPendingBit                           Build/stm32f10x_usart.o
USART_ClockInit                                   Build/stm32f10x_usart.o
USART_ClockStructInit                             Build/stm32f10x_usart.o
USART_Cmd                                         Build/stm32f10x_usart.o
                                                  Build/usart.o
USART_DMACmd                                      Build/stm32f10x_usart.o
USART_DeInit                                      Build/stm32f10x_usart.o
USART_GetFlagStatus                               Build/stm32f10x_usart.o
                                                  Build/usart.o
USART_GetITStatus                                 Build/stm32f10x_usart.o
                                                  Build/usart.o
USART_HalfDuplexCmd                               Build/stm32f10x_usart.o
USART_ITConfig                                    Build/stm32f10x_usart.o
                                                  Build/usart.o
USART_Init                                        Build/stm32f10x_usart.o
                                                  Build/usart.o
USART_IrDACmd                                     Build/stm32f10x_usart.o
USART_IrDAConfig                                  Build/stm32f10x_usart.o
USART_LINBreakDetectLengthConfig                  Build/stm32f10x_usart.o
USART_LINCmd                                      Build/stm32f10x_usart.o
USART_OneBitMethodCmd                             Build/stm32f10x_usart.o
USART_OverSampling8Cmd                            Build/stm32f10x_usart.o
USART_RX_BUF                                      Build/usart.o
USART_RX_STA                                      Build/usart.o
USART_ReceiveData                                 Build/stm32f10x_usart.o
                                                  Build/usart.o
USART_ReceiverWakeUpCmd                           Build/stm32f10x_usart.o
USART_SendBreak                                   Build/stm32f10x_usart.o
USART_SendData                                    Build/stm32f10x_usart.o
                                                  Build/usart.o
USART_SetAddress                                  Build/stm32f10x_usart.o
USART_SetGuardTime                                Build/stm32f10x_usart.o
USART_SetPrescaler                                Build/stm32f10x_usart.o
USART_SmartCardCmd                                Build/stm32f10x_usart.o
USART_SmartCardNACKCmd                            Build/stm32f10x_usart.o
USART_StructInit                                  Build/stm32f10x_usart.o
USART_WakeUpConfig                                Build/stm32f10x_usart.o
USBWakeUp_IRQHandler                              Build/startup_stm32f10x_hd.o
USB_HP_CAN1_TX_IRQHandler                         Build/startup_stm32f10x_hd.o
USB_LP_CAN1_RX0_IRQHandler                        Build/startup_stm32f10x_hd.o
UsageFault_Handler                                Build/stm32f10x_it.o
WFI_SET                                           Build/sys.o
WWDG_ClearFlag                                    Build/stm32f10x_wwdg.o
WWDG_DeInit                                       Build/stm32f10x_wwdg.o
WWDG_Enable                                       Build/stm32f10x_wwdg.o
WWDG_EnableIT                                     Build/stm32f10x_wwdg.o
WWDG_GetFlagStatus                                Build/stm32f10x_wwdg.o
WWDG_IRQHandler                                   Build/startup_stm32f10x_hd.o
WWDG_SetCounter                                   Build/stm32f10x_wwdg.o
WWDG_SetPrescaler                                 Build/stm32f10x_wwdg.o
WWDG_SetWindowValue                               Build/stm32f10x_wwdg.o
_ITM_deregisterTMCloneTable                       c:/vscode_tool_chain/gcc/12.2 mpacbti-rel1/bin/../lib/gcc/arm-none-eabi/12.2.1/thumb/v7-m/nofp/crtbegin.o
_ITM_registerTMCloneTable                         c:/vscode_tool_chain/gcc/12.2 mpacbti-rel1/bin/../lib/gcc/arm-none-eabi/12.2.1/thumb/v7-m/nofp/crtbegin.o
__LDREXB                                          Build/core_cm3.o
__LDREXH                                          Build/core_cm3.o
__LDREXW                                          Build/core_cm3.o
__RBIT                                            Build/core_cm3.o
__REV                                             Build/core_cm3.o
__REV16                                           Build/core_cm3.o
__REVSH                                           Build/core_cm3.o
__STREXB                                          Build/core_cm3.o
__STREXH                                          Build/core_cm3.o
__STREXW                                          Build/core_cm3.o
__TMC_END__                                       c:/vscode_tool_chain/gcc/12.2 mpacbti-rel1/bin/../lib/gcc/arm-none-eabi/12.2.1/thumb/v7-m/nofp/crtend.o
                                                  c:/vscode_tool_chain/gcc/12.2 mpacbti-rel1/bin/../lib/gcc/arm-none-eabi/12.2.1/thumb/v7-m/nofp/crtbegin.o
__bss_end__                                       c:/vscode_tool_chain/gcc/12.2 mpacbti-rel1/bin/../lib/gcc/arm-none-eabi/12.2.1/thumb/v7-m/nofp/crt0.o
__bss_start__                                     c:/vscode_tool_chain/gcc/12.2 mpacbti-rel1/bin/../lib/gcc/arm-none-eabi/12.2.1/thumb/v7-m/nofp/crt0.o
__call_exitprocs                                  c:/vscode_tool_chain/gcc/12.2 mpacbti-rel1/bin/../lib/gcc/arm-none-eabi/12.2.1/thumb/v7-m/nofp\libc_nano.a(libc_a-exit.o)
__deregister_frame_info                           c:/vscode_tool_chain/gcc/12.2 mpacbti-rel1/bin/../lib/gcc/arm-none-eabi/12.2.1/thumb/v7-m/nofp/crtbegin.o
__dso_handle                                      c:/vscode_tool_chain/gcc/12.2 mpacbti-rel1/bin/../lib/gcc/arm-none-eabi/12.2.1/thumb/v7-m/nofp/crtbegin.o
__fp_lock_all                                     c:/vscode_tool_chain/gcc/12.2 mpacbti-rel1/bin/../lib/gcc/arm-none-eabi/12.2.1/thumb/v7-m/nofp\libc_nano.a(libc_a-findfp.o)
__fp_unlock_all                                   c:/vscode_tool_chain/gcc/12.2 mpacbti-rel1/bin/../lib/gcc/arm-none-eabi/12.2.1/thumb/v7-m/nofp\libc_nano.a(libc_a-findfp.o)
__get_BASEPRI                                     Build/core_cm3.o
__get_CONTROL                                     Build/core_cm3.o
__get_FAULTMASK                                   Build/core_cm3.o
__get_MSP                                         Build/core_cm3.o
__get_PRIMASK                                     Build/core_cm3.o
__get_PSP                                         Build/core_cm3.o
__init_array_end                                  c:/vscode_tool_chain/gcc/12.2 mpacbti-rel1/bin/../lib/gcc/arm-none-eabi/12.2.1/thumb/v7-m/nofp\libc_nano.a(libc_a-init.o)
__init_array_start                                c:/vscode_tool_chain/gcc/12.2 mpacbti-rel1/bin/../lib/gcc/arm-none-eabi/12.2.1/thumb/v7-m/nofp\libc_nano.a(libc_a-init.o)
__io_getchar                                      Build/usart.o
__io_putchar                                      Build/usart.o
__libc_fini_array                                 c:/vscode_tool_chain/gcc/12.2 mpacbti-rel1/bin/../lib/gcc/arm-none-eabi/12.2.1/thumb/v7-m/nofp/crt0.o
__libc_init_array                                 c:/vscode_tool_chain/gcc/12.2 mpacbti-rel1/bin/../lib/gcc/arm-none-eabi/12.2.1/thumb/v7-m/nofp\libc_nano.a(libc_a-init.o)
                                                  c:/vscode_tool_chain/gcc/12.2 mpacbti-rel1/bin/../lib/gcc/arm-none-eabi/12.2.1/thumb/v7-m/nofp/crt0.o
__lock___arc4random_mutex                         c:/vscode_tool_chain/gcc/12.2 mpacbti-rel1/bin/../lib/gcc/arm-none-eabi/12.2.1/thumb/v7-m/nofp\libc_nano.a(libc_a-lock.o)
__lock___at_quick_exit_mutex                      c:/vscode_tool_chain/gcc/12.2 mpacbti-rel1/bin/../lib/gcc/arm-none-eabi/12.2.1/thumb/v7-m/nofp\libc_nano.a(libc_a-lock.o)
__lock___atexit_recursive_mutex                   c:/vscode_tool_chain/gcc/12.2 mpacbti-rel1/bin/../lib/gcc/arm-none-eabi/12.2.1/thumb/v7-m/nofp\libc_nano.a(libc_a-lock.o)
__lock___dd_hash_mutex                            c:/vscode_tool_chain/gcc/12.2 mpacbti-rel1/bin/../lib/gcc/arm-none-eabi/12.2.1/thumb/v7-m/nofp\libc_nano.a(libc_a-lock.o)
__lock___env_recursive_mutex                      c:/vscode_tool_chain/gcc/12.2 mpacbti-rel1/bin/../lib/gcc/arm-none-eabi/12.2.1/thumb/v7-m/nofp\libc_nano.a(libc_a-lock.o)
__lock___malloc_recursive_mutex                   c:/vscode_tool_chain/gcc/12.2 mpacbti-rel1/bin/../lib/gcc/arm-none-eabi/12.2.1/thumb/v7-m/nofp\libc_nano.a(libc_a-lock.o)
                                                  c:/vscode_tool_chain/gcc/12.2 mpacbti-rel1/bin/../lib/gcc/arm-none-eabi/12.2.1/thumb/v7-m/nofp\libc_nano.a(libc_a-mlock.o)
__lock___sfp_recursive_mutex                      c:/vscode_tool_chain/gcc/12.2 mpacbti-rel1/bin/../lib/gcc/arm-none-eabi/12.2.1/thumb/v7-m/nofp\libc_nano.a(libc_a-lock.o)
                                                  c:/vscode_tool_chain/gcc/12.2 mpacbti-rel1/bin/../lib/gcc/arm-none-eabi/12.2.1/thumb/v7-m/nofp\libc_nano.a(libc_a-findfp.o)
__lock___tz_mutex                                 c:/vscode_tool_chain/gcc/12.2 mpacbti-rel1/bin/../lib/gcc/arm-none-eabi/12.2.1/thumb/v7-m/nofp\libc_nano.a(libc_a-lock.o)
__malloc_free_list                                c:/vscode_tool_chain/gcc/12.2 mpacbti-rel1/bin/../lib/gcc/arm-none-eabi/12.2.1/thumb/v7-m/nofp\libc_nano.a(libc_a-mallocr.o)
                                                  c:/vscode_tool_chain/gcc/12.2 mpacbti-rel1/bin/../lib/gcc/arm-none-eabi/12.2.1/thumb/v7-m/nofp\libc_nano.a(libc_a-freer.o)
__malloc_lock                                     c:/vscode_tool_chain/gcc/12.2 mpacbti-rel1/bin/../lib/gcc/arm-none-eabi/12.2.1/thumb/v7-m/nofp\libc_nano.a(libc_a-mlock.o)
                                                  c:/vscode_tool_chain/gcc/12.2 mpacbti-rel1/bin/../lib/gcc/arm-none-eabi/12.2.1/thumb/v7-m/nofp\libc_nano.a(libc_a-mallocr.o)
                                                  c:/vscode_tool_chain/gcc/12.2 mpacbti-rel1/bin/../lib/gcc/arm-none-eabi/12.2.1/thumb/v7-m/nofp\libc_nano.a(libc_a-freer.o)
__malloc_sbrk_start                               c:/vscode_tool_chain/gcc/12.2 mpacbti-rel1/bin/../lib/gcc/arm-none-eabi/12.2.1/thumb/v7-m/nofp\libc_nano.a(libc_a-mallocr.o)
__malloc_unlock                                   c:/vscode_tool_chain/gcc/12.2 mpacbti-rel1/bin/../lib/gcc/arm-none-eabi/12.2.1/thumb/v7-m/nofp\libc_nano.a(libc_a-mlock.o)
                                                  c:/vscode_tool_chain/gcc/12.2 mpacbti-rel1/bin/../lib/gcc/arm-none-eabi/12.2.1/thumb/v7-m/nofp\libc_nano.a(libc_a-mallocr.o)
                                                  c:/vscode_tool_chain/gcc/12.2 mpacbti-rel1/bin/../lib/gcc/arm-none-eabi/12.2.1/thumb/v7-m/nofp\libc_nano.a(libc_a-freer.o)
__preinit_array_end                               c:/vscode_tool_chain/gcc/12.2 mpacbti-rel1/bin/../lib/gcc/arm-none-eabi/12.2.1/thumb/v7-m/nofp\libc_nano.a(libc_a-init.o)
__preinit_array_start                             c:/vscode_tool_chain/gcc/12.2 mpacbti-rel1/bin/../lib/gcc/arm-none-eabi/12.2.1/thumb/v7-m/nofp\libc_nano.a(libc_a-init.o)
__register_frame_info                             c:/vscode_tool_chain/gcc/12.2 mpacbti-rel1/bin/../lib/gcc/arm-none-eabi/12.2.1/thumb/v7-m/nofp/crtbegin.o
__retarget_lock_acquire                           c:/vscode_tool_chain/gcc/12.2 mpacbti-rel1/bin/../lib/gcc/arm-none-eabi/12.2.1/thumb/v7-m/nofp\libc_nano.a(libc_a-lock.o)
__retarget_lock_acquire_recursive                 c:/vscode_tool_chain/gcc/12.2 mpacbti-rel1/bin/../lib/gcc/arm-none-eabi/12.2.1/thumb/v7-m/nofp\libc_nano.a(libc_a-lock.o)
                                                  c:/vscode_tool_chain/gcc/12.2 mpacbti-rel1/bin/../lib/gcc/arm-none-eabi/12.2.1/thumb/v7-m/nofp\libc_nano.a(libc_a-fflush.o)
                                                  c:/vscode_tool_chain/gcc/12.2 mpacbti-rel1/bin/../lib/gcc/arm-none-eabi/12.2.1/thumb/v7-m/nofp\libc_nano.a(libc_a-mlock.o)
                                                  c:/vscode_tool_chain/gcc/12.2 mpacbti-rel1/bin/../lib/gcc/arm-none-eabi/12.2.1/thumb/v7-m/nofp\libc_nano.a(libc_a-findfp.o)
__retarget_lock_close                             c:/vscode_tool_chain/gcc/12.2 mpacbti-rel1/bin/../lib/gcc/arm-none-eabi/12.2.1/thumb/v7-m/nofp\libc_nano.a(libc_a-lock.o)
__retarget_lock_close_recursive                   c:/vscode_tool_chain/gcc/12.2 mpacbti-rel1/bin/../lib/gcc/arm-none-eabi/12.2.1/thumb/v7-m/nofp\libc_nano.a(libc_a-lock.o)
__retarget_lock_init                              c:/vscode_tool_chain/gcc/12.2 mpacbti-rel1/bin/../lib/gcc/arm-none-eabi/12.2.1/thumb/v7-m/nofp\libc_nano.a(libc_a-lock.o)
__retarget_lock_init_recursive                    c:/vscode_tool_chain/gcc/12.2 mpacbti-rel1/bin/../lib/gcc/arm-none-eabi/12.2.1/thumb/v7-m/nofp\libc_nano.a(libc_a-lock.o)
                                                  c:/vscode_tool_chain/gcc/12.2 mpacbti-rel1/bin/../lib/gcc/arm-none-eabi/12.2.1/thumb/v7-m/nofp\libc_nano.a(libc_a-findfp.o)
__retarget_lock_release                           c:/vscode_tool_chain/gcc/12.2 mpacbti-rel1/bin/../lib/gcc/arm-none-eabi/12.2.1/thumb/v7-m/nofp\libc_nano.a(libc_a-lock.o)
__retarget_lock_release_recursive                 c:/vscode_tool_chain/gcc/12.2 mpacbti-rel1/bin/../lib/gcc/arm-none-eabi/12.2.1/thumb/v7-m/nofp\libc_nano.a(libc_a-lock.o)
                                                  c:/vscode_tool_chain/gcc/12.2 mpacbti-rel1/bin/../lib/gcc/arm-none-eabi/12.2.1/thumb/v7-m/nofp\libc_nano.a(libc_a-fflush.o)
                                                  c:/vscode_tool_chain/gcc/12.2 mpacbti-rel1/bin/../lib/gcc/arm-none-eabi/12.2.1/thumb/v7-m/nofp\libc_nano.a(libc_a-mlock.o)
                                                  c:/vscode_tool_chain/gcc/12.2 mpacbti-rel1/bin/../lib/gcc/arm-none-eabi/12.2.1/thumb/v7-m/nofp\libc_nano.a(libc_a-findfp.o)
__retarget_lock_try_acquire                       c:/vscode_tool_chain/gcc/12.2 mpacbti-rel1/bin/../lib/gcc/arm-none-eabi/12.2.1/thumb/v7-m/nofp\libc_nano.a(libc_a-lock.o)
__retarget_lock_try_acquire_recursive             c:/vscode_tool_chain/gcc/12.2 mpacbti-rel1/bin/../lib/gcc/arm-none-eabi/12.2.1/thumb/v7-m/nofp\libc_nano.a(libc_a-lock.o)
__sclose                                          c:/vscode_tool_chain/gcc/12.2 mpacbti-rel1/bin/../lib/gcc/arm-none-eabi/12.2.1/thumb/v7-m/nofp\libc_nano.a(libc_a-stdio.o)
                                                  c:/vscode_tool_chain/gcc/12.2 mpacbti-rel1/bin/../lib/gcc/arm-none-eabi/12.2.1/thumb/v7-m/nofp\libc_nano.a(libc_a-findfp.o)
__seofread                                        c:/vscode_tool_chain/gcc/12.2 mpacbti-rel1/bin/../lib/gcc/arm-none-eabi/12.2.1/thumb/v7-m/nofp\libc_nano.a(libc_a-stdio.o)
__set_BASEPRI                                     Build/core_cm3.o
__set_CONTROL                                     Build/core_cm3.o
__set_FAULTMASK                                   Build/core_cm3.o
__set_MSP                                         Build/core_cm3.o
__set_PRIMASK                                     Build/core_cm3.o
__set_PSP                                         Build/core_cm3.o
__sf                                              c:/vscode_tool_chain/gcc/12.2 mpacbti-rel1/bin/../lib/gcc/arm-none-eabi/12.2.1/thumb/v7-m/nofp\libc_nano.a(libc_a-findfp.o)
                                                  c:/vscode_tool_chain/gcc/12.2 mpacbti-rel1/bin/../lib/gcc/arm-none-eabi/12.2.1/thumb/v7-m/nofp\libc_nano.a(libc_a-impure.o)
__sflush_r                                        c:/vscode_tool_chain/gcc/12.2 mpacbti-rel1/bin/../lib/gcc/arm-none-eabi/12.2.1/thumb/v7-m/nofp\libc_nano.a(libc_a-fflush.o)
__sfp                                             c:/vscode_tool_chain/gcc/12.2 mpacbti-rel1/bin/../lib/gcc/arm-none-eabi/12.2.1/thumb/v7-m/nofp\libc_nano.a(libc_a-findfp.o)
__sfp_lock_acquire                                c:/vscode_tool_chain/gcc/12.2 mpacbti-rel1/bin/../lib/gcc/arm-none-eabi/12.2.1/thumb/v7-m/nofp\libc_nano.a(libc_a-findfp.o)
__sfp_lock_release                                c:/vscode_tool_chain/gcc/12.2 mpacbti-rel1/bin/../lib/gcc/arm-none-eabi/12.2.1/thumb/v7-m/nofp\libc_nano.a(libc_a-findfp.o)
__sglue                                           c:/vscode_tool_chain/gcc/12.2 mpacbti-rel1/bin/../lib/gcc/arm-none-eabi/12.2.1/thumb/v7-m/nofp\libc_nano.a(libc_a-findfp.o)
                                                  c:/vscode_tool_chain/gcc/12.2 mpacbti-rel1/bin/../lib/gcc/arm-none-eabi/12.2.1/thumb/v7-m/nofp\libc_nano.a(libc_a-fflush.o)
__sinit                                           c:/vscode_tool_chain/gcc/12.2 mpacbti-rel1/bin/../lib/gcc/arm-none-eabi/12.2.1/thumb/v7-m/nofp\libc_nano.a(libc_a-findfp.o)
                                                  c:/vscode_tool_chain/gcc/12.2 mpacbti-rel1/bin/../lib/gcc/arm-none-eabi/12.2.1/thumb/v7-m/nofp\libc_nano.a(libc_a-fflush.o)
__sread                                           c:/vscode_tool_chain/gcc/12.2 mpacbti-rel1/bin/../lib/gcc/arm-none-eabi/12.2.1/thumb/v7-m/nofp\libc_nano.a(libc_a-stdio.o)
                                                  c:/vscode_tool_chain/gcc/12.2 mpacbti-rel1/bin/../lib/gcc/arm-none-eabi/12.2.1/thumb/v7-m/nofp\libc_nano.a(libc_a-findfp.o)
__sseek                                           c:/vscode_tool_chain/gcc/12.2 mpacbti-rel1/bin/../lib/gcc/arm-none-eabi/12.2.1/thumb/v7-m/nofp\libc_nano.a(libc_a-stdio.o)
                                                  c:/vscode_tool_chain/gcc/12.2 mpacbti-rel1/bin/../lib/gcc/arm-none-eabi/12.2.1/thumb/v7-m/nofp\libc_nano.a(libc_a-findfp.o)
__stack                                           c:/vscode_tool_chain/gcc/12.2 mpacbti-rel1/bin/../lib/gcc/arm-none-eabi/12.2.1/thumb/v7-m/nofp/crt0.o
__stdio_exit_handler                              c:/vscode_tool_chain/gcc/12.2 mpacbti-rel1/bin/../lib/gcc/arm-none-eabi/12.2.1/thumb/v7-m/nofp\libc_nano.a(libc_a-findfp.o)
                                                  c:/vscode_tool_chain/gcc/12.2 mpacbti-rel1/bin/../lib/gcc/arm-none-eabi/12.2.1/thumb/v7-m/nofp\libc_nano.a(libc_a-exit.o)
__swrite                                          c:/vscode_tool_chain/gcc/12.2 mpacbti-rel1/bin/../lib/gcc/arm-none-eabi/12.2.1/thumb/v7-m/nofp\libc_nano.a(libc_a-stdio.o)
                                                  c:/vscode_tool_chain/gcc/12.2 mpacbti-rel1/bin/../lib/gcc/arm-none-eabi/12.2.1/thumb/v7-m/nofp\libc_nano.a(libc_a-findfp.o)
_close                                            c:/vscode_tool_chain/gcc/12.2 mpacbti-rel1/bin/../lib/gcc/arm-none-eabi/12.2.1/thumb/v7-m/nofp\libc_nano.a(libc_a-closer.o)
_close_r                                          c:/vscode_tool_chain/gcc/12.2 mpacbti-rel1/bin/../lib/gcc/arm-none-eabi/12.2.1/thumb/v7-m/nofp\libc_nano.a(libc_a-closer.o)
                                                  c:/vscode_tool_chain/gcc/12.2 mpacbti-rel1/bin/../lib/gcc/arm-none-eabi/12.2.1/thumb/v7-m/nofp\libc_nano.a(libc_a-stdio.o)
_ebss                                             Build/startup_stm32f10x_hd.o
_edata                                            Build/startup_stm32f10x_hd.o
_estack                                           Build/startup_stm32f10x_hd.o
_exit                                             c:/vscode_tool_chain/gcc/12.2 mpacbti-rel1/bin/../lib/gcc/arm-none-eabi/12.2.1/thumb/v7-m/nofp\libc_nano.a(libc_a-exit.o)
_fflush_r                                         c:/vscode_tool_chain/gcc/12.2 mpacbti-rel1/bin/../lib/gcc/arm-none-eabi/12.2.1/thumb/v7-m/nofp\libc_nano.a(libc_a-fflush.o)
                                                  c:/vscode_tool_chain/gcc/12.2 mpacbti-rel1/bin/../lib/gcc/arm-none-eabi/12.2.1/thumb/v7-m/nofp\libc_nano.a(libc_a-findfp.o)
_fini                                             c:/vscode_tool_chain/gcc/12.2 mpacbti-rel1/bin/../lib/gcc/arm-none-eabi/12.2.1/thumb/v7-m/nofp/crti.o
_free_r                                           c:/vscode_tool_chain/gcc/12.2 mpacbti-rel1/bin/../lib/gcc/arm-none-eabi/12.2.1/thumb/v7-m/nofp\libc_nano.a(libc_a-freer.o)
                                                  c:/vscode_tool_chain/gcc/12.2 mpacbti-rel1/bin/../lib/gcc/arm-none-eabi/12.2.1/thumb/v7-m/nofp\libc_nano.a(libc_a-fflush.o)
                                                  c:/vscode_tool_chain/gcc/12.2 mpacbti-rel1/bin/../lib/gcc/arm-none-eabi/12.2.1/thumb/v7-m/nofp\libc_nano.a(libc_a-reent.o)
_fwalk_sglue                                      c:/vscode_tool_chain/gcc/12.2 mpacbti-rel1/bin/../lib/gcc/arm-none-eabi/12.2.1/thumb/v7-m/nofp\libc_nano.a(libc_a-fwalk.o)
                                                  c:/vscode_tool_chain/gcc/12.2 mpacbti-rel1/bin/../lib/gcc/arm-none-eabi/12.2.1/thumb/v7-m/nofp\libc_nano.a(libc_a-fflush.o)
                                                  c:/vscode_tool_chain/gcc/12.2 mpacbti-rel1/bin/../lib/gcc/arm-none-eabi/12.2.1/thumb/v7-m/nofp\libc_nano.a(libc_a-findfp.o)
_impure_data                                      c:/vscode_tool_chain/gcc/12.2 mpacbti-rel1/bin/../lib/gcc/arm-none-eabi/12.2.1/thumb/v7-m/nofp\libc_nano.a(libc_a-impure.o)
                                                  c:/vscode_tool_chain/gcc/12.2 mpacbti-rel1/bin/../lib/gcc/arm-none-eabi/12.2.1/thumb/v7-m/nofp\libc_nano.a(libc_a-fflush.o)
                                                  c:/vscode_tool_chain/gcc/12.2 mpacbti-rel1/bin/../lib/gcc/arm-none-eabi/12.2.1/thumb/v7-m/nofp\libc_nano.a(libc_a-findfp.o)
_impure_ptr                                       c:/vscode_tool_chain/gcc/12.2 mpacbti-rel1/bin/../lib/gcc/arm-none-eabi/12.2.1/thumb/v7-m/nofp\libc_nano.a(libc_a-impure.o)
                                                  c:/vscode_tool_chain/gcc/12.2 mpacbti-rel1/bin/../lib/gcc/arm-none-eabi/12.2.1/thumb/v7-m/nofp\libc_nano.a(libc_a-fflush.o)
                                                  c:/vscode_tool_chain/gcc/12.2 mpacbti-rel1/bin/../lib/gcc/arm-none-eabi/12.2.1/thumb/v7-m/nofp\libc_nano.a(libc_a-reent.o)
_init                                             c:/vscode_tool_chain/gcc/12.2 mpacbti-rel1/bin/../lib/gcc/arm-none-eabi/12.2.1/thumb/v7-m/nofp/crti.o
                                                  c:/vscode_tool_chain/gcc/12.2 mpacbti-rel1/bin/../lib/gcc/arm-none-eabi/12.2.1/thumb/v7-m/nofp\libc_nano.a(libc_a-init.o)
_lseek                                            c:/vscode_tool_chain/gcc/12.2 mpacbti-rel1/bin/../lib/gcc/arm-none-eabi/12.2.1/thumb/v7-m/nofp\libc_nano.a(libc_a-lseekr.o)
_lseek_r                                          c:/vscode_tool_chain/gcc/12.2 mpacbti-rel1/bin/../lib/gcc/arm-none-eabi/12.2.1/thumb/v7-m/nofp\libc_nano.a(libc_a-lseekr.o)
                                                  c:/vscode_tool_chain/gcc/12.2 mpacbti-rel1/bin/../lib/gcc/arm-none-eabi/12.2.1/thumb/v7-m/nofp\libc_nano.a(libc_a-stdio.o)
_mainCRTStartup                                   c:/vscode_tool_chain/gcc/12.2 mpacbti-rel1/bin/../lib/gcc/arm-none-eabi/12.2.1/thumb/v7-m/nofp/crt0.o
_malloc_r                                         c:/vscode_tool_chain/gcc/12.2 mpacbti-rel1/bin/../lib/gcc/arm-none-eabi/12.2.1/thumb/v7-m/nofp\libc_nano.a(libc_a-mallocr.o)
                                                  c:/vscode_tool_chain/gcc/12.2 mpacbti-rel1/bin/../lib/gcc/arm-none-eabi/12.2.1/thumb/v7-m/nofp\libc_nano.a(libc_a-findfp.o)
_read                                             Build/usart.o
                                                  c:/vscode_tool_chain/gcc/12.2 mpacbti-rel1/bin/../lib/gcc/arm-none-eabi/12.2.1/thumb/v7-m/nofp\libc_nano.a(libc_a-readr.o)
_read_r                                           c:/vscode_tool_chain/gcc/12.2 mpacbti-rel1/bin/../lib/gcc/arm-none-eabi/12.2.1/thumb/v7-m/nofp\libc_nano.a(libc_a-readr.o)
                                                  c:/vscode_tool_chain/gcc/12.2 mpacbti-rel1/bin/../lib/gcc/arm-none-eabi/12.2.1/thumb/v7-m/nofp\libc_nano.a(libc_a-stdio.o)
_reclaim_reent                                    c:/vscode_tool_chain/gcc/12.2 mpacbti-rel1/bin/../lib/gcc/arm-none-eabi/12.2.1/thumb/v7-m/nofp\libc_nano.a(libc_a-reent.o)
_sbrk                                             c:/vscode_tool_chain/gcc/12.2 mpacbti-rel1/bin/../lib/gcc/arm-none-eabi/12.2.1/thumb/v7-m/nofp\libc_nano.a(libc_a-sbrkr.o)
_sbrk_r                                           c:/vscode_tool_chain/gcc/12.2 mpacbti-rel1/bin/../lib/gcc/arm-none-eabi/12.2.1/thumb/v7-m/nofp\libc_nano.a(libc_a-sbrkr.o)
                                                  c:/vscode_tool_chain/gcc/12.2 mpacbti-rel1/bin/../lib/gcc/arm-none-eabi/12.2.1/thumb/v7-m/nofp\libc_nano.a(libc_a-mallocr.o)
_sbss                                             Build/startup_stm32f10x_hd.o
_sdata                                            Build/startup_stm32f10x_hd.o
_sidata                                           Build/startup_stm32f10x_hd.o